Archive member included because of file (symbol)

C:\marmalade\6.3.0\s3e\edk\lib\android\libedk.a(edk_helpers.o)
                              release\IsChartboost_platform.os (s3eEdkThreadRunOnOS)
C:\android-ndk-r8b\sources\cxx-stl\gnu-libstdc++\4.4.3\libs\armeabi\libgnustl_static.a(del_op.o)
                              release\IsChartboost.os (operator delete(void*))
C:\android-ndk-r8b\sources\cxx-stl\gnu-libstdc++\4.4.3\libs\armeabi\libgnustl_static.a(new_opv.o)
                              release\IsChartboost.os (operator new[](unsigned int))
C:\android-ndk-r8b\sources\cxx-stl\gnu-libstdc++\4.4.3\libs\armeabi\libgnustl_static.a(eh_arm.o)
                              C:\android-ndk-r8b\sources\cxx-stl\gnu-libstdc++\4.4.3\libs\armeabi\libgnustl_static.a(new_opv.o) (__cxa_end_cleanup)
C:\android-ndk-r8b\sources\cxx-stl\gnu-libstdc++\4.4.3\libs\armeabi\libgnustl_static.a(eh_aux_runtime.o)
                              C:\android-ndk-r8b\sources\cxx-stl\gnu-libstdc++\4.4.3\libs\armeabi\libgnustl_static.a(eh_arm.o) (__cxa_bad_typeid)
C:\android-ndk-r8b\sources\cxx-stl\gnu-libstdc++\4.4.3\libs\armeabi\libgnustl_static.a(eh_call.o)
                              C:\android-ndk-r8b\sources\cxx-stl\gnu-libstdc++\4.4.3\libs\armeabi\libgnustl_static.a(new_opv.o) (__cxa_call_unexpected)
C:\android-ndk-r8b\sources\cxx-stl\gnu-libstdc++\4.4.3\libs\armeabi\libgnustl_static.a(eh_catch.o)
                              C:\android-ndk-r8b\sources\cxx-stl\gnu-libstdc++\4.4.3\libs\armeabi\libgnustl_static.a(eh_call.o) (__cxa_end_catch)
C:\android-ndk-r8b\sources\cxx-stl\gnu-libstdc++\4.4.3\libs\armeabi\libgnustl_static.a(eh_exception.o)
                              C:\android-ndk-r8b\sources\cxx-stl\gnu-libstdc++\4.4.3\libs\armeabi\libgnustl_static.a(eh_call.o) (vtable for std::bad_exception)
C:\android-ndk-r8b\sources\cxx-stl\gnu-libstdc++\4.4.3\libs\armeabi\libgnustl_static.a(eh_globals.o)
                              C:\android-ndk-r8b\sources\cxx-stl\gnu-libstdc++\4.4.3\libs\armeabi\libgnustl_static.a(eh_call.o) (__cxa_get_globals_fast)
C:\android-ndk-r8b\sources\cxx-stl\gnu-libstdc++\4.4.3\libs\armeabi\libgnustl_static.a(eh_personality.o)
                              C:\android-ndk-r8b\sources\cxx-stl\gnu-libstdc++\4.4.3\libs\armeabi\libgnustl_static.a(new_opv.o) (__gxx_personality_v0)
C:\android-ndk-r8b\sources\cxx-stl\gnu-libstdc++\4.4.3\libs\armeabi\libgnustl_static.a(eh_terminate.o)
                              C:\android-ndk-r8b\sources\cxx-stl\gnu-libstdc++\4.4.3\libs\armeabi\libgnustl_static.a(eh_call.o) (__cxxabiv1::__terminate(void (*)()))
C:\android-ndk-r8b\sources\cxx-stl\gnu-libstdc++\4.4.3\libs\armeabi\libgnustl_static.a(eh_throw.o)
                              C:\android-ndk-r8b\sources\cxx-stl\gnu-libstdc++\4.4.3\libs\armeabi\libgnustl_static.a(eh_call.o) (__cxa_rethrow)
C:\android-ndk-r8b\sources\cxx-stl\gnu-libstdc++\4.4.3\libs\armeabi\libgnustl_static.a(eh_unex_handler.o)
                              C:\android-ndk-r8b\sources\cxx-stl\gnu-libstdc++\4.4.3\libs\armeabi\libgnustl_static.a(eh_terminate.o) (__cxxabiv1::__unexpected_handler)
C:\android-ndk-r8b\sources\cxx-stl\gnu-libstdc++\4.4.3\libs\armeabi\libgnustl_static.a(fundamental_type_info.o)
                              C:\android-ndk-r8b\sources\cxx-stl\gnu-libstdc++\4.4.3\libs\armeabi\libgnustl_static.a(eh_arm.o) (typeinfo for void)
C:\android-ndk-r8b\sources\cxx-stl\gnu-libstdc++\4.4.3\libs\armeabi\libgnustl_static.a(new_handler.o)
                              C:\android-ndk-r8b\sources\cxx-stl\gnu-libstdc++\4.4.3\libs\armeabi\libgnustl_static.a(new_opv.o) (typeinfo for std::bad_alloc)
C:\android-ndk-r8b\sources\cxx-stl\gnu-libstdc++\4.4.3\libs\armeabi\libgnustl_static.a(new_op.o)
                              C:\android-ndk-r8b\sources\cxx-stl\gnu-libstdc++\4.4.3\libs\armeabi\libgnustl_static.a(new_opv.o) (operator new(unsigned int))
C:\android-ndk-r8b\sources\cxx-stl\gnu-libstdc++\4.4.3\libs\armeabi\libgnustl_static.a(pointer_type_info.o)
                              C:\android-ndk-r8b\sources\cxx-stl\gnu-libstdc++\4.4.3\libs\armeabi\libgnustl_static.a(fundamental_type_info.o) (vtable for __cxxabiv1::__pointer_type_info)
C:\android-ndk-r8b\sources\cxx-stl\gnu-libstdc++\4.4.3\libs\armeabi\libgnustl_static.a(pure.o)
                              C:\android-ndk-r8b\sources\cxx-stl\gnu-libstdc++\4.4.3\libs\armeabi\libgnustl_static.a(eh_exception.o) (__cxa_pure_virtual)
C:\android-ndk-r8b\sources\cxx-stl\gnu-libstdc++\4.4.3\libs\armeabi\libgnustl_static.a(si_class_type_info.o)
                              C:\android-ndk-r8b\sources\cxx-stl\gnu-libstdc++\4.4.3\libs\armeabi\libgnustl_static.a(eh_exception.o) (vtable for __cxxabiv1::__si_class_type_info)
C:\android-ndk-r8b\sources\cxx-stl\gnu-libstdc++\4.4.3\libs\armeabi\libgnustl_static.a(tinfo.o)
                              C:\android-ndk-r8b\sources\cxx-stl\gnu-libstdc++\4.4.3\libs\armeabi\libgnustl_static.a(fundamental_type_info.o) (std::type_info::~type_info())
[...]
Memory Configuration

Name             Origin             Length             Attributes
*default*        0x00000000         0xffffffff

Linker script and memory map

LOAD C:/android-ndk-r8b/platforms/android-9/arch-arm/usr/lib/crtbegin_so.o
LOAD release\IsChartboost_platform.os
LOAD release\IsChartboost.os
LOAD release\IsChartboost_register.os
LOAD C:\marmalade\6.3.0\s3e\edk\lib\android\libedk.a
LOAD C:\marmalade\6.3.0\s3e\edk\lib\android/libplaceholderplaceholderplaceholderplaceholderplaceholder.so
LOAD C:\android-ndk-r8b\platforms\android-9\arch-arm\usr\lib/liblog.so
LOAD C:\android-ndk-r8b\sources\cxx-stl\gnu-libstdc++\4.4.3\libs\armeabi\libgnustl_static.a
LOAD c:/android-ndk-r8b/toolchains/arm-linux-androideabi-4.4.3/prebuilt/windows/bin/../lib/gcc/arm-linux-androideabi/4.4.3\libgcc.a
LOAD C:\android-ndk-r8b\platforms\android-9\arch-arm\usr\lib/libstdc++.so
LOAD C:\android-ndk-r8b\platforms\android-9\arch-arm\usr\lib/libm.so
LOAD C:\android-ndk-r8b\platforms\android-9\arch-arm\usr\lib/libc.so
LOAD c:/android-ndk-r8b/toolchains/arm-linux-androideabi-4.4.3/prebuilt/windows/bin/../lib/gcc/arm-linux-androideabi/4.4.3\libgcc.a
LOAD C:\android-ndk-r8b\platforms\android-9\arch-arm\usr\lib/libc.so
LOAD C:\android-ndk-r8b\platforms\android-9\arch-arm\usr\lib/libdl.so
LOAD c:/android-ndk-r8b/toolchains/arm-linux-androideabi-4.4.3/prebuilt/windows/bin/../lib/gcc/arm-linux-androideabi/4.4.3\libgcc.a
LOAD C:/android-ndk-r8b/platforms/android-9/arch-arm/usr/lib/crtend_so.o
                0x000000f4                . = (0x0 + SIZEOF_HEADERS)

.note.gnu.build-id
 *(.note.gnu.build-id)

.hash           0x000000f4      0x954
 *(.hash)
 .hash          0x000000f4      0x954 C:/android-ndk-r8b/platforms/android-9/arch-arm/usr/lib/crtbegin_so.o

.gnu.hash
 *(.gnu.hash)

.dynsym         0x00000a48     0x14c0
 *(.dynsym)
 .dynsym        0x00000a48     0x14c0 C:/android-ndk-r8b/platforms/android-9/arch-arm/usr/lib/crtbegin_so.o

.dynstr         0x00001f08     0x1940
 *(.dynstr)
 .dynstr        0x00001f08     0x1940 C:/android-ndk-r8b/platforms/android-9/arch-arm/usr/lib/crtbegin_so.o

.gnu.version    0x00003848        0x0
 *(.gnu.version)
 .gnu.version   0x00000000        0x0 C:/android-ndk-r8b/platforms/android-9/arch-arm/usr/lib/crtbegin_so.o

.gnu.version_d  0x00003848        0x0
 *(.gnu.version_d)
 .gnu.version_d
                0x00000000        0x0 C:/android-ndk-r8b/platforms/android-9/arch-arm/usr/lib/crtbegin_so.o

.gnu.version_r  0x00003848        0x0
 *(.gnu.version_r)
 .gnu.version_r
                0x00000000        0x0 C:/android-ndk-r8b/platforms/android-9/arch-arm/usr/lib/crtbegin_so.o

.rel.dyn        0x00003848     0x1010
 *(.rel.init)
 *(.rel.text .rel.text.* .rel.gnu.linkonce.t.*)
 .rel.text      0x00003848       0x10 C:/android-ndk-r8b/platforms/android-9/arch-arm/usr/lib/crtbegin_so.o
 *(.rel.fini)
 *(.rel.rodata .rel.rodata.* .rel.gnu.linkonce.r.*)
 *(.rel.data.rel.ro* .rel.gnu.linkonce.d.rel.ro.*)
 .rel.data.rel.ro
                0x00003858       0x60 C:/android-ndk-r8b/platforms/android-9/arch-arm/usr/lib/crtbegin_so.o
 .rel.data.rel.ro._ZTIN10__cxxabiv115__forced_unwindE
                0x000038b8       0x10 C:/android-ndk-r8b/platforms/android-9/arch-arm/usr/lib/crtbegin_so.o
 .rel.data.rel.ro._ZTISt9exception
                0x000038c8       0x10 C:/android-ndk-r8b/platforms/android-9/arch-arm/usr/lib/crtbegin_so.o
 .rel.data.rel.ro._ZTVSt13bad_exception
                0x000038d8       0x20 C:/android-ndk-r8b/platforms/android-9/arch-arm/usr/lib/crtbegin_so.o
 .rel.data.rel.ro._ZTISt13bad_exception
                0x000038f8       0x18 C:/android-ndk-r8b/platforms/android-9/arch-arm/usr/lib/crtbegin_so.o
 .rel.data.rel.ro._ZTIN10__cxxabiv119__foreign_exceptionE
                0x00003910       0x10 C:/android-ndk-r8b/platforms/android-9/arch-arm/usr/lib/crtbegin_so.o
 .rel.data.rel.ro._ZTVN10__cxxabiv115__forced_unwindE
                0x00003920       0x20 C:/android-ndk-r8b/platforms/android-9/arch-arm/usr/lib/crtbegin_so.o
 .rel.data.rel.ro._ZTVN10__cxxabiv119__foreign_exceptionE
                0x00003940       0x20 C:/android-ndk-r8b/platforms/android-9/arch-arm/usr/lib/crtbegin_so.o
 .rel.data.rel.ro._ZTVSt9exception
                0x00003960       0x20 C:/android-ndk-r8b/platforms/android-9/arch-arm/usr/lib/crtbegin_so.o
 .rel.data.rel.ro._ZTIPKe
                0x00003980       0x18 C:/android-ndk-r8b/platforms/android-9/arch-arm/usr/lib/crtbegin_so.o
 .rel.data.rel.ro._ZTIPe
                0x00003998       0x18 C:/android-ndk-r8b/platforms/android-9/arch-arm/usr/lib/crtbegin_so.o
 .rel.data.rel.ro._ZTIe
                0x000039b0       0x10 C:/android-ndk-r8b/platforms/android-9/arch-arm/usr/lib/crtbegin_so.o
 .rel.data.rel.ro._ZTIPKd
                0x000039c0       0x18 C:/android-ndk-r8b/platforms/android-9/arch-arm/usr/lib/crtbegin_so.o
 .rel.data.rel.ro._ZTIPd
                0x000039d8       0x18 C:/android-ndk-r8b/platforms/android-9/arch-arm/usr/lib/crtbegin_so.o
 .rel.data.rel.ro._ZTId
                0x000039f0       0x10 C:/android-ndk-r8b/platforms/android-9/arch-arm/usr/lib/crtbegin_so.o
 .rel.data.rel.ro._ZTIPKf
                0x00003a00       0x18 C:/android-ndk-r8b/platforms/android-9/arch-arm/usr/lib/crtbegin_so.o
 .rel.data.rel.ro._ZTIPf
                0x00003a18       0x18 C:/android-ndk-r8b/platforms/android-9/arch-arm/usr/lib/crtbegin_so.o
 .rel.data.rel.ro._ZTIf
                0x00003a30       0x10 C:/android-ndk-r8b/platforms/android-9/arch-arm/usr/lib/crtbegin_so.o
 .rel.data.rel.ro._ZTIPKy
                0x00003a40       0x18 C:/android-ndk-r8b/platforms/android-9/arch-arm/usr/lib/crtbegin_so.o
 .rel.data.rel.ro._ZTIPy
                0x00003a58       0x18 C:/android-ndk-r8b/platforms/android-9/arch-arm/usr/lib/crtbegin_so.o
 .rel.data.rel.ro._ZTIy
                0x00003a70       0x10 C:/android-ndk-r8b/platforms/android-9/arch-arm/usr/lib/crtbegin_so.o
 .rel.data.rel.ro._ZTIPKx
                0x00003a80       0x18 C:/android-ndk-r8b/platforms/android-9/arch-arm/usr/lib/crtbegin_so.o
 .rel.data.rel.ro._ZTIPx
                0x00003a98       0x18 C:/android-ndk-r8b/platforms/android-9/arch-arm/usr/lib/crtbegin_so.o
 .rel.data.rel.ro._ZTIx
                0x00003ab0       0x10 C:/android-ndk-r8b/platforms/android-9/arch-arm/usr/lib/crtbegin_so.o
 .rel.data.rel.ro._ZTIPKm
                0x00003ac0       0x18 C:/android-ndk-r8b/platforms/android-9/arch-arm/usr/lib/crtbegin_so.o
 .rel.data.rel.ro._ZTIPm
                0x00003ad8       0x18 C:/android-ndk-r8b/platforms/android-9/arch-arm/usr/lib/crtbegin_so.o
 .rel.data.rel.ro._ZTIm
                0x00003af0       0x10 C:/android-ndk-r8b/platforms/android-9/arch-arm/usr/lib/crtbegin_so.o
 .rel.data.rel.ro._ZTIPKl
                0x00003b00       0x18 C:/android-ndk-r8b/platforms/android-9/arch-arm/usr/lib/crtbegin_so.o
 .rel.data.rel.ro._ZTIPl
                0x00003b18       0x18 C:/android-ndk-r8b/platforms/android-9/arch-arm/usr/lib/crtbegin_so.o
 .rel.data.rel.ro._ZTIl
                0x00003b30       0x10 C:/android-ndk-r8b/platforms/android-9/arch-arm/usr/lib/crtbegin_so.o
 .rel.data.rel.ro._ZTIPKj
                0x00003b40       0x18 C:/android-ndk-r8b/platforms/android-9/arch-arm/usr/lib/crtbegin_so.o
 .rel.data.rel.ro._ZTIPj
                0x00003b58       0x18 C:/android-ndk-r8b/platforms/android-9/arch-arm/usr/lib/crtbegin_so.o
 .rel.data.rel.ro._ZTIj
                0x00003b70       0x10 C:/android-ndk-r8b/platforms/android-9/arch-arm/usr/lib/crtbegin_so.o
 .rel.data.rel.ro._ZTIPKi
                0x00003b80       0x18 C:/android-ndk-r8b/platforms/android-9/arch-arm/usr/lib/crtbegin_so.o
 .rel.data.rel.ro._ZTIPi
                0x00003b98       0x18 C:/android-ndk-r8b/platforms/android-9/arch-arm/usr/lib/crtbegin_so.o
 .rel.data.rel.ro._ZTIi
                0x00003bb0       0x10 C:/android-ndk-r8b/platforms/android-9/arch-arm/usr/lib/crtbegin_so.o
 .rel.data.rel.ro._ZTIPKt
                0x00003bc0       0x18 C:/android-ndk-r8b/platforms/android-9/arch-arm/usr/lib/crtbegin_so.o
 .rel.data.rel.ro._ZTIPt
                0x00003bd8       0x18 C:/android-ndk-r8b/platforms/android-9/arch-arm/usr/lib/crtbegin_so.o
 .rel.data.rel.ro._ZTIt
                0x00003bf0       0x10 C:/android-ndk-r8b/platforms/android-9/arch-arm/usr/lib/crtbegin_so.o
 .rel.data.rel.ro._ZTIPKs
                0x00003c00       0x18 C:/android-ndk-r8b/platforms/android-9/arch-arm/usr/lib/crtbegin_so.o
 .rel.data.rel.ro._ZTIPs
                0x00003c18       0x18 C:/android-ndk-r8b/platforms/android-9/arch-arm/usr/lib/crtbegin_so.o
 .rel.data.rel.ro._ZTIs
                0x00003c30       0x10 C:/android-ndk-r8b/platforms/android-9/arch-arm/usr/lib/crtbegin_so.o
 .rel.data.rel.ro._ZTIPKh
                0x00003c40       0x18 C:/android-ndk-r8b/platforms/android-9/arch-arm/usr/lib/crtbegin_so.o
 .rel.data.rel.ro._ZTIPh
                0x00003c58       0x18 C:/android-ndk-r8b/platforms/android-9/arch-arm/usr/lib/crtbegin_so.o
 .rel.data.rel.ro._ZTIh
                0x00003c70       0x10 C:/android-ndk-r8b/platforms/android-9/arch-arm/usr/lib/crtbegin_so.o
 .rel.data.rel.ro._ZTIPKa
                0x00003c80       0x18 C:/android-ndk-r8b/platforms/android-9/arch-arm/usr/lib/crtbegin_so.o
 .rel.data.rel.ro._ZTIPa
                0x00003c98       0x18 C:/android-ndk-r8b/platforms/android-9/arch-arm/usr/lib/crtbegin_so.o
 .rel.data.rel.ro._ZTIa
                0x00003cb0       0x10 C:/android-ndk-r8b/platforms/android-9/arch-arm/usr/lib/crtbegin_so.o
 .rel.data.rel.ro._ZTIPKc
                0x00003cc0       0x18 C:/android-ndk-r8b/platforms/android-9/arch-arm/usr/lib/crtbegin_so.o
 .rel.data.rel.ro._ZTIPc
                0x00003cd8       0x18 C:/android-ndk-r8b/platforms/android-9/arch-arm/usr/lib/crtbegin_so.o
 .rel.data.rel.ro._ZTIc
                0x00003cf0       0x10 C:/android-ndk-r8b/platforms/android-9/arch-arm/usr/lib/crtbegin_so.o
 .rel.data.rel.ro._ZTIPKDi
                0x00003d00       0x18 C:/android-ndk-r8b/platforms/android-9/arch-arm/usr/lib/crtbegin_so.o
 .rel.data.rel.ro._ZTIPDi
                0x00003d18       0x18 C:/android-ndk-r8b/platforms/android-9/arch-arm/usr/lib/crtbegin_so.o
 .rel.data.rel.ro._ZTIDi
                0x00003d30       0x10 C:/android-ndk-r8b/platforms/android-9/arch-arm/usr/lib/crtbegin_so.o
 .rel.data.rel.ro._ZTIPKDs
                0x00003d40       0x18 C:/android-ndk-r8b/platforms/android-9/arch-arm/usr/lib/crtbegin_so.o
 .rel.data.rel.ro._ZTIPDs
                0x00003d58       0x18 C:/android-ndk-r8b/platforms/android-9/arch-arm/usr/lib/crtbegin_so.o
 .rel.data.rel.ro._ZTIDs
                0x00003d70       0x10 C:/android-ndk-r8b/platforms/android-9/arch-arm/usr/lib/crtbegin_so.o
 .rel.data.rel.ro._ZTIPKw
                0x00003d80       0x18 C:/android-ndk-r8b/platforms/android-9/arch-arm/usr/lib/crtbegin_so.o
 .rel.data.rel.ro._ZTIPw
                0x00003d98       0x18 C:/android-ndk-r8b/platforms/android-9/arch-arm/usr/lib/crtbegin_so.o
 .rel.data.rel.ro._ZTIw
                0x00003db0       0x10 C:/android-ndk-r8b/platforms/android-9/arch-arm/usr/lib/crtbegin_so.o
 .rel.data.rel.ro._ZTIPKb
                0x00003dc0       0x18 C:/android-ndk-r8b/platforms/android-9/arch-arm/usr/lib/crtbegin_so.o
 .rel.data.rel.ro._ZTIPb
                0x00003dd8       0x18 C:/android-ndk-r8b/platforms/android-9/arch-arm/usr/lib/crtbegin_so.o
 .rel.data.rel.ro._ZTIb
                0x00003df0       0x10 C:/android-ndk-r8b/platforms/android-9/arch-arm/usr/lib/crtbegin_so.o
 .rel.data.rel.ro._ZTIPKv
                0x00003e00       0x18 C:/android-ndk-r8b/platforms/android-9/arch-arm/usr/lib/crtbegin_so.o
 .rel.data.rel.ro._ZTIPv
                0x00003e18       0x18 C:/android-ndk-r8b/platforms/android-9/arch-arm/usr/lib/crtbegin_so.o
 .rel.data.rel.ro._ZTIv
                0x00003e30       0x10 C:/android-ndk-r8b/platforms/android-9/arch-arm/usr/lib/crtbegin_so.o
 .rel.data.rel.ro._ZTVN10__cxxabiv123__fundamental_type_infoE
                0x00003e40       0x38 C:/android-ndk-r8b/platforms/android-9/arch-arm/usr/lib/crtbegin_so.o
 .rel.data.rel.ro._ZTIN10__cxxabiv123__fundamental_type_infoE
                0x00003e78       0x18 C:/android-ndk-r8b/platforms/android-9/arch-arm/usr/lib/crtbegin_so.o
 .rel.data.rel.ro._ZTISt9bad_alloc
                0x00003e90       0x18 C:/android-ndk-r8b/platforms/android-9/arch-arm/usr/lib/crtbegin_so.o
 .rel.data.rel.ro._ZTVSt9bad_alloc
                0x00003ea8       0x20 C:/android-ndk-r8b/platforms/android-9/arch-arm/usr/lib/crtbegin_so.o
 .rel.data.rel.ro._ZTIN10__cxxabiv119__pointer_type_infoE
                0x00003ec8       0x18 C:/android-ndk-r8b/platforms/android-9/arch-arm/usr/lib/crtbegin_so.o
 .rel.data.rel.ro._ZTVN10__cxxabiv119__pointer_type_infoE
                0x00003ee0       0x40 C:/android-ndk-r8b/platforms/android-9/arch-arm/usr/lib/crtbegin_so.o
 .rel.data.rel.ro._ZTVN10__cxxabiv120__si_class_type_infoE
                0x00003f20       0x50 C:/android-ndk-r8b/platforms/android-9/arch-arm/usr/lib/crtbegin_so.o
 .rel.data.rel.ro._ZTIN10__cxxabiv120__si_class_type_infoE
                0x00003f70       0x18 C:/android-ndk-r8b/platforms/android-9/arch-arm/usr/lib/crtbegin_so.o
 .rel.data.rel.ro._ZTVSt9type_info
                0x00000000        0x0 C:/android-ndk-r8b/platforms/android-9/arch-arm/usr/lib/crtbegin_so.o
 .rel.data.rel.ro._ZTISt9type_info
                0x00003f88       0x10 C:/android-ndk-r8b/platforms/android-9/arch-arm/usr/lib/crtbegin_so.o
 .rel.data.rel.ro._ZTISt8bad_cast
                0x00003f98       0x18 C:/android-ndk-r8b/platforms/android-9/arch-arm/usr/lib/crtbegin_so.o
 .rel.data.rel.ro._ZTVSt8bad_cast
                0x00003fb0       0x20 C:/android-ndk-r8b/platforms/android-9/arch-arm/usr/lib/crtbegin_so.o
 .rel.data.rel.ro._ZTVSt10bad_typeid
                0x00003fd0       0x20 C:/android-ndk-r8b/platforms/android-9/arch-arm/usr/lib/crtbegin_so.o
 .rel.data.rel.ro._ZTISt10bad_typeid
                0x00003ff0       0x18 C:/android-ndk-r8b/platforms/android-9/arch-arm/usr/lib/crtbegin_so.o
 .rel.data.rel.ro._ZTVN10__cxxabiv117__class_type_infoE
                0x00004008       0x50 C:/android-ndk-r8b/platforms/android-9/arch-arm/usr/lib/crtbegin_so.o
 .rel.data.rel.ro._ZTIN10__cxxabiv117__class_type_infoE
                0x00004058       0x18 C:/android-ndk-r8b/platforms/android-9/arch-arm/usr/lib/crtbegin_so.o
 .rel.data.rel.ro._ZTIN9__gnu_cxx24__concurrence_lock_errorE
                0x00004070       0x18 C:/android-ndk-r8b/platforms/android-9/arch-arm/usr/lib/crtbegin_so.o
 .rel.data.rel.ro._ZTVN9__gnu_cxx24__concurrence_lock_errorE
                0x00004088       0x20 C:/android-ndk-r8b/platforms/android-9/arch-arm/usr/lib/crtbegin_so.o
 .rel.data.rel.ro._ZTIN9__gnu_cxx26__concurrence_unlock_errorE
                0x000040a8       0x18 C:/android-ndk-r8b/platforms/android-9/arch-arm/usr/lib/crtbegin_so.o
 .rel.data.rel.ro._ZTVN9__gnu_cxx26__concurrence_unlock_errorE
                0x000040c0       0x20 C:/android-ndk-r8b/platforms/android-9/arch-arm/usr/lib/crtbegin_so.o
 .rel.data.rel.ro._ZTVN10__cxxabiv117__pbase_type_infoE
                0x000040e0       0x40 C:/android-ndk-r8b/platforms/android-9/arch-arm/usr/lib/crtbegin_so.o
 .rel.data.rel.ro._ZTIN10__cxxabiv117__pbase_type_infoE
                0x00004120       0x18 C:/android-ndk-r8b/platforms/android-9/arch-arm/usr/lib/crtbegin_so.o
 .rel.data.rel.ro.local
                0x00004138      0x590 C:/android-ndk-r8b/platforms/android-9/arch-arm/usr/lib/crtbegin_so.o
 *(.rel.data .rel.data.* .rel.gnu.linkonce.d.*)
 .rel.data      0x000046c8        0x8 C:/android-ndk-r8b/platforms/android-9/arch-arm/usr/lib/crtbegin_so.o
 .rel.data.rel._ZN10__cxxabiv120__unexpected_handlerE
                0x000046d0        0x8 C:/android-ndk-r8b/platforms/android-9/arch-arm/usr/lib/crtbegin_so.o
 .rel.data.rel._ZN10__cxxabiv119__terminate_handlerE
                0x000046d8        0x8 C:/android-ndk-r8b/platforms/android-9/arch-arm/usr/lib/crtbegin_so.o
 *(.rel.tdata .rel.tdata.* .rel.gnu.linkonce.td.*)
 *(.rel.tbss .rel.tbss.* .rel.gnu.linkonce.tb.*)
 *(.rel.ctors)
 *(.rel.dtors)
 *(.rel.got)
 .rel.got       0x000046e0      0x160 C:/android-ndk-r8b/platforms/android-9/arch-arm/usr/lib/crtbegin_so.o
 *(.rel.bss .rel.bss.* .rel.gnu.linkonce.b.*)
 .rel.fini_array
                0x00004840        0x8 C:/android-ndk-r8b/platforms/android-9/arch-arm/usr/lib/crtbegin_so.o
 .rel.init_array
                0x00004848       0x10 C:/android-ndk-r8b/platforms/android-9/arch-arm/usr/lib/crtbegin_so.o

.rela.dyn
 *(.rela.init)
 *(.rela.text .rela.text.* .rela.gnu.linkonce.t.*)
 *(.rela.fini)
 *(.rela.rodata .rela.rodata.* .rela.gnu.linkonce.r.*)
 *(.rela.data .rela.data.* .rela.gnu.linkonce.d.*)
 *(.rela.tdata .rela.tdata.* .rela.gnu.linkonce.td.*)
 *(.rela.tbss .rela.tbss.* .rela.gnu.linkonce.tb.*)
 *(.rela.ctors)
 *(.rela.dtors)
 *(.rela.got)
 *(.rela.bss .rela.bss.* .rela.gnu.linkonce.b.*)

.rel.plt        0x00004858      0x118
 *(.rel.plt)
 .rel.plt       0x00004858      0x118 C:/android-ndk-r8b/platforms/android-9/arch-arm/usr/lib/crtbegin_so.o

.rela.plt
 *(.rela.plt)

.init
 *(.init)

.plt            0x00004970      0x1b8
 *(.plt)
 .plt           0x00004970      0x1b8 C:/android-ndk-r8b/platforms/android-9/arch-arm/usr/lib/crtbegin_so.o

.text           0x00004b28     0x9a54
 *(.text .stub .text.* .gnu.linkonce.t.*)
 .text          0x00004b28       0x28 C:/android-ndk-r8b/platforms/android-9/arch-arm/usr/lib/crtbegin_so.o
                0x00004b38                atexit
 .text._ZN7_JNIEnv14CallVoidMethodEP8_jobjectP10_jmethodIDz
                0x00004b50       0x34 release\IsChartboost_platform.os
                0x00004b50                _JNIEnv::CallVoidMethod(_jobject*, _jmethodID*, ...)
 .text._Z36IsChartboostAdClickedRequestCallbackP7_JNIEnvP8_jobjecti
                0x00004b84       0x4c release\IsChartboost_platform.os
                0x00004b84                IsChartboostAdClickedRequestCallback(_JNIEnv*, _jobject*, int)
 .text._Z38IsChartboostAdDismissedRequestCallbackP7_JNIEnvP8_jobjecti
                0x00004bd0       0x4c release\IsChartboost_platform.os
                0x00004bd0                IsChartboostAdDismissedRequestCallback(_JNIEnv*, _jobject*, int)
 .text._Z28IsChartboostAdClosedCallbackP7_JNIEnvP8_jobjecti
                0x00004c1c       0x4c release\IsChartboost_platform.os
                0x00004c1c                IsChartboostAdClosedCallback(_JNIEnv*, _jobject*, int)
 .text._Z27IsChartboostRequestCallbackP7_JNIEnvP8_jobjecti
                0x00004c68       0x4c release\IsChartboost_platform.os
                0x00004c68                IsChartboostRequestCallback(_JNIEnv*, _jobject*, int)
 .text._Z25IsChartboostInit_platformv
                0x00004cb4      0x34c release\IsChartboost_platform.os
                0x00004cb4                IsChartboostInit_platform()
 .text._Z30IsChartboostTerminate_platformv
                0x00005000       0x34 release\IsChartboost_platform.os
                0x00005000                IsChartboostTerminate_platform()
 .text._Z33IsChartboostShowMoreApps_platformv
                0x00005034       0x50 release\IsChartboost_platform.os
                0x00005034                IsChartboostShowMoreApps_platform()
 .text._Z34IsChartboostCacheMoreApps_platformv
                0x00005084       0x50 release\IsChartboost_platform.os
                0x00005084                IsChartboostCacheMoreApps_platform()
 .text._Z30IsChartboostRequestAd_platformv
                0x000050d4       0x50 release\IsChartboost_platform.os
                0x000050d4                IsChartboostRequestAd_platform()
 .text._Z33IsChartboostStartSession_platformv
                0x00005124       0x50 release\IsChartboost_platform.os
                0x00005124                IsChartboostStartSession_platform()
 .text._Z38IsChartboostCacheInterstitial_platformPKc
                0x00005174       0x70 release\IsChartboost_platform.os
                0x00005174                IsChartboostCacheInterstitial_platform(char const*)
 .text._Z37IsChartboostShowInterstitial_platformPKc
                0x000051e4       0x70 release\IsChartboost_platform.os
                0x000051e4                IsChartboostShowInterstitial_platform(char const*)
 .text._Z36IsChartboostSetAppSignature_platformPKc
                0x00005254       0x70 release\IsChartboost_platform.os
                0x00005254                IsChartboostSetAppSignature_platform(char const*)
 .text._Z29IsChartboostSetAppID_platformPKc
                0x000052c4       0x70 release\IsChartboost_platform.os
                0x000052c4                IsChartboostSetAppID_platform(char const*)
 .text._ZL27s3eEdkAndroidFindClass_realPKc
                0x00005334       0xb8 release\IsChartboost_platform.os
 .text.IsChartboostStartSession
                0x000053ec       0x58 release\IsChartboost.os
                0x000053ec                IsChartboostStartSession
 .text._Z21IsChartboostTerminatev
                0x00005444       0x28 release\IsChartboost.os
                0x00005444                IsChartboostTerminate()
 .text.IsChartboostSetAppID
                0x0000546c       0x60 release\IsChartboost.os
                0x0000546c                IsChartboostSetAppID
 .text.IsChartboostShowInterstitial
                0x000054cc       0x60 release\IsChartboost.os
                0x000054cc                IsChartboostShowInterstitial
 .text.IsChartboostCacheInterstitial
                0x0000552c       0x60 release\IsChartboost.os
                0x0000552c                IsChartboostCacheInterstitial
 .text.IsChartboostSetAppSignature
                0x0000558c       0x60 release\IsChartboost.os
                0x0000558c                IsChartboostSetAppSignature
 .text.IsChartboostShowMoreApps
                0x000055ec       0x58 release\IsChartboost.os
                0x000055ec                IsChartboostShowMoreApps
 .text.IsChartboostCacheMoreApps
                0x00005644       0x58 release\IsChartboost.os
                0x00005644                IsChartboostCacheMoreApps
 .text.IsChartboostRequestAd
                0x0000569c       0x58 release\IsChartboost.os
                0x0000569c                IsChartboostRequestAd
 .text._Z16IsChartboostInitv
                0x000056f4      0x190 release\IsChartboost.os
                0x000056f4                IsChartboostInit()
 .text._ZL29IsChartboostShowMoreApps_wrapv
                0x00005884       0x14 release\IsChartboost_register.os
 .text._ZL30IsChartboostCacheMoreApps_wrapv
                0x00005898       0x14 release\IsChartboost_register.os
 .text._ZL33IsChartboostShowInterstitial_wrapPKc
                0x000058ac       0x18 release\IsChartboost_register.os
 .text._ZL34IsChartboostCacheInterstitial_wrapPKc
                0x000058c4       0x18 release\IsChartboost_register.os
 .text._ZL26IsChartboostRequestAd_wrapv
                0x000058dc       0x14 release\IsChartboost_register.os
 .text._ZL29IsChartboostStartSession_wrapv
                0x000058f0       0x14 release\IsChartboost_register.os
 .text._ZL32IsChartboostSetAppSignature_wrapPKc
                0x00005904       0x18 release\IsChartboost_register.os
 .text._ZL25IsChartboostSetAppID_wrapPKc
                0x0000591c       0x18 release\IsChartboost_register.os
 .text.IsChartboostUnRegister
                0x00005934       0x30 release\IsChartboost_register.os
                0x00005934                IsChartboostUnRegister
 .text.IsChartboostRegister
                0x00005964       0x34 release\IsChartboost_register.os
                0x00005964                IsChartboostRegister
 .text.RegisterExt
                0x00005998      0x13c release\IsChartboost_register.os
                0x00005998                RegisterExt
 .text.s3eEdkThreadRunOnOS
                0x00005ad4       0x30 C:\marmalade\6.3.0\s3e\edk\lib\android\libedk.a(edk_helpers.o)
                0x00005ad4                s3eEdkThreadRunOnOS
 .text._ZdlPv   0x00005b04        0xc C:\android-ndk-r8b\sources\cxx-stl\gnu-libstdc++\4.4.3\libs\armeabi\libgnustl_static.a(del_op.o)
                0x00005b04                operator delete(void*)
 .text._Znaj    0x00005b10       0x1c C:\android-ndk-r8b\sources\cxx-stl\gnu-libstdc++\4.4.3\libs\armeabi\libgnustl_static.a(new_opv.o)
                0x00005b10                operator new[](unsigned int)
 .text          0x00005b2c       0x10 C:\android-ndk-r8b\sources\cxx-stl\gnu-libstdc++\4.4.3\libs\armeabi\libgnustl_static.a(eh_arm.o)
                0x00005b2c                __cxa_end_cleanup
 .text.__cxa_type_match
                0x00005b3c      0x1ac C:\android-ndk-r8b\sources\cxx-stl\gnu-libstdc++\4.4.3\libs\armeabi\libgnustl_static.a(eh_arm.o)
                0x00005b3c                __cxa_type_match
 .text.__cxa_begin_cleanup
                0x00005ce8       0xb4 C:\android-ndk-r8b\sources\cxx-stl\gnu-libstdc++\4.4.3\libs\armeabi\libgnustl_static.a(eh_arm.o)
                0x00005ce8                __cxa_begin_cleanup
 .text.__gnu_end_cleanup
                0x00005d9c       0xb4 C:\android-ndk-r8b\sources\cxx-stl\gnu-libstdc++\4.4.3\libs\armeabi\libgnustl_static.a(eh_arm.o)
                0x00005d9c                __gnu_end_cleanup
 .text.__cxa_bad_typeid
                0x00005e50       0x48 C:\android-ndk-r8b\sources\cxx-stl\gnu-libstdc++\4.4.3\libs\armeabi\libgnustl_static.a(eh_aux_runtime.o)
                0x00005e50                __cxa_bad_typeid
 .text.__cxa_bad_cast
                0x00005e98       0x48 C:\android-ndk-r8b\sources\cxx-stl\gnu-libstdc++\4.4.3\libs\armeabi\libgnustl_static.a(eh_aux_runtime.o)
                0x00005e98                __cxa_bad_cast
 .text.__cxa_call_terminate
                0x00005ee0       0x7c C:\android-ndk-r8b\sources\cxx-stl\gnu-libstdc++\4.4.3\libs\armeabi\libgnustl_static.a(eh_call.o)
                0x00005ee0                __cxa_call_terminate
 .text.__cxa_call_unexpected
                0x00005f5c      0x1d0 C:\android-ndk-r8b\sources\cxx-stl\gnu-libstdc++\4.4.3\libs\armeabi\libgnustl_static.a(eh_call.o)
                0x00005f5c                __cxa_call_unexpected
 .text.__cxa_get_exception_ptr
                0x0000612c        0x8 C:\android-ndk-r8b\sources\cxx-stl\gnu-libstdc++\4.4.3\libs\armeabi\libgnustl_static.a(eh_catch.o)
                0x0000612c                __cxa_get_exception_ptr
 .text._ZSt18uncaught_exceptionv
                0x00006134       0x18 C:\android-ndk-r8b\sources\cxx-stl\gnu-libstdc++\4.4.3\libs\armeabi\libgnustl_static.a(eh_catch.o)
                0x00006134                std::uncaught_exception()
 .text.__cxa_end_catch
                0x0000614c       0xdc C:\android-ndk-r8b\sources\cxx-stl\gnu-libstdc++\4.4.3\libs\armeabi\libgnustl_static.a(eh_catch.o)
                0x0000614c                __cxa_end_catch
 .text.__cxa_begin_catch
                0x00006228       0xdc C:\android-ndk-r8b\sources\cxx-stl\gnu-libstdc++\4.4.3\libs\armeabi\libgnustl_static.a(eh_catch.o)
                0x00006228                __cxa_begin_catch
 .text._ZNSt9exceptionD2Ev
                0x00006304        0x4 C:\android-ndk-r8b\sources\cxx-stl\gnu-libstdc++\4.4.3\libs\armeabi\libgnustl_static.a(eh_exception.o)
                0x00006304                std::exception::~exception()
 .text._ZNSt9exceptionD1Ev
                0x00006308        0x4 C:\android-ndk-r8b\sources\cxx-stl\gnu-libstdc++\4.4.3\libs\armeabi\libgnustl_static.a(eh_exception.o)
                0x00006308                std::exception::~exception()
 .text._ZNSt13bad_exceptionD2Ev
                0x0000630c       0x34 C:\android-ndk-r8b\sources\cxx-stl\gnu-libstdc++\4.4.3\libs\armeabi\libgnustl_static.a(eh_exception.o)
                0x0000630c                std::bad_exception::~bad_exception()
 .text._ZNSt13bad_exceptionD1Ev
                0x00006340       0x34 C:\android-ndk-r8b\sources\cxx-stl\gnu-libstdc++\4.4.3\libs\armeabi\libgnustl_static.a(eh_exception.o)
                0x00006340                std::bad_exception::~bad_exception()
 .text._ZN10__cxxabiv115__forced_unwindD2Ev
                0x00006374        0x4 C:\android-ndk-r8b\sources\cxx-stl\gnu-libstdc++\4.4.3\libs\armeabi\libgnustl_static.a(eh_exception.o)
                0x00006374                __cxxabiv1::__forced_unwind::~__forced_unwind()
 .text._ZN10__cxxabiv115__forced_unwindD1Ev
                0x00006378        0x4 C:\android-ndk-r8b\sources\cxx-stl\gnu-libstdc++\4.4.3\libs\armeabi\libgnustl_static.a(eh_exception.o)
                0x00006378                __cxxabiv1::__forced_unwind::~__forced_unwind()
 .text._ZN10__cxxabiv119__foreign_exceptionD2Ev
                0x0000637c        0x4 C:\android-ndk-r8b\sources\cxx-stl\gnu-libstdc++\4.4.3\libs\armeabi\libgnustl_static.a(eh_exception.o)
                0x0000637c                __cxxabiv1::__foreign_exception::~__foreign_exception()
 .text._ZN10__cxxabiv119__foreign_exceptionD1Ev
                0x00006380        0x4 C:\android-ndk-r8b\sources\cxx-stl\gnu-libstdc++\4.4.3\libs\armeabi\libgnustl_static.a(eh_exception.o)
                0x00006380                __cxxabiv1::__foreign_exception::~__foreign_exception()
 .text._ZNKSt9exception4whatEv
                0x00006384       0x10 C:\android-ndk-r8b\sources\cxx-stl\gnu-libstdc++\4.4.3\libs\armeabi\libgnustl_static.a(eh_exception.o)
                0x00006384                std::exception::what() const
 .text._ZNKSt13bad_exception4whatEv
                0x00006394       0x10 C:\android-ndk-r8b\sources\cxx-stl\gnu-libstdc++\4.4.3\libs\armeabi\libgnustl_static.a(eh_exception.o)
                0x00006394                std::bad_exception::what() const
 .text._ZN10__cxxabiv119__foreign_exceptionD0Ev
                0x000063a4       0x1c C:\android-ndk-r8b\sources\cxx-stl\gnu-libstdc++\4.4.3\libs\armeabi\libgnustl_static.a(eh_exception.o)
                0x000063a4                __cxxabiv1::__foreign_exception::~__foreign_exception()
 .text._ZN10__cxxabiv115__forced_unwindD0Ev
                0x000063c0       0x1c C:\android-ndk-r8b\sources\cxx-stl\gnu-libstdc++\4.4.3\libs\armeabi\libgnustl_static.a(eh_exception.o)
                0x000063c0                __cxxabiv1::__forced_unwind::~__forced_unwind()
 .text._ZNSt9exceptionD0Ev
                0x000063dc       0x1c C:\android-ndk-r8b\sources\cxx-stl\gnu-libstdc++\4.4.3\libs\armeabi\libgnustl_static.a(eh_exception.o)
                0x000063dc                std::exception::~exception()
 .text._ZNSt13bad_exceptionD0Ev
                0x000063f8       0x1c C:\android-ndk-r8b\sources\cxx-stl\gnu-libstdc++\4.4.3\libs\armeabi\libgnustl_static.a(eh_exception.o)
                0x000063f8                std::bad_exception::~bad_exception()
 .text._GLOBAL__I_eh_globals.cc
                0x00006414       0x5c C:\android-ndk-r8b\sources\cxx-stl\gnu-libstdc++\4.4.3\libs\armeabi\libgnustl_static.a(eh_globals.o)
 .text._ZL15eh_globals_dtorPv
                0x00006470       0x38 C:\android-ndk-r8b\sources\cxx-stl\gnu-libstdc++\4.4.3\libs\armeabi\libgnustl_static.a(eh_globals.o)
 .text._ZN17__eh_globals_initD1Ev
                0x000064a8       0x34 C:\android-ndk-r8b\sources\cxx-stl\gnu-libstdc++\4.4.3\libs\armeabi\libgnustl_static.a(eh_globals.o)
                0x000064a8                __eh_globals_init::~__eh_globals_init()
 .text.__cxa_get_globals_fast
                0x000064dc       0x48 C:\android-ndk-r8b\sources\cxx-stl\gnu-libstdc++\4.4.3\libs\armeabi\libgnustl_static.a(eh_globals.o)
                0x000064dc                __cxa_get_globals_fast
 .text.__cxa_get_globals
                0x00006524       0x90 C:\android-ndk-r8b\sources\cxx-stl\gnu-libstdc++\4.4.3\libs\armeabi\libgnustl_static.a(eh_globals.o)
                0x00006524                __cxa_get_globals
 .text._ZL12read_sleb128PKhPl
                0x000065b4       0x44 C:\android-ndk-r8b\sources\cxx-stl\gnu-libstdc++\4.4.3\libs\armeabi\libgnustl_static.a(eh_personality.o)
 .text._ZL21base_of_encoded_valuehP15_Unwind_Context
                0x000065f8       0x78 C:\android-ndk-r8b\sources\cxx-stl\gnu-libstdc++\4.4.3\libs\armeabi\libgnustl_static.a(eh_personality.o)
 .text._ZL17parse_lsda_headerP15_Unwind_ContextPKhP16lsda_header_info
                0x00006670      0x214 C:\android-ndk-r8b\sources\cxx-stl\gnu-libstdc++\4.4.3\libs\armeabi\libgnustl_static.a(eh_personality.o)
 .text.__gxx_personality_v0
                0x00006884      0x9d4 C:\android-ndk-r8b\sources\cxx-stl\gnu-libstdc++\4.4.3\libs\armeabi\libgnustl_static.a(eh_personality.o)
                0x00006884                __gxx_personality_v0
 .text._ZSt13set_terminatePFvvE
                0x00007258       0x2c C:\android-ndk-r8b\sources\cxx-stl\gnu-libstdc++\4.4.3\libs\armeabi\libgnustl_static.a(eh_terminate.o)
                0x00007258                std::set_terminate(void (*)())
 .text._ZSt14set_unexpectedPFvvE
                0x00007284       0x2c C:\android-ndk-r8b\sources\cxx-stl\gnu-libstdc++\4.4.3\libs\armeabi\libgnustl_static.a(eh_terminate.o)
                0x00007284                std::set_unexpected(void (*)())
 .text._ZN10__cxxabiv111__terminateEPFvvE
                0x000072b0       0x28 C:\android-ndk-r8b\sources\cxx-stl\gnu-libstdc++\4.4.3\libs\armeabi\libgnustl_static.a(eh_terminate.o)
                0x000072b0                __cxxabiv1::__terminate(void (*)())
 .text._ZSt9terminatev
                0x000072d8       0x1c C:\android-ndk-r8b\sources\cxx-stl\gnu-libstdc++\4.4.3\libs\armeabi\libgnustl_static.a(eh_terminate.o)
                0x000072d8                std::terminate()
 .text._ZN10__cxxabiv112__unexpectedEPFvvE
                0x000072f4       0x10 C:\android-ndk-r8b\sources\cxx-stl\gnu-libstdc++\4.4.3\libs\armeabi\libgnustl_static.a(eh_terminate.o)
                0x000072f4                __cxxabiv1::__unexpected(void (*)())
 .text._ZSt10unexpectedv
                0x00007304       0x1c C:\android-ndk-r8b\sources\cxx-stl\gnu-libstdc++\4.4.3\libs\armeabi\libgnustl_static.a(eh_terminate.o)
                0x00007304                std::unexpected()
 .text.__cxa_rethrow
                0x00007320       0xb8 C:\android-ndk-r8b\sources\cxx-stl\gnu-libstdc++\4.4.3\libs\armeabi\libgnustl_static.a(eh_throw.o)
                0x00007320                __cxa_rethrow
 .text.__cxa_throw
                0x000073d8       0xa4 C:\android-ndk-r8b\sources\cxx-stl\gnu-libstdc++\4.4.3\libs\armeabi\libgnustl_static.a(eh_throw.o)
                0x000073d8                __cxa_throw
 .text._ZL23__gxx_exception_cleanup19_Unwind_Reason_CodeP21_Unwind_Control_Block
                0x0000747c       0x44 C:\android-ndk-r8b\sources\cxx-stl\gnu-libstdc++\4.4.3\libs\armeabi\libgnustl_static.a(eh_throw.o)
 .text._ZN10__cxxabiv123__fundamental_type_infoD1Ev
                0x000074c0       0x34 C:\android-ndk-r8b\sources\cxx-stl\gnu-libstdc++\4.4.3\libs\armeabi\libgnustl_static.a(fundamental_type_info.o)
                0x000074c0                __cxxabiv1::__fundamental_type_info::~__fundamental_type_info()
 .text._ZN10__cxxabiv123__fundamental_type_infoD0Ev
                0x000074f4       0x1c C:\android-ndk-r8b\sources\cxx-stl\gnu-libstdc++\4.4.3\libs\armeabi\libgnustl_static.a(fundamental_type_info.o)
                0x000074f4                __cxxabiv1::__fundamental_type_info::~__fundamental_type_info()
 .text._ZN10__cxxabiv123__fundamental_type_infoD2Ev
                0x00007510       0x34 C:\android-ndk-r8b\sources\cxx-stl\gnu-libstdc++\4.4.3\libs\armeabi\libgnustl_static.a(fundamental_type_info.o)
                0x00007510                __cxxabiv1::__fundamental_type_info::~__fundamental_type_info()
 .text._ZSt15set_new_handlerPFvvE
                0x00007544       0x1c C:\android-ndk-r8b\sources\cxx-stl\gnu-libstdc++\4.4.3\libs\armeabi\libgnustl_static.a(new_handler.o)
                0x00007544                std::set_new_handler(void (*)())
 .text._ZNKSt9bad_alloc4whatEv
                0x00007560       0x10 C:\android-ndk-r8b\sources\cxx-stl\gnu-libstdc++\4.4.3\libs\armeabi\libgnustl_static.a(new_handler.o)
                0x00007560                std::bad_alloc::what() const
 .text._ZNSt9bad_allocD1Ev
                0x00007570       0x34 C:\android-ndk-r8b\sources\cxx-stl\gnu-libstdc++\4.4.3\libs\armeabi\libgnustl_static.a(new_handler.o)
                0x00007570                std::bad_alloc::~bad_alloc()
 .text._ZNSt9bad_allocD0Ev
                0x000075a4       0x1c C:\android-ndk-r8b\sources\cxx-stl\gnu-libstdc++\4.4.3\libs\armeabi\libgnustl_static.a(new_handler.o)
                0x000075a4                std::bad_alloc::~bad_alloc()
 .text._ZNSt9bad_allocD2Ev
                0x000075c0       0x34 C:\android-ndk-r8b\sources\cxx-stl\gnu-libstdc++\4.4.3\libs\armeabi\libgnustl_static.a(new_handler.o)
                0x000075c0                std::bad_alloc::~bad_alloc()
 .text._Znwj    0x000075f4       0xb4 C:\android-ndk-r8b\sources\cxx-stl\gnu-libstdc++\4.4.3\libs\armeabi\libgnustl_static.a(new_op.o)
                0x000075f4                operator new(unsigned int)
 .text._ZNK10__cxxabiv119__pointer_type_info14__is_pointer_pEv
                0x000076a8        0x8 C:\android-ndk-r8b\sources\cxx-stl\gnu-libstdc++\4.4.3\libs\armeabi\libgnustl_static.a(pointer_type_info.o)
                0x000076a8                __cxxabiv1::__pointer_type_info::__is_pointer_p() const
 .text._ZNK10__cxxabiv119__pointer_type_info15__pointer_catchEPKNS_17__pbase_type_infoEPPvj
                0x000076b0       0x88 C:\android-ndk-r8b\sources\cxx-stl\gnu-libstdc++\4.4.3\libs\armeabi\libgnustl_static.a(pointer_type_info.o)
                0x000076b0                __cxxabiv1::__pointer_type_info::__pointer_catch(__cxxabiv1::__pbase_type_info const*, void**, unsigned int) const
 .text._ZN10__cxxabiv119__pointer_type_infoD1Ev
                0x00007738       0x34 C:\android-ndk-r8b\sources\cxx-stl\gnu-libstdc++\4.4.3\libs\armeabi\libgnustl_static.a(pointer_type_info.o)
                0x00007738                __cxxabiv1::__pointer_type_info::~__pointer_type_info()
 .text._ZN10__cxxabiv119__pointer_type_infoD0Ev
                0x0000776c       0x1c C:\android-ndk-r8b\sources\cxx-stl\gnu-libstdc++\4.4.3\libs\armeabi\libgnustl_static.a(pointer_type_info.o)
                0x0000776c                __cxxabiv1::__pointer_type_info::~__pointer_type_info()
 .text._ZN10__cxxabiv119__pointer_type_infoD2Ev
                0x00007788       0x34 C:\android-ndk-r8b\sources\cxx-stl\gnu-libstdc++\4.4.3\libs\armeabi\libgnustl_static.a(pointer_type_info.o)
                0x00007788                __cxxabiv1::__pointer_type_info::~__pointer_type_info()
 .text.__cxa_pure_virtual
                0x000077bc       0x20 C:\android-ndk-r8b\sources\cxx-stl\gnu-libstdc++\4.4.3\libs\armeabi\libgnustl_static.a(pure.o)
                0x000077bc                __cxa_pure_virtual
 .text._ZNK10__cxxabiv120__si_class_type_info11__do_upcastEPKNS_17__class_type_infoEPKvRNS1_15__upcast_resultE
                0x000077dc       0x48 C:\android-ndk-r8b\sources\cxx-stl\gnu-libstdc++\4.4.3\libs\armeabi\libgnustl_static.a(si_class_type_info.o)
                0x000077dc                __cxxabiv1::__si_class_type_info::__do_upcast(__cxxabiv1::__class_type_info const*, void const*, __cxxabiv1::__class_type_info::__upcast_result&) const
 .text._ZNK10__cxxabiv120__si_class_type_info12__do_dyncastEiNS_17__class_type_info10__sub_kindEPKS1_PKvS4_S6_RNS1_16__dyncast_resultE
                0x00007824       0xd0 C:\android-ndk-r8b\sources\cxx-stl\gnu-libstdc++\4.4.3\libs\armeabi\libgnustl_static.a(si_class_type_info.o)
                0x00007824                __cxxabiv1::__si_class_type_info::__do_dyncast(int, __cxxabiv1::__class_type_info::__sub_kind, __cxxabiv1::__class_type_info const*, void const*, __cxxabiv1::__class_type_info const*, void const*, __cxxabiv1::__class_type_info::__dyncast_result&) const
 .text._ZNK10__cxxabiv120__si_class_type_info20__do_find_public_srcEiPKvPKNS_17__class_type_infoES2_
                0x000078f4       0x68 C:\android-ndk-r8b\sources\cxx-stl\gnu-libstdc++\4.4.3\libs\armeabi\libgnustl_static.a(si_class_type_info.o)
                0x000078f4                __cxxabiv1::__si_class_type_info::__do_find_public_src(int, void const*, __cxxabiv1::__class_type_info const*, void const*) const
 .text._ZN10__cxxabiv120__si_class_type_infoD1Ev
                0x0000795c       0x34 C:\android-ndk-r8b\sources\cxx-stl\gnu-libstdc++\4.4.3\libs\armeabi\libgnustl_static.a(si_class_type_info.o)
                0x0000795c                __cxxabiv1::__si_class_type_info::~__si_class_type_info()
 .text._ZN10__cxxabiv120__si_class_type_infoD0Ev
                0x00007990       0x1c C:\android-ndk-r8b\sources\cxx-stl\gnu-libstdc++\4.4.3\libs\armeabi\libgnustl_static.a(si_class_type_info.o)
                0x00007990                __cxxabiv1::__si_class_type_info::~__si_class_type_info()
 .text._ZN10__cxxabiv120__si_class_type_infoD2Ev
                0x000079ac       0x34 C:\android-ndk-r8b\sources\cxx-stl\gnu-libstdc++\4.4.3\libs\armeabi\libgnustl_static.a(si_class_type_info.o)
                0x000079ac                __cxxabiv1::__si_class_type_info::~__si_class_type_info()
 .text._ZNSt9type_infoD2Ev
                0x000079e0        0x4 C:\android-ndk-r8b\sources\cxx-stl\gnu-libstdc++\4.4.3\libs\armeabi\libgnustl_static.a(tinfo.o)
                0x000079e0                std::type_info::~type_info()
 .text._ZNKSt9type_infoeqERKS_
                0x000079e4       0x18 C:\android-ndk-r8b\sources\cxx-stl\gnu-libstdc++\4.4.3\libs\armeabi\libgnustl_static.a(tinfo.o)
                0x000079e4                std::type_info::operator==(std::type_info const&) const
 .text._ZNKSt9type_info14__is_pointer_pEv
                0x000079fc        0x8 C:\android-ndk-r8b\sources\cxx-stl\gnu-libstdc++\4.4.3\libs\armeabi\libgnustl_static.a(tinfo.o)
                0x000079fc                std::type_info::__is_pointer_p() const
 .text._ZNKSt9type_info15__is_function_pEv
                0x00007a04        0x8 C:\android-ndk-r8b\sources\cxx-stl\gnu-libstdc++\4.4.3\libs\armeabi\libgnustl_static.a(tinfo.o)
                0x00007a04                std::type_info::__is_function_p() const
 .text._ZNKSt9type_info10__do_catchEPKS_PPvj
                0x00007a0c       0x18 C:\android-ndk-r8b\sources\cxx-stl\gnu-libstdc++\4.4.3\libs\armeabi\libgnustl_static.a(tinfo.o)
                0x00007a0c                std::type_info::__do_catch(std::type_info const*, void**, unsigned int) const
 .text._ZNKSt9type_info11__do_upcastEPKN10__cxxabiv117__class_type_infoEPPv
                0x00007a24        0x8 C:\android-ndk-r8b\sources\cxx-stl\gnu-libstdc++\4.4.3\libs\armeabi\libgnustl_static.a(tinfo.o)
                0x00007a24                std::type_info::__do_upcast(__cxxabiv1::__class_type_info const*, void**) const
 .text.__aeabi_atexit
                0x00007a2c       0x10 C:\android-ndk-r8b\sources\cxx-stl\gnu-libstdc++\4.4.3\libs\armeabi\libgnustl_static.a(atexit_arm.o)
                0x00007a2c                __aeabi_atexit
 .text._ZNKSt8bad_cast4whatEv
                0x00007a3c       0x10 C:\android-ndk-r8b\sources\cxx-stl\gnu-libstdc++\4.4.3\libs\armeabi\libgnustl_static.a(bad_cast.o)
                0x00007a3c                std::bad_cast::what() const
 .text._ZNSt8bad_castD1Ev
                0x00007a4c       0x34 C:\android-ndk-r8b\sources\cxx-stl\gnu-libstdc++\4.4.3\libs\armeabi\libgnustl_static.a(bad_cast.o)
                0x00007a4c                std::bad_cast::~bad_cast()
 .text._ZNSt8bad_castD0Ev
                0x00007a80       0x1c C:\android-ndk-r8b\sources\cxx-stl\gnu-libstdc++\4.4.3\libs\armeabi\libgnustl_static.a(bad_cast.o)
                0x00007a80                std::bad_cast::~bad_cast()
 .text._ZNSt8bad_castD2Ev
                0x00007a9c       0x34 C:\android-ndk-r8b\sources\cxx-stl\gnu-libstdc++\4.4.3\libs\armeabi\libgnustl_static.a(bad_cast.o)
                0x00007a9c                std::bad_cast::~bad_cast()
 .text._ZNKSt10bad_typeid4whatEv
                0x00007ad0       0x10 C:\android-ndk-r8b\sources\cxx-stl\gnu-libstdc++\4.4.3\libs\armeabi\libgnustl_static.a(bad_typeid.o)
                0x00007ad0                std::bad_typeid::what() const
 .text._ZNSt10bad_typeidD1Ev
                0x00007ae0       0x34 C:\android-ndk-r8b\sources\cxx-stl\gnu-libstdc++\4.4.3\libs\armeabi\libgnustl_static.a(bad_typeid.o)
                0x00007ae0                std::bad_typeid::~bad_typeid()
 .text._ZNSt10bad_typeidD0Ev
                0x00007b14       0x1c C:\android-ndk-r8b\sources\cxx-stl\gnu-libstdc++\4.4.3\libs\armeabi\libgnustl_static.a(bad_typeid.o)
                0x00007b14                std::bad_typeid::~bad_typeid()
 .text._ZNSt10bad_typeidD2Ev
                0x00007b30       0x34 C:\android-ndk-r8b\sources\cxx-stl\gnu-libstdc++\4.4.3\libs\armeabi\libgnustl_static.a(bad_typeid.o)
                0x00007b30                std::bad_typeid::~bad_typeid()
 .text._ZNK10__cxxabiv117__class_type_info11__do_upcastEPKS0_PPv
                0x00007b64       0x5c C:\android-ndk-r8b\sources\cxx-stl\gnu-libstdc++\4.4.3\libs\armeabi\libgnustl_static.a(class_type_info.o)
                0x00007b64                __cxxabiv1::__class_type_info::__do_upcast(__cxxabiv1::__class_type_info const*, void**) const
 .text._ZNK10__cxxabiv117__class_type_info20__do_find_public_srcEiPKvPKS0_S2_
                0x00007bc0       0x14 C:\android-ndk-r8b\sources\cxx-stl\gnu-libstdc++\4.4.3\libs\armeabi\libgnustl_static.a(class_type_info.o)
                0x00007bc0                __cxxabiv1::__class_type_info::__do_find_public_src(int, void const*, __cxxabiv1::__class_type_info const*, void const*) const
 .text._ZNK10__cxxabiv117__class_type_info11__do_upcastEPKS0_PKvRNS0_15__upcast_resultE
                0x00007bd4       0x34 C:\android-ndk-r8b\sources\cxx-stl\gnu-libstdc++\4.4.3\libs\armeabi\libgnustl_static.a(class_type_info.o)
                0x00007bd4                __cxxabiv1::__class_type_info::__do_upcast(__cxxabiv1::__class_type_info const*, void const*, __cxxabiv1::__class_type_info::__upcast_result&) const
 .text._ZNK10__cxxabiv117__class_type_info12__do_dyncastEiNS0_10__sub_kindEPKS0_PKvS3_S5_RNS0_16__dyncast_resultE
                0x00007c08       0x6c C:\android-ndk-r8b\sources\cxx-stl\gnu-libstdc++\4.4.3\libs\armeabi\libgnustl_static.a(class_type_info.o)
                0x00007c08                __cxxabiv1::__class_type_info::__do_dyncast(int, __cxxabiv1::__class_type_info::__sub_kind, __cxxabiv1::__class_type_info const*, void const*, __cxxabiv1::__class_type_info const*, void const*, __cxxabiv1::__class_type_info::__dyncast_result&) const
 .text._ZNK10__cxxabiv117__class_type_info10__do_catchEPKSt9type_infoPPvj
                0x00007c74       0x48 C:\android-ndk-r8b\sources\cxx-stl\gnu-libstdc++\4.4.3\libs\armeabi\libgnustl_static.a(class_type_info.o)
                0x00007c74                __cxxabiv1::__class_type_info::__do_catch(std::type_info const*, void**, unsigned int) const
 .text._ZN10__cxxabiv117__class_type_infoD1Ev
                0x00007cbc       0x34 C:\android-ndk-r8b\sources\cxx-stl\gnu-libstdc++\4.4.3\libs\armeabi\libgnustl_static.a(class_type_info.o)
                0x00007cbc                __cxxabiv1::__class_type_info::~__class_type_info()
 .text._ZN10__cxxabiv117__class_type_infoD0Ev
                0x00007cf0       0x1c C:\android-ndk-r8b\sources\cxx-stl\gnu-libstdc++\4.4.3\libs\armeabi\libgnustl_static.a(class_type_info.o)
                0x00007cf0                __cxxabiv1::__class_type_info::~__class_type_info()
 .text._ZN10__cxxabiv117__class_type_infoD2Ev
                0x00007d0c       0x34 C:\android-ndk-r8b\sources\cxx-stl\gnu-libstdc++\4.4.3\libs\armeabi\libgnustl_static.a(class_type_info.o)
                0x00007d0c                __cxxabiv1::__class_type_info::~__class_type_info()
 .text._ZNK9__gnu_cxx24__concurrence_lock_error4whatEv
                0x00007d40       0x10 C:\android-ndk-r8b\sources\cxx-stl\gnu-libstdc++\4.4.3\libs\armeabi\libgnustl_static.a(eh_alloc.o)
                0x00007d40                __gnu_cxx::__concurrence_lock_error::what() const
 .text._ZNK9__gnu_cxx26__concurrence_unlock_error4whatEv
                0x00007d50       0x10 C:\android-ndk-r8b\sources\cxx-stl\gnu-libstdc++\4.4.3\libs\armeabi\libgnustl_static.a(eh_alloc.o)
                0x00007d50                __gnu_cxx::__concurrence_unlock_error::what() const
 .text._GLOBAL__I_eh_alloc.cc
                0x00007d60       0x28 C:\android-ndk-r8b\sources\cxx-stl\gnu-libstdc++\4.4.3\libs\armeabi\libgnustl_static.a(eh_alloc.o)
 .text._ZN9__gnu_cxx24__concurrence_lock_errorD1Ev
                0x00007d88       0x28 C:\android-ndk-r8b\sources\cxx-stl\gnu-libstdc++\4.4.3\libs\armeabi\libgnustl_static.a(eh_alloc.o)
                0x00007d88                __gnu_cxx::__concurrence_lock_error::~__concurrence_lock_error()
 .text._ZN9__gnu_cxx26__concurrence_unlock_errorD1Ev
                0x00007db0       0x28 C:\android-ndk-r8b\sources\cxx-stl\gnu-libstdc++\4.4.3\libs\armeabi\libgnustl_static.a(eh_alloc.o)
                0x00007db0                __gnu_cxx::__concurrence_unlock_error::~__concurrence_unlock_error()
 .text._ZN9__gnu_cxx13__scoped_lockD1Ev
                0x00007dd8       0x68 C:\android-ndk-r8b\sources\cxx-stl\gnu-libstdc++\4.4.3\libs\armeabi\libgnustl_static.a(eh_alloc.o)
                0x00007dd8                __gnu_cxx::__scoped_lock::~__scoped_lock()
 .text._ZN9__gnu_cxx26__concurrence_unlock_errorD0Ev
                0x00007e40       0x30 C:\android-ndk-r8b\sources\cxx-stl\gnu-libstdc++\4.4.3\libs\armeabi\libgnustl_static.a(eh_alloc.o)
                0x00007e40                __gnu_cxx::__concurrence_unlock_error::~__concurrence_unlock_error()
 .text._ZN9__gnu_cxx24__concurrence_lock_errorD0Ev
                0x00007e70       0x30 C:\android-ndk-r8b\sources\cxx-stl\gnu-libstdc++\4.4.3\libs\armeabi\libgnustl_static.a(eh_alloc.o)
                0x00007e70                __gnu_cxx::__concurrence_lock_error::~__concurrence_lock_error()
 .text.__cxa_free_dependent_exception
                0x00007ea0      0x124 C:\android-ndk-r8b\sources\cxx-stl\gnu-libstdc++\4.4.3\libs\armeabi\libgnustl_static.a(eh_alloc.o)
                0x00007ea0                __cxa_free_dependent_exception
 .text.__cxa_free_exception
                0x00007fc4      0x11c C:\android-ndk-r8b\sources\cxx-stl\gnu-libstdc++\4.4.3\libs\armeabi\libgnustl_static.a(eh_alloc.o)
                0x00007fc4                __cxa_free_exception
 .text.__cxa_allocate_dependent_exception
                0x000080e0      0x18c C:\android-ndk-r8b\sources\cxx-stl\gnu-libstdc++\4.4.3\libs\armeabi\libgnustl_static.a(eh_alloc.o)
                0x000080e0                __cxa_allocate_dependent_exception
 .text.__cxa_allocate_exception
                0x0000826c      0x18c C:\android-ndk-r8b\sources\cxx-stl\gnu-libstdc++\4.4.3\libs\armeabi\libgnustl_static.a(eh_alloc.o)
                0x0000826c                __cxa_allocate_exception
 .text._ZNK10__cxxabiv117__pbase_type_info15__pointer_catchEPKS0_PPvj
                0x000083f8       0x24 C:\android-ndk-r8b\sources\cxx-stl\gnu-libstdc++\4.4.3\libs\armeabi\libgnustl_static.a(pbase_type_info.o)
                0x000083f8                __cxxabiv1::__pbase_type_info::__pointer_catch(__cxxabiv1::__pbase_type_info const*, void**, unsigned int) const
 .text._ZNK10__cxxabiv117__pbase_type_info10__do_catchEPKSt9type_infoPPvj
                0x0000841c       0x94 C:\android-ndk-r8b\sources\cxx-stl\gnu-libstdc++\4.4.3\libs\armeabi\libgnustl_static.a(pbase_type_info.o)
                0x0000841c                __cxxabiv1::__pbase_type_info::__do_catch(std::type_info const*, void**, unsigned int) const
 .text._ZN10__cxxabiv117__pbase_type_infoD1Ev
                0x000084b0       0x34 C:\android-ndk-r8b\sources\cxx-stl\gnu-libstdc++\4.4.3\libs\armeabi\libgnustl_static.a(pbase_type_info.o)
                0x000084b0                __cxxabiv1::__pbase_type_info::~__pbase_type_info()
 .text._ZN10__cxxabiv117__pbase_type_infoD0Ev
                0x000084e4       0x1c C:\android-ndk-r8b\sources\cxx-stl\gnu-libstdc++\4.4.3\libs\armeabi\libgnustl_static.a(pbase_type_info.o)
                0x000084e4                __cxxabiv1::__pbase_type_info::~__pbase_type_info()
 .text._ZN10__cxxabiv117__pbase_type_infoD2Ev
                0x00008500       0x34 C:\android-ndk-r8b\sources\cxx-stl\gnu-libstdc++\4.4.3\libs\armeabi\libgnustl_static.a(pbase_type_info.o)
                0x00008500                __cxxabiv1::__pbase_type_info::~__pbase_type_info()
 .text._ZN9__gnu_cxx27__verbose_terminate_handlerEv
                0x00008534      0x1b8 C:\android-ndk-r8b\sources\cxx-stl\gnu-libstdc++\4.4.3\libs\armeabi\libgnustl_static.a(vterminate.o)
                0x00008534                __gnu_cxx::__verbose_terminate_handler()
 .text          0x000086ec     0x4974 C:\android-ndk-r8b\sources\cxx-stl\gnu-libstdc++\4.4.3\libs\armeabi\libgnustl_static.a(cp-demangle.o)
                0x0000c438                __cxa_demangle
                0x0000c404                __gcclibcxx_demangle_callback
 .text.__cxa_current_exception_type
                0x0000d060       0x2c C:\android-ndk-r8b\sources\cxx-stl\gnu-libstdc++\4.4.3\libs\armeabi\libgnustl_static.a(eh_type.o)
                0x0000d060                __cxa_current_exception_type
 .text          0x0000d08c      0xec4 c:/android-ndk-r8b/toolchains/arm-linux-androideabi-4.4.3/prebuilt/windows/bin/../lib/gcc/arm-linux-androideabi/4.4.3\libgcc.a(unwind-arm.o)
                0x0000dab4                __gnu_Unwind_RaiseException
                0x0000d60c                __aeabi_unwind_cpp_pr0
                0x0000d13c                _Unwind_GetCFA
                0x0000d0d8                _Unwind_VRS_Set
                0x0000d850                __gnu_Unwind_Backtrace
                0x0000dbe4                _Unwind_VRS_Pop
                0x0000d5fc                __aeabi_unwind_cpp_pr2
                0x0000d148                _Unwind_DeleteException
                0x0000d144                _Unwind_Complete
                0x0000db78                __gnu_Unwind_Resume
                0x0000da40                __gnu_Unwind_ForcedUnwind
                0x0000db58                __gnu_Unwind_Resume_or_Rethrow
                0x0000d08c                _Unwind_VRS_Get
                0x0000d604                __aeabi_unwind_cpp_pr1
 .text          0x0000df50      0x1a8 c:/android-ndk-r8b/toolchains/arm-linux-androideabi-4.4.3/prebuilt/windows/bin/../lib/gcc/arm-linux-androideabi/4.4.3\libgcc.a(libunwind.o)
                0x0000e0b0                ___Unwind_ForcedUnwind
                0x0000df6c                __gnu_Unwind_Save_VFP
                0x0000e08c                _Unwind_Resume_or_Rethrow
                0x0000e08c                ___Unwind_Resume_or_Rethrow
                0x0000e0d4                _Unwind_Backtrace
                0x0000df50                __restore_core_regs
                0x0000df8c                __gnu_Unwind_Save_VFP_D_16_to_31
                0x0000df7c                __gnu_Unwind_Save_VFP_D
                0x0000e0d4                ___Unwind_Backtrace
                0x0000e044                ___Unwind_RaiseException
                0x0000e068                ___Unwind_Resume
                0x0000df94                __gnu_Unwind_Restore_WMMXD
                0x0000df64                __gnu_Unwind_Restore_VFP
                0x0000e068                _Unwind_Resume
                0x0000df74                __gnu_Unwind_Restore_VFP_D
                0x0000df84                __gnu_Unwind_Restore_VFP_D_16_to_31
                0x0000e044                _Unwind_RaiseException
                0x0000df50                restore_core_regs
                0x0000e030                __gnu_Unwind_Save_WMMXC
                0x0000e01c                __gnu_Unwind_Restore_WMMXC
                0x0000e0b0                _Unwind_ForcedUnwind
                0x0000dfd8                __gnu_Unwind_Save_WMMXD
 .text          0x0000e0f8      0x484 c:/android-ndk-r8b/toolchains/arm-linux-androideabi-4.4.3/prebuilt/windows/bin/../lib/gcc/arm-linux-androideabi/4.4.3\libgcc.a(pr-support.o)
                0x0000e198                _Unwind_GetRegionStart
                0x0000e1c4                __gnu_unwind_execute
                0x0000e150                _Unwind_GetTextRelBase
                0x0000e160                _Unwind_GetLanguageSpecificData
                0x0000e53c                __gnu_unwind_frame
                0x0000e158                _Unwind_GetDataRelBase
 *(.gnu.warning)
 *(.glue_7t)
 .glue_7t       0x00000000        0x0 linker stubs
 *(.glue_7)
 .glue_7        0x00000000        0x0 linker stubs
 *(.vfp11_veneer)
 .vfp11_veneer  0x00000000        0x0 linker stubs
 *(.v4_bx)
 .v4_bx         0x00000000        0x0 linker stubs

.fini
 *(.fini)
                0x0000e57c                PROVIDE (__etext, .)
                0x0000e57c                PROVIDE (_etext, .)
                0x0000e57c                PROVIDE (etext, .)

.rodata         0x0000e57c      0xcf4
 *(.rodata .rodata.* .gnu.linkonce.r.*)
 .rodata.str1.4
                0x0000e57c      0x1f5 release\IsChartboost_platform.os
                                0x1f8 (size before relaxing)
 *fill*         0x0000e771        0x3 00
 .rodata.str1.4
                0x0000e774       0x61 release\IsChartboost.os
                                 0x64 (size before relaxing)
 .rodata.str1.4
                0x00000000       0x61 release\IsChartboost_register.os
                                 0x10 (size before relaxing)
 *fill*         0x0000e7d5        0x3 00
 .rodata._ZTSN10__cxxabiv115__forced_unwindE
                0x0000e7d8       0x20 C:\android-ndk-r8b\sources\cxx-stl\gnu-libstdc++\4.4.3\libs\armeabi\libgnustl_static.a(eh_exception.o)
                0x0000e7d8                typeinfo name for __cxxabiv1::__forced_unwind
 .rodata._ZTSN10__cxxabiv119__foreign_exceptionE
                0x0000e7f8       0x24 C:\android-ndk-r8b\sources\cxx-stl\gnu-libstdc++\4.4.3\libs\armeabi\libgnustl_static.a(eh_exception.o)
                0x0000e7f8                typeinfo name for __cxxabiv1::__foreign_exception
 .rodata.str1.4
                0x0000e81c       0x23 C:\android-ndk-r8b\sources\cxx-stl\gnu-libstdc++\4.4.3\libs\armeabi\libgnustl_static.a(eh_exception.o)
                                 0x24 (size before relaxing)
 *fill*         0x0000e83f        0x1 00
 .rodata._ZTSSt9exception
                0x0000e840       0x10 C:\android-ndk-r8b\sources\cxx-stl\gnu-libstdc++\4.4.3\libs\armeabi\libgnustl_static.a(eh_exception.o)
                0x0000e840                typeinfo name for std::exception
 .rodata._ZTSSt13bad_exception
                0x0000e850       0x14 C:\android-ndk-r8b\sources\cxx-stl\gnu-libstdc++\4.4.3\libs\armeabi\libgnustl_static.a(eh_exception.o)
                0x0000e850                typeinfo name for std::bad_exception
 .rodata._ZTSPKe
                0x0000e864        0x4 C:\android-ndk-r8b\sources\cxx-stl\gnu-libstdc++\4.4.3\libs\armeabi\libgnustl_static.a(fundamental_type_info.o)
                0x0000e864                typeinfo name for long double const*
 .rodata._ZTSPe
                0x0000e868        0x4 C:\android-ndk-r8b\sources\cxx-stl\gnu-libstdc++\4.4.3\libs\armeabi\libgnustl_static.a(fundamental_type_info.o)
                0x0000e868                typeinfo name for long double*
 .rodata._ZTSe  0x0000e86c        0x4 C:\android-ndk-r8b\sources\cxx-stl\gnu-libstdc++\4.4.3\libs\armeabi\libgnustl_static.a(fundamental_type_info.o)
                0x0000e86c                typeinfo name for long double
 .rodata._ZTSPKd
                0x0000e870        0x4 C:\android-ndk-r8b\sources\cxx-stl\gnu-libstdc++\4.4.3\libs\armeabi\libgnustl_static.a(fundamental_type_info.o)
                0x0000e870                typeinfo name for double const*
 .rodata._ZTSPd
                0x0000e874        0x4 C:\android-ndk-r8b\sources\cxx-stl\gnu-libstdc++\4.4.3\libs\armeabi\libgnustl_static.a(fundamental_type_info.o)
                0x0000e874                typeinfo name for double*
 .rodata._ZTSd  0x0000e878        0x4 C:\android-ndk-r8b\sources\cxx-stl\gnu-libstdc++\4.4.3\libs\armeabi\libgnustl_static.a(fundamental_type_info.o)
                0x0000e878                typeinfo name for double
 .rodata._ZTSPKf
                0x0000e87c        0x4 C:\android-ndk-r8b\sources\cxx-stl\gnu-libstdc++\4.4.3\libs\armeabi\libgnustl_static.a(fundamental_type_info.o)
                0x0000e87c                typeinfo name for float const*
 .rodata._ZTSPf
                0x0000e880        0x4 C:\android-ndk-r8b\sources\cxx-stl\gnu-libstdc++\4.4.3\libs\armeabi\libgnustl_static.a(fundamental_type_info.o)
                0x0000e880                typeinfo name for float*
 .rodata._ZTSf  0x0000e884        0x4 C:\android-ndk-r8b\sources\cxx-stl\gnu-libstdc++\4.4.3\libs\armeabi\libgnustl_static.a(fundamental_type_info.o)
                0x0000e884                typeinfo name for float
 .rodata._ZTSPKy
                0x0000e888        0x4 C:\android-ndk-r8b\sources\cxx-stl\gnu-libstdc++\4.4.3\libs\armeabi\libgnustl_static.a(fundamental_type_info.o)
                0x0000e888                typeinfo name for unsigned long long const*
 .rodata._ZTSPy
                0x0000e88c        0x4 C:\android-ndk-r8b\sources\cxx-stl\gnu-libstdc++\4.4.3\libs\armeabi\libgnustl_static.a(fundamental_type_info.o)
                0x0000e88c                typeinfo name for unsigned long long*
 .rodata._ZTSy  0x0000e890        0x4 C:\android-ndk-r8b\sources\cxx-stl\gnu-libstdc++\4.4.3\libs\armeabi\libgnustl_static.a(fundamental_type_info.o)
                0x0000e890                typeinfo name for unsigned long long
 .rodata._ZTSPKx
                0x0000e894        0x4 C:\android-ndk-r8b\sources\cxx-stl\gnu-libstdc++\4.4.3\libs\armeabi\libgnustl_static.a(fundamental_type_info.o)
                0x0000e894                typeinfo name for long long const*
 .rodata._ZTSPx
                0x0000e898        0x4 C:\android-ndk-r8b\sources\cxx-stl\gnu-libstdc++\4.4.3\libs\armeabi\libgnustl_static.a(fundamental_type_info.o)
                0x0000e898                typeinfo name for long long*
 .rodata._ZTSx  0x0000e89c        0x4 C:\android-ndk-r8b\sources\cxx-stl\gnu-libstdc++\4.4.3\libs\armeabi\libgnustl_static.a(fundamental_type_info.o)
                0x0000e89c                typeinfo name for long long
 .rodata._ZTSPKm
                0x0000e8a0        0x4 C:\android-ndk-r8b\sources\cxx-stl\gnu-libstdc++\4.4.3\libs\armeabi\libgnustl_static.a(fundamental_type_info.o)
                0x0000e8a0                typeinfo name for unsigned long const*
 .rodata._ZTSPm
                0x0000e8a4        0x4 C:\android-ndk-r8b\sources\cxx-stl\gnu-libstdc++\4.4.3\libs\armeabi\libgnustl_static.a(fundamental_type_info.o)
                0x0000e8a4                typeinfo name for unsigned long*
 .rodata._ZTSm  0x0000e8a8        0x4 C:\android-ndk-r8b\sources\cxx-stl\gnu-libstdc++\4.4.3\libs\armeabi\libgnustl_static.a(fundamental_type_info.o)
                0x0000e8a8                typeinfo name for unsigned long
 .rodata._ZTSPKl
                0x0000e8ac        0x4 C:\android-ndk-r8b\sources\cxx-stl\gnu-libstdc++\4.4.3\libs\armeabi\libgnustl_static.a(fundamental_type_info.o)
                0x0000e8ac                typeinfo name for long const*
 .rodata._ZTSPl
                0x0000e8b0        0x4 C:\android-ndk-r8b\sources\cxx-stl\gnu-libstdc++\4.4.3\libs\armeabi\libgnustl_static.a(fundamental_type_info.o)
                0x0000e8b0                typeinfo name for long*
 .rodata._ZTSl  0x0000e8b4        0x4 C:\android-ndk-r8b\sources\cxx-stl\gnu-libstdc++\4.4.3\libs\armeabi\libgnustl_static.a(fundamental_type_info.o)
                0x0000e8b4                typeinfo name for long
 .rodata._ZTSPKj
                0x0000e8b8        0x4 C:\android-ndk-r8b\sources\cxx-stl\gnu-libstdc++\4.4.3\libs\armeabi\libgnustl_static.a(fundamental_type_info.o)
                0x0000e8b8                typeinfo name for unsigned int const*
 .rodata._ZTSPj
                0x0000e8bc        0x4 C:\android-ndk-r8b\sources\cxx-stl\gnu-libstdc++\4.4.3\libs\armeabi\libgnustl_static.a(fundamental_type_info.o)
                0x0000e8bc                typeinfo name for unsigned int*
 .rodata._ZTSj  0x0000e8c0        0x4 C:\android-ndk-r8b\sources\cxx-stl\gnu-libstdc++\4.4.3\libs\armeabi\libgnustl_static.a(fundamental_type_info.o)
                0x0000e8c0                typeinfo name for unsigned int
 .rodata._ZTSPKi
                0x0000e8c4        0x4 C:\android-ndk-r8b\sources\cxx-stl\gnu-libstdc++\4.4.3\libs\armeabi\libgnustl_static.a(fundamental_type_info.o)
                0x0000e8c4                typeinfo name for int const*
 .rodata._ZTSPi
                0x0000e8c8        0x4 C:\android-ndk-r8b\sources\cxx-stl\gnu-libstdc++\4.4.3\libs\armeabi\libgnustl_static.a(fundamental_type_info.o)
                0x0000e8c8                typeinfo name for int*
 .rodata._ZTSi  0x0000e8cc        0x4 C:\android-ndk-r8b\sources\cxx-stl\gnu-libstdc++\4.4.3\libs\armeabi\libgnustl_static.a(fundamental_type_info.o)
                0x0000e8cc                typeinfo name for int
 .rodata._ZTSPKt
                0x0000e8d0        0x4 C:\android-ndk-r8b\sources\cxx-stl\gnu-libstdc++\4.4.3\libs\armeabi\libgnustl_static.a(fundamental_type_info.o)
                0x0000e8d0                typeinfo name for unsigned short const*
 .rodata._ZTSPt
                0x0000e8d4        0x4 C:\android-ndk-r8b\sources\cxx-stl\gnu-libstdc++\4.4.3\libs\armeabi\libgnustl_static.a(fundamental_type_info.o)
                0x0000e8d4                typeinfo name for unsigned short*
 .rodata._ZTSt  0x0000e8d8        0x4 C:\android-ndk-r8b\sources\cxx-stl\gnu-libstdc++\4.4.3\libs\armeabi\libgnustl_static.a(fundamental_type_info.o)
                0x0000e8d8                typeinfo name for unsigned short
 .rodata._ZTSPKs
                0x0000e8dc        0x4 C:\android-ndk-r8b\sources\cxx-stl\gnu-libstdc++\4.4.3\libs\armeabi\libgnustl_static.a(fundamental_type_info.o)
                0x0000e8dc                typeinfo name for short const*
 .rodata._ZTSPs
                0x0000e8e0        0x4 C:\android-ndk-r8b\sources\cxx-stl\gnu-libstdc++\4.4.3\libs\armeabi\libgnustl_static.a(fundamental_type_info.o)
                0x0000e8e0                typeinfo name for short*
 .rodata._ZTSs  0x0000e8e4        0x4 C:\android-ndk-r8b\sources\cxx-stl\gnu-libstdc++\4.4.3\libs\armeabi\libgnustl_static.a(fundamental_type_info.o)
                0x0000e8e4                typeinfo name for short
 .rodata._ZTSPKh
                0x0000e8e8        0x4 C:\android-ndk-r8b\sources\cxx-stl\gnu-libstdc++\4.4.3\libs\armeabi\libgnustl_static.a(fundamental_type_info.o)
                0x0000e8e8                typeinfo name for unsigned char const*
 .rodata._ZTSPh
                0x0000e8ec        0x4 C:\android-ndk-r8b\sources\cxx-stl\gnu-libstdc++\4.4.3\libs\armeabi\libgnustl_static.a(fundamental_type_info.o)
                0x0000e8ec                typeinfo name for unsigned char*
 .rodata._ZTSh  0x0000e8f0        0x4 C:\android-ndk-r8b\sources\cxx-stl\gnu-libstdc++\4.4.3\libs\armeabi\libgnustl_static.a(fundamental_type_info.o)
                0x0000e8f0                typeinfo name for unsigned char
 .rodata._ZTSPKa
                0x0000e8f4        0x4 C:\android-ndk-r8b\sources\cxx-stl\gnu-libstdc++\4.4.3\libs\armeabi\libgnustl_static.a(fundamental_type_info.o)
                0x0000e8f4                typeinfo name for signed char const*
 .rodata._ZTSPa
                0x0000e8f8        0x4 C:\android-ndk-r8b\sources\cxx-stl\gnu-libstdc++\4.4.3\libs\armeabi\libgnustl_static.a(fundamental_type_info.o)
                0x0000e8f8                typeinfo name for signed char*
 .rodata._ZTSa  0x0000e8fc        0x4 C:\android-ndk-r8b\sources\cxx-stl\gnu-libstdc++\4.4.3\libs\armeabi\libgnustl_static.a(fundamental_type_info.o)
                0x0000e8fc                typeinfo name for signed char
 .rodata._ZTSPKc
                0x0000e900        0x4 C:\android-ndk-r8b\sources\cxx-stl\gnu-libstdc++\4.4.3\libs\armeabi\libgnustl_static.a(fundamental_type_info.o)
                0x0000e900                typeinfo name for char const*
 .rodata._ZTSPc
                0x0000e904        0x4 C:\android-ndk-r8b\sources\cxx-stl\gnu-libstdc++\4.4.3\libs\armeabi\libgnustl_static.a(fundamental_type_info.o)
                0x0000e904                typeinfo name for char*
 .rodata._ZTSc  0x0000e908        0x4 C:\android-ndk-r8b\sources\cxx-stl\gnu-libstdc++\4.4.3\libs\armeabi\libgnustl_static.a(fundamental_type_info.o)
                0x0000e908                typeinfo name for char
 .rodata._ZTSPKDi
                0x0000e90c        0x8 C:\android-ndk-r8b\sources\cxx-stl\gnu-libstdc++\4.4.3\libs\armeabi\libgnustl_static.a(fundamental_type_info.o)
                0x0000e90c                _ZTSPKDi
 .rodata._ZTSPDi
                0x0000e914        0x4 C:\android-ndk-r8b\sources\cxx-stl\gnu-libstdc++\4.4.3\libs\armeabi\libgnustl_static.a(fundamental_type_info.o)
                0x0000e914                _ZTSPDi
 .rodata._ZTSDi
                0x0000e918        0x4 C:\android-ndk-r8b\sources\cxx-stl\gnu-libstdc++\4.4.3\libs\armeabi\libgnustl_static.a(fundamental_type_info.o)
                0x0000e918                _ZTSDi
 .rodata._ZTSPKDs
                0x0000e91c        0x8 C:\android-ndk-r8b\sources\cxx-stl\gnu-libstdc++\4.4.3\libs\armeabi\libgnustl_static.a(fundamental_type_info.o)
                0x0000e91c                _ZTSPKDs
 .rodata._ZTSPDs
                0x0000e924        0x4 C:\android-ndk-r8b\sources\cxx-stl\gnu-libstdc++\4.4.3\libs\armeabi\libgnustl_static.a(fundamental_type_info.o)
                0x0000e924                _ZTSPDs
 .rodata._ZTSDs
                0x0000e928        0x4 C:\android-ndk-r8b\sources\cxx-stl\gnu-libstdc++\4.4.3\libs\armeabi\libgnustl_static.a(fundamental_type_info.o)
                0x0000e928                _ZTSDs
 .rodata._ZTSPKw
                0x0000e92c        0x4 C:\android-ndk-r8b\sources\cxx-stl\gnu-libstdc++\4.4.3\libs\armeabi\libgnustl_static.a(fundamental_type_info.o)
                0x0000e92c                typeinfo name for wchar_t const*
 .rodata._ZTSPw
                0x0000e930        0x4 C:\android-ndk-r8b\sources\cxx-stl\gnu-libstdc++\4.4.3\libs\armeabi\libgnustl_static.a(fundamental_type_info.o)
                0x0000e930                typeinfo name for wchar_t*
 .rodata._ZTSw  0x0000e934        0x4 C:\android-ndk-r8b\sources\cxx-stl\gnu-libstdc++\4.4.3\libs\armeabi\libgnustl_static.a(fundamental_type_info.o)
                0x0000e934                typeinfo name for wchar_t
 .rodata._ZTSPKb
                0x0000e938        0x4 C:\android-ndk-r8b\sources\cxx-stl\gnu-libstdc++\4.4.3\libs\armeabi\libgnustl_static.a(fundamental_type_info.o)
                0x0000e938                typeinfo name for bool const*
 .rodata._ZTSPb
                0x0000e93c        0x4 C:\android-ndk-r8b\sources\cxx-stl\gnu-libstdc++\4.4.3\libs\armeabi\libgnustl_static.a(fundamental_type_info.o)
                0x0000e93c                typeinfo name for bool*
 .rodata._ZTSb  0x0000e940        0x4 C:\android-ndk-r8b\sources\cxx-stl\gnu-libstdc++\4.4.3\libs\armeabi\libgnustl_static.a(fundamental_type_info.o)
                0x0000e940                typeinfo name for bool
 .rodata._ZTSPKv
                0x0000e944        0x4 C:\android-ndk-r8b\sources\cxx-stl\gnu-libstdc++\4.4.3\libs\armeabi\libgnustl_static.a(fundamental_type_info.o)
                0x0000e944                typeinfo name for void const*
 .rodata._ZTSPv
                0x0000e948        0x4 C:\android-ndk-r8b\sources\cxx-stl\gnu-libstdc++\4.4.3\libs\armeabi\libgnustl_static.a(fundamental_type_info.o)
                0x0000e948                typeinfo name for void*
 .rodata._ZTSv  0x0000e94c        0x4 C:\android-ndk-r8b\sources\cxx-stl\gnu-libstdc++\4.4.3\libs\armeabi\libgnustl_static.a(fundamental_type_info.o)
                0x0000e94c                typeinfo name for void
 .rodata._ZTSN10__cxxabiv123__fundamental_type_infoE
                0x0000e950       0x28 C:\android-ndk-r8b\sources\cxx-stl\gnu-libstdc++\4.4.3\libs\armeabi\libgnustl_static.a(fundamental_type_info.o)
                0x0000e950                typeinfo name for __cxxabiv1::__fundamental_type_info
 .rodata._ZTSSt9bad_alloc
                0x0000e978       0x10 C:\android-ndk-r8b\sources\cxx-stl\gnu-libstdc++\4.4.3\libs\armeabi\libgnustl_static.a(new_handler.o)
                0x0000e978                typeinfo name for std::bad_alloc
 .rodata.str1.4
                0x0000e988        0xf C:\android-ndk-r8b\sources\cxx-stl\gnu-libstdc++\4.4.3\libs\armeabi\libgnustl_static.a(new_handler.o)
                                 0x10 (size before relaxing)
 *fill*         0x0000e997        0x1 00
 .rodata._ZSt7nothrow
                0x0000e998        0x4 C:\android-ndk-r8b\sources\cxx-stl\gnu-libstdc++\4.4.3\libs\armeabi\libgnustl_static.a(new_handler.o)
                0x0000e998                std::nothrow
 .rodata._ZTSN10__cxxabiv119__pointer_type_infoE
                0x0000e99c       0x24 C:\android-ndk-r8b\sources\cxx-stl\gnu-libstdc++\4.4.3\libs\armeabi\libgnustl_static.a(pointer_type_info.o)
                0x0000e99c                typeinfo name for __cxxabiv1::__pointer_type_info
 .rodata.str1.4
                0x0000e9c0       0x1c C:\android-ndk-r8b\sources\cxx-stl\gnu-libstdc++\4.4.3\libs\armeabi\libgnustl_static.a(pure.o)
 .rodata._ZTSN10__cxxabiv120__si_class_type_infoE
                0x0000e9dc       0x28 C:\android-ndk-r8b\sources\cxx-stl\gnu-libstdc++\4.4.3\libs\armeabi\libgnustl_static.a(si_class_type_info.o)
                0x0000e9dc                typeinfo name for __cxxabiv1::__si_class_type_info
 .rodata._ZTSSt9type_info
                0x0000ea04       0x10 C:\android-ndk-r8b\sources\cxx-stl\gnu-libstdc++\4.4.3\libs\armeabi\libgnustl_static.a(tinfo.o)
                0x0000ea04                typeinfo name for std::type_info
 .rodata._ZTSSt8bad_cast
                0x0000ea14        0xc C:\android-ndk-r8b\sources\cxx-stl\gnu-libstdc++\4.4.3\libs\armeabi\libgnustl_static.a(bad_cast.o)
                0x0000ea14                typeinfo name for std::bad_cast
 .rodata.str1.4
                0x0000ea20        0xe C:\android-ndk-r8b\sources\cxx-stl\gnu-libstdc++\4.4.3\libs\armeabi\libgnustl_static.a(bad_cast.o)
                                 0x10 (size before relaxing)
 *fill*         0x0000ea2e        0x2 00
 .rodata.str1.4
                0x0000ea30       0x10 C:\android-ndk-r8b\sources\cxx-stl\gnu-libstdc++\4.4.3\libs\armeabi\libgnustl_static.a(bad_typeid.o)
 .rodata._ZTSSt10bad_typeid
                0x0000ea40       0x10 C:\android-ndk-r8b\sources\cxx-stl\gnu-libstdc++\4.4.3\libs\armeabi\libgnustl_static.a(bad_typeid.o)
                0x0000ea40                typeinfo name for std::bad_typeid
 .rodata._ZTSN10__cxxabiv117__class_type_infoE
                0x0000ea50       0x24 C:\android-ndk-r8b\sources\cxx-stl\gnu-libstdc++\4.4.3\libs\armeabi\libgnustl_static.a(class_type_info.o)
                0x0000ea50                typeinfo name for __cxxabiv1::__class_type_info
 .rodata._ZTSN9__gnu_cxx24__concurrence_lock_errorE
                0x0000ea74       0x28 C:\android-ndk-r8b\sources\cxx-stl\gnu-libstdc++\4.4.3\libs\armeabi\libgnustl_static.a(eh_alloc.o)
                0x0000ea74                typeinfo name for __gnu_cxx::__concurrence_lock_error
 .rodata._ZTSN9__gnu_cxx26__concurrence_unlock_errorE
                0x0000ea9c       0x2c C:\android-ndk-r8b\sources\cxx-stl\gnu-libstdc++\4.4.3\libs\armeabi\libgnustl_static.a(eh_alloc.o)
                0x0000ea9c                typeinfo name for __gnu_cxx::__concurrence_unlock_error
 .rodata.str1.4
                0x0000eac8       0x4a C:\android-ndk-r8b\sources\cxx-stl\gnu-libstdc++\4.4.3\libs\armeabi\libgnustl_static.a(eh_alloc.o)
                                 0x4c (size before relaxing)
 *fill*         0x0000eb12        0x2 00
 .rodata._ZTSN10__cxxabiv117__pbase_type_infoE
                0x0000eb14       0x24 C:\android-ndk-r8b\sources\cxx-stl\gnu-libstdc++\4.4.3\libs\armeabi\libgnustl_static.a(pbase_type_info.o)
                0x0000eb14                typeinfo name for __cxxabiv1::__pbase_type_info
 .rodata.str1.4
                0x0000eb38       0x92 C:\android-ndk-r8b\sources\cxx-stl\gnu-libstdc++\4.4.3\libs\armeabi\libgnustl_static.a(vterminate.o)
                                 0x94 (size before relaxing)
 *fill*         0x0000ebca        0x2 00
 .rodata.str1.4
                0x0000ebcc      0x6a4 C:\android-ndk-r8b\sources\cxx-stl\gnu-libstdc++\4.4.3\libs\armeabi\libgnustl_static.a(cp-demangle.o)
                                0x6d0 (size before relaxing)

.rodata1
 *(.rodata1)

.ARM.extab      0x0000f270      0x2d0
 *(.ARM.extab* .gnu.linkonce.armextab.*)
 .ARM.extab.text._Znaj
                0x0000f270       0x20 C:\android-ndk-r8b\sources\cxx-stl\gnu-libstdc++\4.4.3\libs\armeabi\libgnustl_static.a(new_opv.o)
 .ARM.extab.text.__cxa_call_unexpected
                0x0000f290       0x2c C:\android-ndk-r8b\sources\cxx-stl\gnu-libstdc++\4.4.3\libs\armeabi\libgnustl_static.a(eh_call.o)
 .ARM.extab.text.__cxa_begin_catch
                0x0000f2bc       0x20 C:\android-ndk-r8b\sources\cxx-stl\gnu-libstdc++\4.4.3\libs\armeabi\libgnustl_static.a(eh_catch.o)
 .ARM.extab.text._ZN17__eh_globals_initD1Ev
                0x0000f2dc        0x0 C:\android-ndk-r8b\sources\cxx-stl\gnu-libstdc++\4.4.3\libs\armeabi\libgnustl_static.a(eh_globals.o)
 .ARM.extab.text.__cxa_get_globals_fast
                0x0000f2dc       0x1c C:\android-ndk-r8b\sources\cxx-stl\gnu-libstdc++\4.4.3\libs\armeabi\libgnustl_static.a(eh_globals.o)
 .ARM.extab.text.__cxa_get_globals
                0x0000f2f8       0x1c C:\android-ndk-r8b\sources\cxx-stl\gnu-libstdc++\4.4.3\libs\armeabi\libgnustl_static.a(eh_globals.o)
 .ARM.extab.text.__gxx_personality_v0
                0x0000f314       0x30 C:\android-ndk-r8b\sources\cxx-stl\gnu-libstdc++\4.4.3\libs\armeabi\libgnustl_static.a(eh_personality.o)
 .ARM.extab.text._ZN10__cxxabiv111__terminateEPFvvE
                0x0000f344       0x24 C:\android-ndk-r8b\sources\cxx-stl\gnu-libstdc++\4.4.3\libs\armeabi\libgnustl_static.a(eh_terminate.o)
 .ARM.extab.text._ZSt9terminatev
                0x0000f368        0xc C:\android-ndk-r8b\sources\cxx-stl\gnu-libstdc++\4.4.3\libs\armeabi\libgnustl_static.a(eh_terminate.o)
 .ARM.extab.text._ZN10__cxxabiv112__unexpectedEPFvvE
                0x0000f374        0xc C:\android-ndk-r8b\sources\cxx-stl\gnu-libstdc++\4.4.3\libs\armeabi\libgnustl_static.a(eh_terminate.o)
 .ARM.extab.text._ZSt10unexpectedv
                0x0000f380        0xc C:\android-ndk-r8b\sources\cxx-stl\gnu-libstdc++\4.4.3\libs\armeabi\libgnustl_static.a(eh_terminate.o)
 .ARM.extab.text.__cxa_rethrow
                0x0000f38c        0xc C:\android-ndk-r8b\sources\cxx-stl\gnu-libstdc++\4.4.3\libs\armeabi\libgnustl_static.a(eh_throw.o)
 .ARM.extab.text.__cxa_throw
                0x0000f398        0xc C:\android-ndk-r8b\sources\cxx-stl\gnu-libstdc++\4.4.3\libs\armeabi\libgnustl_static.a(eh_throw.o)
 .ARM.extab.text._ZL23__gxx_exception_cleanup19_Unwind_Reason_CodeP21_Unwind_Control_Block
                0x0000f3a4        0xc C:\android-ndk-r8b\sources\cxx-stl\gnu-libstdc++\4.4.3\libs\armeabi\libgnustl_static.a(eh_throw.o)
 .ARM.extab.text._Znwj
                0x0000f3b0       0x24 C:\android-ndk-r8b\sources\cxx-stl\gnu-libstdc++\4.4.3\libs\armeabi\libgnustl_static.a(new_op.o)
 .ARM.extab.text._ZNK9__gnu_cxx24__concurrence_lock_error4whatEv
                0x0000f3d4        0x0 C:\android-ndk-r8b\sources\cxx-stl\gnu-libstdc++\4.4.3\libs\armeabi\libgnustl_static.a(eh_alloc.o)
 .ARM.extab.text._ZNK9__gnu_cxx26__concurrence_unlock_error4whatEv
                0x0000f3d4        0x0 C:\android-ndk-r8b\sources\cxx-stl\gnu-libstdc++\4.4.3\libs\armeabi\libgnustl_static.a(eh_alloc.o)
 .ARM.extab.text._ZN9__gnu_cxx24__concurrence_lock_errorD1Ev
                0x0000f3d4        0x0 C:\android-ndk-r8b\sources\cxx-stl\gnu-libstdc++\4.4.3\libs\armeabi\libgnustl_static.a(eh_alloc.o)
 .ARM.extab.text._ZN9__gnu_cxx26__concurrence_unlock_errorD1Ev
                0x0000f3d4        0x0 C:\android-ndk-r8b\sources\cxx-stl\gnu-libstdc++\4.4.3\libs\armeabi\libgnustl_static.a(eh_alloc.o)
 .ARM.extab.text._ZN9__gnu_cxx13__scoped_lockD1Ev
                0x0000f3d4       0x1c C:\android-ndk-r8b\sources\cxx-stl\gnu-libstdc++\4.4.3\libs\armeabi\libgnustl_static.a(eh_alloc.o)
 .ARM.extab.text._ZN9__gnu_cxx26__concurrence_unlock_errorD0Ev
                0x0000f3f0        0x0 C:\android-ndk-r8b\sources\cxx-stl\gnu-libstdc++\4.4.3\libs\armeabi\libgnustl_static.a(eh_alloc.o)
 .ARM.extab.text._ZN9__gnu_cxx24__concurrence_lock_errorD0Ev
                0x0000f3f0        0x0 C:\android-ndk-r8b\sources\cxx-stl\gnu-libstdc++\4.4.3\libs\armeabi\libgnustl_static.a(eh_alloc.o)
 .ARM.extab.text.__cxa_free_dependent_exception
                0x0000f3f0       0x38 C:\android-ndk-r8b\sources\cxx-stl\gnu-libstdc++\4.4.3\libs\armeabi\libgnustl_static.a(eh_alloc.o)
 .ARM.extab.text.__cxa_free_exception
                0x0000f428       0x38 C:\android-ndk-r8b\sources\cxx-stl\gnu-libstdc++\4.4.3\libs\armeabi\libgnustl_static.a(eh_alloc.o)
 .ARM.extab.text.__cxa_allocate_dependent_exception
                0x0000f460       0x34 C:\android-ndk-r8b\sources\cxx-stl\gnu-libstdc++\4.4.3\libs\armeabi\libgnustl_static.a(eh_alloc.o)
 .ARM.extab.text.__cxa_allocate_exception
                0x0000f494       0x40 C:\android-ndk-r8b\sources\cxx-stl\gnu-libstdc++\4.4.3\libs\armeabi\libgnustl_static.a(eh_alloc.o)
 .ARM.extab.text._ZNK10__cxxabiv117__pbase_type_info15__pointer_catchEPKS0_PPvj
                0x0000f4d4        0x0 C:\android-ndk-r8b\sources\cxx-stl\gnu-libstdc++\4.4.3\libs\armeabi\libgnustl_static.a(pbase_type_info.o)
 .ARM.extab.text._ZN9__gnu_cxx27__verbose_terminate_handlerEv
                0x0000f4d4       0x3c C:\android-ndk-r8b\sources\cxx-stl\gnu-libstdc++\4.4.3\libs\armeabi\libgnustl_static.a(vterminate.o)
 .ARM.extab     0x0000f510        0xc C:\android-ndk-r8b\sources\cxx-stl\gnu-libstdc++\4.4.3\libs\armeabi\libgnustl_static.a(cp-demangle.o)
 .ARM.extab     0x0000f51c       0x24 c:/android-ndk-r8b/toolchains/arm-linux-androideabi-4.4.3/prebuilt/windows/bin/../lib/gcc/arm-linux-androideabi/4.4.3\libgcc.a(unwind-arm.o)
                0x0000f540                __exidx_start = .

.ARM.exidx      0x0000f540      0x578
 *(.ARM.exidx* .gnu.linkonce.armexidx.*)
 .ARM.exidx     0x0000f540        0x8 C:/android-ndk-r8b/platforms/android-9/arch-arm/usr/lib/crtbegin_so.o
 .ARM.exidx.text._ZdlPv
                0x0000f548        0x8 C:\android-ndk-r8b\sources\cxx-stl\gnu-libstdc++\4.4.3\libs\armeabi\libgnustl_static.a(del_op.o)
 .ARM.exidx.text._Znaj
                0x0000f550        0x8 C:\android-ndk-r8b\sources\cxx-stl\gnu-libstdc++\4.4.3\libs\armeabi\libgnustl_static.a(new_opv.o)
 .ARM.exidx.text.__cxa_type_match
                0x0000f558        0x8 C:\android-ndk-r8b\sources\cxx-stl\gnu-libstdc++\4.4.3\libs\armeabi\libgnustl_static.a(eh_arm.o)
 .ARM.exidx.text.__cxa_begin_cleanup
                0x0000f560        0x8 C:\android-ndk-r8b\sources\cxx-stl\gnu-libstdc++\4.4.3\libs\armeabi\libgnustl_static.a(eh_arm.o)
 .ARM.exidx.text.__gnu_end_cleanup
                0x0000f568        0x8 C:\android-ndk-r8b\sources\cxx-stl\gnu-libstdc++\4.4.3\libs\armeabi\libgnustl_static.a(eh_arm.o)
 .ARM.exidx.text.__cxa_bad_typeid
                0x0000f570        0x8 C:\android-ndk-r8b\sources\cxx-stl\gnu-libstdc++\4.4.3\libs\armeabi\libgnustl_static.a(eh_aux_runtime.o)
 .ARM.exidx.text.__cxa_bad_cast
                0x0000f578        0x8 C:\android-ndk-r8b\sources\cxx-stl\gnu-libstdc++\4.4.3\libs\armeabi\libgnustl_static.a(eh_aux_runtime.o)
 .ARM.exidx.text.__cxa_call_terminate
                0x0000f580        0x8 C:\android-ndk-r8b\sources\cxx-stl\gnu-libstdc++\4.4.3\libs\armeabi\libgnustl_static.a(eh_call.o)
 .ARM.exidx.text.__cxa_call_unexpected
                0x0000f588        0x8 C:\android-ndk-r8b\sources\cxx-stl\gnu-libstdc++\4.4.3\libs\armeabi\libgnustl_static.a(eh_call.o)
 .ARM.exidx.text.__cxa_get_exception_ptr
                0x0000f590        0x8 C:\android-ndk-r8b\sources\cxx-stl\gnu-libstdc++\4.4.3\libs\armeabi\libgnustl_static.a(eh_catch.o)
 .ARM.exidx.text._ZSt18uncaught_exceptionv
                0x0000f598        0x8 C:\android-ndk-r8b\sources\cxx-stl\gnu-libstdc++\4.4.3\libs\armeabi\libgnustl_static.a(eh_catch.o)
 .ARM.exidx.text.__cxa_end_catch
                0x0000f5a0        0x8 C:\android-ndk-r8b\sources\cxx-stl\gnu-libstdc++\4.4.3\libs\armeabi\libgnustl_static.a(eh_catch.o)
 .ARM.exidx.text.__cxa_begin_catch
                0x0000f5a8        0x8 C:\android-ndk-r8b\sources\cxx-stl\gnu-libstdc++\4.4.3\libs\armeabi\libgnustl_static.a(eh_catch.o)
 .ARM.exidx.text._ZNSt9exceptionD2Ev
                0x0000f5b0        0x8 C:\android-ndk-r8b\sources\cxx-stl\gnu-libstdc++\4.4.3\libs\armeabi\libgnustl_static.a(eh_exception.o)
 .ARM.exidx.text._ZNSt9exceptionD1Ev
                0x0000f5b8        0x8 C:\android-ndk-r8b\sources\cxx-stl\gnu-libstdc++\4.4.3\libs\armeabi\libgnustl_static.a(eh_exception.o)
 .ARM.exidx.text._ZNSt13bad_exceptionD2Ev
                0x0000f5c0        0x8 C:\android-ndk-r8b\sources\cxx-stl\gnu-libstdc++\4.4.3\libs\armeabi\libgnustl_static.a(eh_exception.o)
 .ARM.exidx.text._ZNSt13bad_exceptionD1Ev
                0x0000f5c8        0x8 C:\android-ndk-r8b\sources\cxx-stl\gnu-libstdc++\4.4.3\libs\armeabi\libgnustl_static.a(eh_exception.o)
 .ARM.exidx.text._ZN10__cxxabiv115__forced_unwindD2Ev
                0x0000f5d0        0x8 C:\android-ndk-r8b\sources\cxx-stl\gnu-libstdc++\4.4.3\libs\armeabi\libgnustl_static.a(eh_exception.o)
 .ARM.exidx.text._ZN10__cxxabiv115__forced_unwindD1Ev
                0x0000f5d8        0x8 C:\android-ndk-r8b\sources\cxx-stl\gnu-libstdc++\4.4.3\libs\armeabi\libgnustl_static.a(eh_exception.o)
 .ARM.exidx.text._ZN10__cxxabiv119__foreign_exceptionD2Ev
                0x0000f5e0        0x8 C:\android-ndk-r8b\sources\cxx-stl\gnu-libstdc++\4.4.3\libs\armeabi\libgnustl_static.a(eh_exception.o)
 .ARM.exidx.text._ZN10__cxxabiv119__foreign_exceptionD1Ev
                0x0000f5e8        0x8 C:\android-ndk-r8b\sources\cxx-stl\gnu-libstdc++\4.4.3\libs\armeabi\libgnustl_static.a(eh_exception.o)
 .ARM.exidx.text._ZNKSt9exception4whatEv
                0x0000f5f0        0x8 C:\android-ndk-r8b\sources\cxx-stl\gnu-libstdc++\4.4.3\libs\armeabi\libgnustl_static.a(eh_exception.o)
 .ARM.exidx.text._ZNKSt13bad_exception4whatEv
                0x0000f5f8        0x8 C:\android-ndk-r8b\sources\cxx-stl\gnu-libstdc++\4.4.3\libs\armeabi\libgnustl_static.a(eh_exception.o)
 .ARM.exidx.text._ZN10__cxxabiv119__foreign_exceptionD0Ev
                0x0000f600        0x8 C:\android-ndk-r8b\sources\cxx-stl\gnu-libstdc++\4.4.3\libs\armeabi\libgnustl_static.a(eh_exception.o)
 .ARM.exidx.text._ZN10__cxxabiv115__forced_unwindD0Ev
                0x0000f608        0x8 C:\android-ndk-r8b\sources\cxx-stl\gnu-libstdc++\4.4.3\libs\armeabi\libgnustl_static.a(eh_exception.o)
 .ARM.exidx.text._ZNSt9exceptionD0Ev
                0x0000f610        0x8 C:\android-ndk-r8b\sources\cxx-stl\gnu-libstdc++\4.4.3\libs\armeabi\libgnustl_static.a(eh_exception.o)
 .ARM.exidx.text._ZNSt13bad_exceptionD0Ev
                0x0000f618        0x8 C:\android-ndk-r8b\sources\cxx-stl\gnu-libstdc++\4.4.3\libs\armeabi\libgnustl_static.a(eh_exception.o)
 .ARM.exidx.text._GLOBAL__I_eh_globals.cc
                0x0000f620        0x8 C:\android-ndk-r8b\sources\cxx-stl\gnu-libstdc++\4.4.3\libs\armeabi\libgnustl_static.a(eh_globals.o)
 .ARM.exidx.text._ZL15eh_globals_dtorPv
                0x0000f628        0x8 C:\android-ndk-r8b\sources\cxx-stl\gnu-libstdc++\4.4.3\libs\armeabi\libgnustl_static.a(eh_globals.o)
 .ARM.exidx.text._ZN17__eh_globals_initD1Ev
                0x0000f630        0x8 C:\android-ndk-r8b\sources\cxx-stl\gnu-libstdc++\4.4.3\libs\armeabi\libgnustl_static.a(eh_globals.o)
 .ARM.exidx.text.__cxa_get_globals_fast
                0x0000f638        0x8 C:\android-ndk-r8b\sources\cxx-stl\gnu-libstdc++\4.4.3\libs\armeabi\libgnustl_static.a(eh_globals.o)
 .ARM.exidx.text.__cxa_get_globals
                0x0000f640        0x8 C:\android-ndk-r8b\sources\cxx-stl\gnu-libstdc++\4.4.3\libs\armeabi\libgnustl_static.a(eh_globals.o)
 .ARM.exidx.text._ZL12read_sleb128PKhPl
                0x0000f648        0x8 C:\android-ndk-r8b\sources\cxx-stl\gnu-libstdc++\4.4.3\libs\armeabi\libgnustl_static.a(eh_personality.o)
 .ARM.exidx.text._ZL21base_of_encoded_valuehP15_Unwind_Context
                0x0000f650        0x8 C:\android-ndk-r8b\sources\cxx-stl\gnu-libstdc++\4.4.3\libs\armeabi\libgnustl_static.a(eh_personality.o)
 .ARM.exidx.text._ZL17parse_lsda_headerP15_Unwind_ContextPKhP16lsda_header_info
                0x0000f658        0x8 C:\android-ndk-r8b\sources\cxx-stl\gnu-libstdc++\4.4.3\libs\armeabi\libgnustl_static.a(eh_personality.o)
 .ARM.exidx.text.__gxx_personality_v0
                0x0000f660        0x8 C:\android-ndk-r8b\sources\cxx-stl\gnu-libstdc++\4.4.3\libs\armeabi\libgnustl_static.a(eh_personality.o)
 .ARM.exidx.text._ZSt13set_terminatePFvvE
                0x0000f668        0x8 C:\android-ndk-r8b\sources\cxx-stl\gnu-libstdc++\4.4.3\libs\armeabi\libgnustl_static.a(eh_terminate.o)
 .ARM.exidx.text._ZSt14set_unexpectedPFvvE
                0x0000f670        0x8 C:\android-ndk-r8b\sources\cxx-stl\gnu-libstdc++\4.4.3\libs\armeabi\libgnustl_static.a(eh_terminate.o)
 .ARM.exidx.text._ZN10__cxxabiv111__terminateEPFvvE
                0x0000f678        0x8 C:\android-ndk-r8b\sources\cxx-stl\gnu-libstdc++\4.4.3\libs\armeabi\libgnustl_static.a(eh_terminate.o)
 .ARM.exidx.text._ZSt9terminatev
                0x0000f680        0x8 C:\android-ndk-r8b\sources\cxx-stl\gnu-libstdc++\4.4.3\libs\armeabi\libgnustl_static.a(eh_terminate.o)
 .ARM.exidx.text._ZN10__cxxabiv112__unexpectedEPFvvE
                0x0000f688        0x8 C:\android-ndk-r8b\sources\cxx-stl\gnu-libstdc++\4.4.3\libs\armeabi\libgnustl_static.a(eh_terminate.o)
 .ARM.exidx.text._ZSt10unexpectedv
                0x0000f690        0x8 C:\android-ndk-r8b\sources\cxx-stl\gnu-libstdc++\4.4.3\libs\armeabi\libgnustl_static.a(eh_terminate.o)
 .ARM.exidx.text.__cxa_rethrow
                0x0000f698        0x8 C:\android-ndk-r8b\sources\cxx-stl\gnu-libstdc++\4.4.3\libs\armeabi\libgnustl_static.a(eh_throw.o)
 .ARM.exidx.text.__cxa_throw
                0x0000f6a0        0x8 C:\android-ndk-r8b\sources\cxx-stl\gnu-libstdc++\4.4.3\libs\armeabi\libgnustl_static.a(eh_throw.o)
 .ARM.exidx.text._ZL23__gxx_exception_cleanup19_Unwind_Reason_CodeP21_Unwind_Control_Block
                0x0000f6a8        0x8 C:\android-ndk-r8b\sources\cxx-stl\gnu-libstdc++\4.4.3\libs\armeabi\libgnustl_static.a(eh_throw.o)
 .ARM.exidx.text._ZN10__cxxabiv123__fundamental_type_infoD1Ev
                0x0000f6b0        0x8 C:\android-ndk-r8b\sources\cxx-stl\gnu-libstdc++\4.4.3\libs\armeabi\libgnustl_static.a(fundamental_type_info.o)
 .ARM.exidx.text._ZN10__cxxabiv123__fundamental_type_infoD0Ev
                0x0000f6b8        0x8 C:\android-ndk-r8b\sources\cxx-stl\gnu-libstdc++\4.4.3\libs\armeabi\libgnustl_static.a(fundamental_type_info.o)
 .ARM.exidx.text._ZN10__cxxabiv123__fundamental_type_infoD2Ev
                0x0000f6c0        0x8 C:\android-ndk-r8b\sources\cxx-stl\gnu-libstdc++\4.4.3\libs\armeabi\libgnustl_static.a(fundamental_type_info.o)
 .ARM.exidx.text._ZSt15set_new_handlerPFvvE
                0x0000f6c8        0x8 C:\android-ndk-r8b\sources\cxx-stl\gnu-libstdc++\4.4.3\libs\armeabi\libgnustl_static.a(new_handler.o)
 .ARM.exidx.text._ZNKSt9bad_alloc4whatEv
                0x0000f6d0        0x8 C:\android-ndk-r8b\sources\cxx-stl\gnu-libstdc++\4.4.3\libs\armeabi\libgnustl_static.a(new_handler.o)
 .ARM.exidx.text._ZNSt9bad_allocD1Ev
                0x0000f6d8        0x8 C:\android-ndk-r8b\sources\cxx-stl\gnu-libstdc++\4.4.3\libs\armeabi\libgnustl_static.a(new_handler.o)
 .ARM.exidx.text._ZNSt9bad_allocD0Ev
                0x0000f6e0        0x8 C:\android-ndk-r8b\sources\cxx-stl\gnu-libstdc++\4.4.3\libs\armeabi\libgnustl_static.a(new_handler.o)
 .ARM.exidx.text._ZNSt9bad_allocD2Ev
                0x0000f6e8        0x8 C:\android-ndk-r8b\sources\cxx-stl\gnu-libstdc++\4.4.3\libs\armeabi\libgnustl_static.a(new_handler.o)
 .ARM.exidx.text._Znwj
                0x0000f6f0        0x8 C:\android-ndk-r8b\sources\cxx-stl\gnu-libstdc++\4.4.3\libs\armeabi\libgnustl_static.a(new_op.o)
 .ARM.exidx.text._ZNK10__cxxabiv119__pointer_type_info14__is_pointer_pEv
                0x0000f6f8        0x8 C:\android-ndk-r8b\sources\cxx-stl\gnu-libstdc++\4.4.3\libs\armeabi\libgnustl_static.a(pointer_type_info.o)
 .ARM.exidx.text._ZNK10__cxxabiv119__pointer_type_info15__pointer_catchEPKNS_17__pbase_type_infoEPPvj
                0x0000f700        0x8 C:\android-ndk-r8b\sources\cxx-stl\gnu-libstdc++\4.4.3\libs\armeabi\libgnustl_static.a(pointer_type_info.o)
 .ARM.exidx.text._ZN10__cxxabiv119__pointer_type_infoD1Ev
                0x0000f708        0x8 C:\android-ndk-r8b\sources\cxx-stl\gnu-libstdc++\4.4.3\libs\armeabi\libgnustl_static.a(pointer_type_info.o)
 .ARM.exidx.text._ZN10__cxxabiv119__pointer_type_infoD0Ev
                0x0000f710        0x8 C:\android-ndk-r8b\sources\cxx-stl\gnu-libstdc++\4.4.3\libs\armeabi\libgnustl_static.a(pointer_type_info.o)
 .ARM.exidx.text._ZN10__cxxabiv119__pointer_type_infoD2Ev
                0x0000f718        0x8 C:\android-ndk-r8b\sources\cxx-stl\gnu-libstdc++\4.4.3\libs\armeabi\libgnustl_static.a(pointer_type_info.o)
 .ARM.exidx.text.__cxa_pure_virtual
                0x0000f720        0x8 C:\android-ndk-r8b\sources\cxx-stl\gnu-libstdc++\4.4.3\libs\armeabi\libgnustl_static.a(pure.o)
 .ARM.exidx.text._ZNK10__cxxabiv120__si_class_type_info11__do_upcastEPKNS_17__class_type_infoEPKvRNS1_15__upcast_resultE
                0x0000f728        0x8 C:\android-ndk-r8b\sources\cxx-stl\gnu-libstdc++\4.4.3\libs\armeabi\libgnustl_static.a(si_class_type_info.o)
 .ARM.exidx.text._ZNK10__cxxabiv120__si_class_type_info12__do_dyncastEiNS_17__class_type_info10__sub_kindEPKS1_PKvS4_S6_RNS1_16__dyncast_resultE
                0x0000f730        0x8 C:\android-ndk-r8b\sources\cxx-stl\gnu-libstdc++\4.4.3\libs\armeabi\libgnustl_static.a(si_class_type_info.o)
 .ARM.exidx.text._ZNK10__cxxabiv120__si_class_type_info20__do_find_public_srcEiPKvPKNS_17__class_type_infoES2_
                0x0000f738        0x8 C:\android-ndk-r8b\sources\cxx-stl\gnu-libstdc++\4.4.3\libs\armeabi\libgnustl_static.a(si_class_type_info.o)
 .ARM.exidx.text._ZN10__cxxabiv120__si_class_type_infoD1Ev