Archive member included because of file (symbol)

C:\marmalade\6.3.1\s3e\edk\lib\android\libedk.a(IwDebug.o)
                              debug\s3eAndroidGooglePlayBilling_platform.os (IwDebugTraceSetTraceChannel)
C:\marmalade\6.3.1\s3e\edk\lib\android\libedk.a(edk_helpers.o)
                              debug\s3eAndroidGooglePlayBilling_platform.os (s3eEdkThreadRunOnOS)
C:\android-ndk-r8e\sources\cxx-stl\gnu-libstdc++\4.4.3\libs\armeabi\libgnustl_static.a(del_op.o)
                              debug\s3eAndroidGooglePlayBilling_platform.os (operator delete(void*))
C:\android-ndk-r8e\sources\cxx-stl\gnu-libstdc++\4.4.3\libs\armeabi\libgnustl_static.a(del_opv.o)
                              debug\s3eAndroidGooglePlayBilling_platform.os (operator delete[](void*))
C:\android-ndk-r8e\sources\cxx-stl\gnu-libstdc++\4.4.3\libs\armeabi\libgnustl_static.a(new_op.o)
                              debug\s3eAndroidGooglePlayBilling_platform.os (operator new(unsigned int))
C:\android-ndk-r8e\sources\cxx-stl\gnu-libstdc++\4.4.3\libs\armeabi\libgnustl_static.a(new_opv.o)
                              debug\s3eAndroidGooglePlayBilling_platform.os (operator new[](unsigned int))
C:\android-ndk-r8e\sources\cxx-stl\gnu-libstdc++\4.4.3\libs\armeabi\libgnustl_static.a(eh_alloc.o)
                              C:\android-ndk-r8e\sources\cxx-stl\gnu-libstdc++\4.4.3\libs\armeabi\libgnustl_static.a(new_op.o) (__cxa_allocate_exception)
C:\android-ndk-r8e\sources\cxx-stl\gnu-libstdc++\4.4.3\libs\armeabi\libgnustl_static.a(eh_arm.o)
                              C:\android-ndk-r8e\sources\cxx-stl\gnu-libstdc++\4.4.3\libs\armeabi\libgnustl_static.a(new_op.o) (__cxa_end_cleanup)
C:\android-ndk-r8e\sources\cxx-stl\gnu-libstdc++\4.4.3\libs\armeabi\libgnustl_static.a(eh_aux_runtime.o)
                              C:\android-ndk-r8e\sources\cxx-stl\gnu-libstdc++\4.4.3\libs\armeabi\libgnustl_static.a(eh_arm.o) (__cxa_bad_typeid)
C:\android-ndk-r8e\sources\cxx-stl\gnu-libstdc++\4.4.3\libs\armeabi\libgnustl_static.a(eh_call.o)
                              C:\android-ndk-r8e\sources\cxx-stl\gnu-libstdc++\4.4.3\libs\armeabi\libgnustl_static.a(new_op.o) (__cxa_call_unexpected)
C:\android-ndk-r8e\sources\cxx-stl\gnu-libstdc++\4.4.3\libs\armeabi\libgnustl_static.a(eh_catch.o)
                              C:\android-ndk-r8e\sources\cxx-stl\gnu-libstdc++\4.4.3\libs\armeabi\libgnustl_static.a(eh_call.o) (__cxa_end_catch)
C:\android-ndk-r8e\sources\cxx-stl\gnu-libstdc++\4.4.3\libs\armeabi\libgnustl_static.a(eh_exception.o)
                              C:\android-ndk-r8e\sources\cxx-stl\gnu-libstdc++\4.4.3\libs\armeabi\libgnustl_static.a(eh_alloc.o) (std::exception::~exception())
C:\android-ndk-r8e\sources\cxx-stl\gnu-libstdc++\4.4.3\libs\armeabi\libgnustl_static.a(eh_globals.o)
                              C:\android-ndk-r8e\sources\cxx-stl\gnu-libstdc++\4.4.3\libs\armeabi\libgnustl_static.a(eh_call.o) (__cxa_get_globals_fast)
C:\android-ndk-r8e\sources\cxx-stl\gnu-libstdc++\4.4.3\libs\armeabi\libgnustl_static.a(eh_personality.o)
                              C:\android-ndk-r8e\sources\cxx-stl\gnu-libstdc++\4.4.3\libs\armeabi\libgnustl_static.a(new_op.o) (__gxx_personality_v0)
C:\android-ndk-r8e\sources\cxx-stl\gnu-libstdc++\4.4.3\libs\armeabi\libgnustl_static.a(eh_terminate.o)
                              C:\android-ndk-r8e\sources\cxx-stl\gnu-libstdc++\4.4.3\libs\armeabi\libgnustl_static.a(eh_call.o) (__cxxabiv1::__terminate(void (*)()))
C:\android-ndk-r8e\sources\cxx-stl\gnu-libstdc++\4.4.3\libs\armeabi\libgnustl_static.a(eh_throw.o)
                              C:\android-ndk-r8e\sources\cxx-stl\gnu-libstdc++\4.4.3\libs\armeabi\libgnustl_static.a(eh_call.o) (__cxa_rethrow)
C:\android-ndk-r8e\sources\cxx-stl\gnu-libstdc++\4.4.3\libs\armeabi\libgnustl_static.a(eh_unex_handler.o)
                              C:\android-ndk-r8e\sources\cxx-stl\gnu-libstdc++\4.4.3\libs\armeabi\libgnustl_static.a(eh_terminate.o) (__cxxabiv1::__unexpected_handler)
C:\android-ndk-r8e\sources\cxx-stl\gnu-libstdc++\4.4.3\libs\armeabi\libgnustl_static.a(fundamental_type_info.o)
                              C:\android-ndk-r8e\sources\cxx-stl\gnu-libstdc++\4.4.3\libs\armeabi\libgnustl_static.a(eh_arm.o) (typeinfo for void)
C:\android-ndk-r8e\sources\cxx-stl\gnu-libstdc++\4.4.3\libs\armeabi\libgnustl_static.a(new_handler.o)
                              C:\android-ndk-r8e\sources\cxx-stl\gnu-libstdc++\4.4.3\libs\armeabi\libgnustl_static.a(new_op.o) (std::bad_alloc::~bad_alloc())
C:\android-ndk-r8e\sources\cxx-stl\gnu-libstdc++\4.4.3\libs\armeabi\libgnustl_static.a(pointer_type_info.o)
                              C:\android-ndk-r8e\sources\cxx-stl\gnu-libstdc++\4.4.3\libs\armeabi\libgnustl_static.a(fundamental_type_info.o) (vtable for __cxxabiv1::__pointer_type_info)
C:\android-ndk-r8e\sources\cxx-stl\gnu-libstdc++\4.4.3\libs\armeabi\libgnustl_static.a(pure.o)
[...]
Memory Configuration

Name             Origin             Length             Attributes
*default*        0x00000000         0xffffffff

Linker script and memory map

LOAD C:/android-ndk-r8e/platforms/android-9/arch-arm/usr/lib/crtbegin_so.o
LOAD debug\s3eAndroidGooglePlayBilling_platform.os
LOAD debug\s3eAndroidGooglePlayBilling.os
LOAD debug\s3eAndroidGooglePlayBilling_register.os
LOAD C:\marmalade\6.3.1\s3e\edk\lib\android\libedk.a
LOAD C:\marmalade\6.3.1\s3e\edk\lib\android/libplaceholderplaceholderplaceholderplaceholderplaceholder.so
LOAD C:\android-ndk-r8e\platforms\android-9\arch-arm\usr\lib/liblog.so
LOAD C:\android-ndk-r8e\sources\cxx-stl\gnu-libstdc++\4.4.3\libs\armeabi\libgnustl_static.a
LOAD c:/android-ndk-r8e/toolchains/arm-linux-androideabi-4.4.3/prebuilt/windows/bin/../lib/gcc/arm-linux-androideabi/4.4.3\libgcc.a
LOAD C:\android-ndk-r8e\platforms\android-9\arch-arm\usr\lib/libstdc++.so
LOAD C:\android-ndk-r8e\platforms\android-9\arch-arm\usr\lib/libm.so
LOAD C:\android-ndk-r8e\platforms\android-9\arch-arm\usr\lib/libc.so
LOAD c:/android-ndk-r8e/toolchains/arm-linux-androideabi-4.4.3/prebuilt/windows/bin/../lib/gcc/arm-linux-androideabi/4.4.3\libgcc.a
LOAD C:\android-ndk-r8e\platforms\android-9\arch-arm\usr\lib/libc.so
LOAD C:\android-ndk-r8e\platforms\android-9\arch-arm\usr\lib/libdl.so
LOAD c:/android-ndk-r8e/toolchains/arm-linux-androideabi-4.4.3/prebuilt/windows/bin/../lib/gcc/arm-linux-androideabi/4.4.3\libgcc.a
LOAD C:/android-ndk-r8e/platforms/android-9/arch-arm/usr/lib/crtend_so.o
                0x000000f4                . = (0x0 + SIZEOF_HEADERS)

.note.gnu.build-id
 *(.note.gnu.build-id)

.hash           0x000000f4      0x9ac
 *(.hash)
 .hash          0x000000f4      0x9ac C:/android-ndk-r8e/platforms/android-9/arch-arm/usr/lib/crtbegin_so.o

.gnu.hash
 *(.gnu.hash)

.dynsym         0x00000aa0     0x1620
 *(.dynsym)
 .dynsym        0x00000aa0     0x1620 C:/android-ndk-r8e/platforms/android-9/arch-arm/usr/lib/crtbegin_so.o

.dynstr         0x000020c0     0x1a48
 *(.dynstr)
 .dynstr        0x000020c0     0x1a48 C:/android-ndk-r8e/platforms/android-9/arch-arm/usr/lib/crtbegin_so.o

.gnu.version    0x00003b08        0x0
 *(.gnu.version)
 .gnu.version   0x00000000        0x0 C:/android-ndk-r8e/platforms/android-9/arch-arm/usr/lib/crtbegin_so.o

.gnu.version_d  0x00003b08        0x0
 *(.gnu.version_d)
 .gnu.version_d
                0x00000000        0x0 C:/android-ndk-r8e/platforms/android-9/arch-arm/usr/lib/crtbegin_so.o

.gnu.version_r  0x00003b08        0x0
 *(.gnu.version_r)
 .gnu.version_r
                0x00000000        0x0 C:/android-ndk-r8e/platforms/android-9/arch-arm/usr/lib/crtbegin_so.o

.rel.dyn        0x00003b08      0xff8
 *(.rel.init)
 *(.rel.text .rel.text.* .rel.gnu.linkonce.t.*)
 *(.rel.fini)
 *(.rel.rodata .rel.rodata.* .rel.gnu.linkonce.r.*)
 *(.rel.data.rel.ro* .rel.gnu.linkonce.d.rel.ro.*)
 .rel.data.rel.ro
                0x00003b08       0x60 C:/android-ndk-r8e/platforms/android-9/arch-arm/usr/lib/crtbegin_so.o
 .rel.data.rel.ro._ZTIN9__gnu_cxx24__concurrence_lock_errorE
                0x00003b68       0x18 C:/android-ndk-r8e/platforms/android-9/arch-arm/usr/lib/crtbegin_so.o
 .rel.data.rel.ro._ZTVN9__gnu_cxx24__concurrence_lock_errorE
                0x00003b80       0x20 C:/android-ndk-r8e/platforms/android-9/arch-arm/usr/lib/crtbegin_so.o
 .rel.data.rel.ro._ZTIN9__gnu_cxx26__concurrence_unlock_errorE
                0x00003ba0       0x18 C:/android-ndk-r8e/platforms/android-9/arch-arm/usr/lib/crtbegin_so.o
 .rel.data.rel.ro._ZTVN9__gnu_cxx26__concurrence_unlock_errorE
                0x00003bb8       0x20 C:/android-ndk-r8e/platforms/android-9/arch-arm/usr/lib/crtbegin_so.o
 .rel.data.rel.ro._ZTIN10__cxxabiv115__forced_unwindE
                0x00003bd8       0x10 C:/android-ndk-r8e/platforms/android-9/arch-arm/usr/lib/crtbegin_so.o
 .rel.data.rel.ro._ZTISt9exception
                0x00003be8       0x10 C:/android-ndk-r8e/platforms/android-9/arch-arm/usr/lib/crtbegin_so.o
 .rel.data.rel.ro._ZTVSt13bad_exception
                0x00003bf8       0x20 C:/android-ndk-r8e/platforms/android-9/arch-arm/usr/lib/crtbegin_so.o
 .rel.data.rel.ro._ZTISt13bad_exception
                0x00003c18       0x18 C:/android-ndk-r8e/platforms/android-9/arch-arm/usr/lib/crtbegin_so.o
 .rel.data.rel.ro._ZTIN10__cxxabiv119__foreign_exceptionE
                0x00003c30       0x10 C:/android-ndk-r8e/platforms/android-9/arch-arm/usr/lib/crtbegin_so.o
 .rel.data.rel.ro._ZTVN10__cxxabiv115__forced_unwindE
                0x00003c40       0x20 C:/android-ndk-r8e/platforms/android-9/arch-arm/usr/lib/crtbegin_so.o
 .rel.data.rel.ro._ZTVN10__cxxabiv119__foreign_exceptionE
                0x00003c60       0x20 C:/android-ndk-r8e/platforms/android-9/arch-arm/usr/lib/crtbegin_so.o
 .rel.data.rel.ro._ZTVSt9exception
                0x00003c80       0x20 C:/android-ndk-r8e/platforms/android-9/arch-arm/usr/lib/crtbegin_so.o
 .rel.data.rel.ro._ZTIPKe
                0x00003ca0       0x18 C:/android-ndk-r8e/platforms/android-9/arch-arm/usr/lib/crtbegin_so.o
 .rel.data.rel.ro._ZTIPe
                0x00003cb8       0x18 C:/android-ndk-r8e/platforms/android-9/arch-arm/usr/lib/crtbegin_so.o
 .rel.data.rel.ro._ZTIe
                0x00003cd0       0x10 C:/android-ndk-r8e/platforms/android-9/arch-arm/usr/lib/crtbegin_so.o
 .rel.data.rel.ro._ZTIPKd
                0x00003ce0       0x18 C:/android-ndk-r8e/platforms/android-9/arch-arm/usr/lib/crtbegin_so.o
 .rel.data.rel.ro._ZTIPd
                0x00003cf8       0x18 C:/android-ndk-r8e/platforms/android-9/arch-arm/usr/lib/crtbegin_so.o
 .rel.data.rel.ro._ZTId
                0x00003d10       0x10 C:/android-ndk-r8e/platforms/android-9/arch-arm/usr/lib/crtbegin_so.o
 .rel.data.rel.ro._ZTIPKf
                0x00003d20       0x18 C:/android-ndk-r8e/platforms/android-9/arch-arm/usr/lib/crtbegin_so.o
 .rel.data.rel.ro._ZTIPf
                0x00003d38       0x18 C:/android-ndk-r8e/platforms/android-9/arch-arm/usr/lib/crtbegin_so.o
 .rel.data.rel.ro._ZTIf
                0x00003d50       0x10 C:/android-ndk-r8e/platforms/android-9/arch-arm/usr/lib/crtbegin_so.o
 .rel.data.rel.ro._ZTIPKy
                0x00003d60       0x18 C:/android-ndk-r8e/platforms/android-9/arch-arm/usr/lib/crtbegin_so.o
 .rel.data.rel.ro._ZTIPy
                0x00003d78       0x18 C:/android-ndk-r8e/platforms/android-9/arch-arm/usr/lib/crtbegin_so.o
 .rel.data.rel.ro._ZTIy
                0x00003d90       0x10 C:/android-ndk-r8e/platforms/android-9/arch-arm/usr/lib/crtbegin_so.o
 .rel.data.rel.ro._ZTIPKx
                0x00003da0       0x18 C:/android-ndk-r8e/platforms/android-9/arch-arm/usr/lib/crtbegin_so.o
 .rel.data.rel.ro._ZTIPx
                0x00003db8       0x18 C:/android-ndk-r8e/platforms/android-9/arch-arm/usr/lib/crtbegin_so.o
 .rel.data.rel.ro._ZTIx
                0x00003dd0       0x10 C:/android-ndk-r8e/platforms/android-9/arch-arm/usr/lib/crtbegin_so.o
 .rel.data.rel.ro._ZTIPKm
                0x00003de0       0x18 C:/android-ndk-r8e/platforms/android-9/arch-arm/usr/lib/crtbegin_so.o
 .rel.data.rel.ro._ZTIPm
                0x00003df8       0x18 C:/android-ndk-r8e/platforms/android-9/arch-arm/usr/lib/crtbegin_so.o
 .rel.data.rel.ro._ZTIm
                0x00003e10       0x10 C:/android-ndk-r8e/platforms/android-9/arch-arm/usr/lib/crtbegin_so.o
 .rel.data.rel.ro._ZTIPKl
                0x00003e20       0x18 C:/android-ndk-r8e/platforms/android-9/arch-arm/usr/lib/crtbegin_so.o
 .rel.data.rel.ro._ZTIPl
                0x00003e38       0x18 C:/android-ndk-r8e/platforms/android-9/arch-arm/usr/lib/crtbegin_so.o
 .rel.data.rel.ro._ZTIl
                0x00003e50       0x10 C:/android-ndk-r8e/platforms/android-9/arch-arm/usr/lib/crtbegin_so.o
 .rel.data.rel.ro._ZTIPKj
                0x00003e60       0x18 C:/android-ndk-r8e/platforms/android-9/arch-arm/usr/lib/crtbegin_so.o
 .rel.data.rel.ro._ZTIPj
                0x00003e78       0x18 C:/android-ndk-r8e/platforms/android-9/arch-arm/usr/lib/crtbegin_so.o
 .rel.data.rel.ro._ZTIj
                0x00003e90       0x10 C:/android-ndk-r8e/platforms/android-9/arch-arm/usr/lib/crtbegin_so.o
 .rel.data.rel.ro._ZTIPKi
                0x00003ea0       0x18 C:/android-ndk-r8e/platforms/android-9/arch-arm/usr/lib/crtbegin_so.o
 .rel.data.rel.ro._ZTIPi
                0x00003eb8       0x18 C:/android-ndk-r8e/platforms/android-9/arch-arm/usr/lib/crtbegin_so.o
 .rel.data.rel.ro._ZTIi
                0x00003ed0       0x10 C:/android-ndk-r8e/platforms/android-9/arch-arm/usr/lib/crtbegin_so.o
 .rel.data.rel.ro._ZTIPKt
                0x00003ee0       0x18 C:/android-ndk-r8e/platforms/android-9/arch-arm/usr/lib/crtbegin_so.o
 .rel.data.rel.ro._ZTIPt
                0x00003ef8       0x18 C:/android-ndk-r8e/platforms/android-9/arch-arm/usr/lib/crtbegin_so.o
 .rel.data.rel.ro._ZTIt
                0x00003f10       0x10 C:/android-ndk-r8e/platforms/android-9/arch-arm/usr/lib/crtbegin_so.o
 .rel.data.rel.ro._ZTIPKs
                0x00003f20       0x18 C:/android-ndk-r8e/platforms/android-9/arch-arm/usr/lib/crtbegin_so.o
 .rel.data.rel.ro._ZTIPs
                0x00003f38       0x18 C:/android-ndk-r8e/platforms/android-9/arch-arm/usr/lib/crtbegin_so.o
 .rel.data.rel.ro._ZTIs
                0x00003f50       0x10 C:/android-ndk-r8e/platforms/android-9/arch-arm/usr/lib/crtbegin_so.o
 .rel.data.rel.ro._ZTIPKh
                0x00003f60       0x18 C:/android-ndk-r8e/platforms/android-9/arch-arm/usr/lib/crtbegin_so.o
 .rel.data.rel.ro._ZTIPh
                0x00003f78       0x18 C:/android-ndk-r8e/platforms/android-9/arch-arm/usr/lib/crtbegin_so.o
 .rel.data.rel.ro._ZTIh
                0x00003f90       0x10 C:/android-ndk-r8e/platforms/android-9/arch-arm/usr/lib/crtbegin_so.o
 .rel.data.rel.ro._ZTIPKa
                0x00003fa0       0x18 C:/android-ndk-r8e/platforms/android-9/arch-arm/usr/lib/crtbegin_so.o
 .rel.data.rel.ro._ZTIPa
                0x00003fb8       0x18 C:/android-ndk-r8e/platforms/android-9/arch-arm/usr/lib/crtbegin_so.o
 .rel.data.rel.ro._ZTIa
                0x00003fd0       0x10 C:/android-ndk-r8e/platforms/android-9/arch-arm/usr/lib/crtbegin_so.o
 .rel.data.rel.ro._ZTIPKc
                0x00003fe0       0x18 C:/android-ndk-r8e/platforms/android-9/arch-arm/usr/lib/crtbegin_so.o
 .rel.data.rel.ro._ZTIPc
                0x00003ff8       0x18 C:/android-ndk-r8e/platforms/android-9/arch-arm/usr/lib/crtbegin_so.o
 .rel.data.rel.ro._ZTIc
                0x00004010       0x10 C:/android-ndk-r8e/platforms/android-9/arch-arm/usr/lib/crtbegin_so.o
 .rel.data.rel.ro._ZTIPKDi
                0x00004020       0x18 C:/android-ndk-r8e/platforms/android-9/arch-arm/usr/lib/crtbegin_so.o
 .rel.data.rel.ro._ZTIPDi
                0x00004038       0x18 C:/android-ndk-r8e/platforms/android-9/arch-arm/usr/lib/crtbegin_so.o
 .rel.data.rel.ro._ZTIDi
                0x00004050       0x10 C:/android-ndk-r8e/platforms/android-9/arch-arm/usr/lib/crtbegin_so.o
 .rel.data.rel.ro._ZTIPKDs
                0x00004060       0x18 C:/android-ndk-r8e/platforms/android-9/arch-arm/usr/lib/crtbegin_so.o
 .rel.data.rel.ro._ZTIPDs
                0x00004078       0x18 C:/android-ndk-r8e/platforms/android-9/arch-arm/usr/lib/crtbegin_so.o
 .rel.data.rel.ro._ZTIDs
                0x00004090       0x10 C:/android-ndk-r8e/platforms/android-9/arch-arm/usr/lib/crtbegin_so.o
 .rel.data.rel.ro._ZTIPKw
                0x000040a0       0x18 C:/android-ndk-r8e/platforms/android-9/arch-arm/usr/lib/crtbegin_so.o
 .rel.data.rel.ro._ZTIPw
                0x000040b8       0x18 C:/android-ndk-r8e/platforms/android-9/arch-arm/usr/lib/crtbegin_so.o
 .rel.data.rel.ro._ZTIw
                0x000040d0       0x10 C:/android-ndk-r8e/platforms/android-9/arch-arm/usr/lib/crtbegin_so.o
 .rel.data.rel.ro._ZTIPKb
                0x000040e0       0x18 C:/android-ndk-r8e/platforms/android-9/arch-arm/usr/lib/crtbegin_so.o
 .rel.data.rel.ro._ZTIPb
                0x000040f8       0x18 C:/android-ndk-r8e/platforms/android-9/arch-arm/usr/lib/crtbegin_so.o
 .rel.data.rel.ro._ZTIb
                0x00004110       0x10 C:/android-ndk-r8e/platforms/android-9/arch-arm/usr/lib/crtbegin_so.o
 .rel.data.rel.ro._ZTIPKv
                0x00004120       0x18 C:/android-ndk-r8e/platforms/android-9/arch-arm/usr/lib/crtbegin_so.o
 .rel.data.rel.ro._ZTIPv
                0x00004138       0x18 C:/android-ndk-r8e/platforms/android-9/arch-arm/usr/lib/crtbegin_so.o
 .rel.data.rel.ro._ZTIv
                0x00004150       0x10 C:/android-ndk-r8e/platforms/android-9/arch-arm/usr/lib/crtbegin_so.o
 .rel.data.rel.ro._ZTVN10__cxxabiv123__fundamental_type_infoE
                0x00004160       0x38 C:/android-ndk-r8e/platforms/android-9/arch-arm/usr/lib/crtbegin_so.o
 .rel.data.rel.ro._ZTIN10__cxxabiv123__fundamental_type_infoE
                0x00004198       0x18 C:/android-ndk-r8e/platforms/android-9/arch-arm/usr/lib/crtbegin_so.o
 .rel.data.rel.ro._ZTISt9bad_alloc
                0x000041b0       0x18 C:/android-ndk-r8e/platforms/android-9/arch-arm/usr/lib/crtbegin_so.o
 .rel.data.rel.ro._ZTVSt9bad_alloc
                0x000041c8       0x20 C:/android-ndk-r8e/platforms/android-9/arch-arm/usr/lib/crtbegin_so.o
 .rel.data.rel.ro._ZTIN10__cxxabiv119__pointer_type_infoE
                0x000041e8       0x18 C:/android-ndk-r8e/platforms/android-9/arch-arm/usr/lib/crtbegin_so.o
 .rel.data.rel.ro._ZTVN10__cxxabiv119__pointer_type_infoE
                0x00004200       0x40 C:/android-ndk-r8e/platforms/android-9/arch-arm/usr/lib/crtbegin_so.o
 .rel.data.rel.ro._ZTVN10__cxxabiv120__si_class_type_infoE
                0x00004240       0x50 C:/android-ndk-r8e/platforms/android-9/arch-arm/usr/lib/crtbegin_so.o
 .rel.data.rel.ro._ZTIN10__cxxabiv120__si_class_type_infoE
                0x00004290       0x18 C:/android-ndk-r8e/platforms/android-9/arch-arm/usr/lib/crtbegin_so.o
 .rel.data.rel.ro._ZTVSt9type_info
                0x00000000        0x0 C:/android-ndk-r8e/platforms/android-9/arch-arm/usr/lib/crtbegin_so.o
 .rel.data.rel.ro._ZTISt9type_info
                0x000042a8       0x10 C:/android-ndk-r8e/platforms/android-9/arch-arm/usr/lib/crtbegin_so.o
 .rel.data.rel.ro._ZTISt8bad_cast
                0x000042b8       0x18 C:/android-ndk-r8e/platforms/android-9/arch-arm/usr/lib/crtbegin_so.o
 .rel.data.rel.ro._ZTVSt8bad_cast
                0x000042d0       0x20 C:/android-ndk-r8e/platforms/android-9/arch-arm/usr/lib/crtbegin_so.o
 .rel.data.rel.ro._ZTVSt10bad_typeid
                0x000042f0       0x20 C:/android-ndk-r8e/platforms/android-9/arch-arm/usr/lib/crtbegin_so.o
 .rel.data.rel.ro._ZTISt10bad_typeid
                0x00004310       0x18 C:/android-ndk-r8e/platforms/android-9/arch-arm/usr/lib/crtbegin_so.o
 .rel.data.rel.ro._ZTVN10__cxxabiv117__class_type_infoE
                0x00004328       0x50 C:/android-ndk-r8e/platforms/android-9/arch-arm/usr/lib/crtbegin_so.o
 .rel.data.rel.ro._ZTIN10__cxxabiv117__class_type_infoE
                0x00004378       0x18 C:/android-ndk-r8e/platforms/android-9/arch-arm/usr/lib/crtbegin_so.o
 .rel.data.rel.ro._ZTVN10__cxxabiv117__pbase_type_infoE
                0x00004390       0x40 C:/android-ndk-r8e/platforms/android-9/arch-arm/usr/lib/crtbegin_so.o
 .rel.data.rel.ro._ZTIN10__cxxabiv117__pbase_type_infoE
                0x000043d0       0x18 C:/android-ndk-r8e/platforms/android-9/arch-arm/usr/lib/crtbegin_so.o
 .rel.data.rel.ro.local
                0x000043e8      0x590 C:/android-ndk-r8e/platforms/android-9/arch-arm/usr/lib/crtbegin_so.o
 *(.rel.data .rel.data.* .rel.gnu.linkonce.d.*)
 .rel.data.rel._ZN10__cxxabiv120__unexpected_handlerE
                0x00004978        0x8 C:/android-ndk-r8e/platforms/android-9/arch-arm/usr/lib/crtbegin_so.o
 .rel.data.rel._ZN10__cxxabiv119__terminate_handlerE
                0x00004980        0x8 C:/android-ndk-r8e/platforms/android-9/arch-arm/usr/lib/crtbegin_so.o
 *(.rel.tdata .rel.tdata.* .rel.gnu.linkonce.td.*)
 *(.rel.tbss .rel.tbss.* .rel.gnu.linkonce.tb.*)
 *(.rel.ctors)
 *(.rel.dtors)
 *(.rel.got)
 .rel.got       0x00004988      0x158 C:/android-ndk-r8e/platforms/android-9/arch-arm/usr/lib/crtbegin_so.o
 *(.rel.bss .rel.bss.* .rel.gnu.linkonce.b.*)
 .rel.fini_array
                0x00004ae0        0x8 C:/android-ndk-r8e/platforms/android-9/arch-arm/usr/lib/crtbegin_so.o
 .rel.init_array
                0x00004ae8       0x18 C:/android-ndk-r8e/platforms/android-9/arch-arm/usr/lib/crtbegin_so.o

.rela.dyn
 *(.rela.init)
 *(.rela.text .rela.text.* .rela.gnu.linkonce.t.*)
 *(.rela.fini)
 *(.rela.rodata .rela.rodata.* .rela.gnu.linkonce.r.*)
 *(.rela.data .rela.data.* .rela.gnu.linkonce.d.*)
 *(.rela.tdata .rela.tdata.* .rela.gnu.linkonce.td.*)
 *(.rela.tbss .rela.tbss.* .rela.gnu.linkonce.tb.*)
 *(.rela.ctors)
 *(.rela.dtors)
 *(.rela.got)
 *(.rela.bss .rela.bss.* .rela.gnu.linkonce.b.*)

.rel.plt        0x00004b00      0x140
 *(.rel.plt)
 .rel.plt       0x00004b00      0x140 C:/android-ndk-r8e/platforms/android-9/arch-arm/usr/lib/crtbegin_so.o

.rela.plt
 *(.rela.plt)

.init
 *(.init)

.plt            0x00004c40      0x1f4
 *(.plt)
 .plt           0x00004c40      0x1f4 C:/android-ndk-r8e/platforms/android-9/arch-arm/usr/lib/crtbegin_so.o

.text           0x00004e34     0xc008
 *(.text .stub .text.* .gnu.linkonce.t.*)
 .text.exit     0x00004e34       0x10 C:/android-ndk-r8e/platforms/android-9/arch-arm/usr/lib/crtbegin_so.o
                0x00004e34                __on_dlclose
 .text._ZN7_JNIEnv9FindClassEPKc
                0x00004e44       0x38 debug\s3eAndroidGooglePlayBilling_platform.os
                0x00004e44                _JNIEnv::FindClass(char const*)
 .text._ZN7_JNIEnv17ExceptionOccurredEv
                0x00004e7c       0x30 debug\s3eAndroidGooglePlayBilling_platform.os
                0x00004e7c                _JNIEnv::ExceptionOccurred()
 .text._ZN7_JNIEnv17ExceptionDescribeEv
                0x00004eac       0x28 debug\s3eAndroidGooglePlayBilling_platform.os
                0x00004eac                _JNIEnv::ExceptionDescribe()
 .text._ZN7_JNIEnv14ExceptionClearEv
                0x00004ed4       0x28 debug\s3eAndroidGooglePlayBilling_platform.os
                0x00004ed4                _JNIEnv::ExceptionClear()
 .text._ZN7_JNIEnv14PushLocalFrameEi
                0x00004efc       0x38 debug\s3eAndroidGooglePlayBilling_platform.os
                0x00004efc                _JNIEnv::PushLocalFrame(int)
 .text._ZN7_JNIEnv13PopLocalFrameEP8_jobject
                0x00004f34       0x38 debug\s3eAndroidGooglePlayBilling_platform.os
                0x00004f34                _JNIEnv::PopLocalFrame(_jobject*)
 .text._ZN7_JNIEnv12NewGlobalRefEP8_jobject
                0x00004f6c       0x38 debug\s3eAndroidGooglePlayBilling_platform.os
                0x00004f6c                _JNIEnv::NewGlobalRef(_jobject*)
 .text._ZN7_JNIEnv15DeleteGlobalRefEP8_jobject
                0x00004fa4       0x30 debug\s3eAndroidGooglePlayBilling_platform.os
                0x00004fa4                _JNIEnv::DeleteGlobalRef(_jobject*)
 .text._ZN7_JNIEnv14DeleteLocalRefEP8_jobject
                0x00004fd4       0x30 debug\s3eAndroidGooglePlayBilling_platform.os
                0x00004fd4                _JNIEnv::DeleteLocalRef(_jobject*)
 .text._ZN7_JNIEnv9NewObjectEP7_jclassP10_jmethodIDz
                0x00005004       0x5c debug\s3eAndroidGooglePlayBilling_platform.os
                0x00005004                _JNIEnv::NewObject(_jclass*, _jmethodID*, ...)
 .text._ZN7_JNIEnv11GetMethodIDEP7_jclassPKcS3_
                0x00005060       0x48 debug\s3eAndroidGooglePlayBilling_platform.os
                0x00005060                _JNIEnv::GetMethodID(_jclass*, char const*, char const*)
 .text._ZN7_JNIEnv13CallIntMethodEP8_jobjectP10_jmethodIDz
                0x000050a8       0x5c debug\s3eAndroidGooglePlayBilling_platform.os
                0x000050a8                _JNIEnv::CallIntMethod(_jobject*, _jmethodID*, ...)
 .text._ZN7_JNIEnv14CallVoidMethodEP8_jobjectP10_jmethodIDz
                0x00005104       0x4c debug\s3eAndroidGooglePlayBilling_platform.os
                0x00005104                _JNIEnv::CallVoidMethod(_jobject*, _jmethodID*, ...)
 .text._ZN7_JNIEnv10GetFieldIDEP7_jclassPKcS3_
                0x00005150       0x48 debug\s3eAndroidGooglePlayBilling_platform.os
                0x00005150                _JNIEnv::GetFieldID(_jclass*, char const*, char const*)
 .text._ZN7_JNIEnv14GetObjectFieldEP8_jobjectP9_jfieldID
                0x00005198       0x40 debug\s3eAndroidGooglePlayBilling_platform.os
                0x00005198                _JNIEnv::GetObjectField(_jobject*, _jfieldID*)
 .text._ZN7_JNIEnv11GetIntFieldEP8_jobjectP9_jfieldID
                0x000051d8       0x40 debug\s3eAndroidGooglePlayBilling_platform.os
                0x000051d8                _JNIEnv::GetIntField(_jobject*, _jfieldID*)
 .text._ZN7_JNIEnv12GetLongFieldEP8_jobjectP9_jfieldID
                0x00005218       0x48 debug\s3eAndroidGooglePlayBilling_platform.os
                0x00005218                _JNIEnv::GetLongField(_jobject*, _jfieldID*)
 .text._ZN7_JNIEnv12NewStringUTFEPKc
                0x00005260       0x38 debug\s3eAndroidGooglePlayBilling_platform.os
                0x00005260                _JNIEnv::NewStringUTF(char const*)
 .text._ZN7_JNIEnv18GetStringUTFLengthEP8_jstring
                0x00005298       0x38 debug\s3eAndroidGooglePlayBilling_platform.os
                0x00005298                _JNIEnv::GetStringUTFLength(_jstring*)
 .text._ZN7_JNIEnv17GetStringUTFCharsEP8_jstringPh
                0x000052d0       0x40 debug\s3eAndroidGooglePlayBilling_platform.os
                0x000052d0                _JNIEnv::GetStringUTFChars(_jstring*, unsigned char*)
 .text._ZN7_JNIEnv21ReleaseStringUTFCharsEP8_jstringPKc
                0x00005310       0x38 debug\s3eAndroidGooglePlayBilling_platform.os
                0x00005310                _JNIEnv::ReleaseStringUTFChars(_jstring*, char const*)
 .text._ZN7_JNIEnv14GetArrayLengthEP7_jarray
                0x00005348       0x38 debug\s3eAndroidGooglePlayBilling_platform.os
                0x00005348                _JNIEnv::GetArrayLength(_jarray*)
 .text._ZN7_JNIEnv14NewObjectArrayEiP7_jclassP8_jobject
                0x00005380       0x48 debug\s3eAndroidGooglePlayBilling_platform.os
                0x00005380                _JNIEnv::NewObjectArray(int, _jclass*, _jobject*)
 .text._ZN7_JNIEnv21GetObjectArrayElementEP13_jobjectArrayi
                0x000053c8       0x40 debug\s3eAndroidGooglePlayBilling_platform.os
                0x000053c8                _JNIEnv::GetObjectArrayElement(_jobjectArray*, int)
 .text._ZN7_JNIEnv21SetObjectArrayElementEP13_jobjectArrayiP8_jobject
                0x00005408       0x40 debug\s3eAndroidGooglePlayBilling_platform.os
                0x00005408                _JNIEnv::SetObjectArrayElement(_jobjectArray*, int, _jobject*)
 .text._ZN7_JNIEnv15RegisterNativesEP7_jclassPK15JNINativeMethodi
                0x00005448       0x48 debug\s3eAndroidGooglePlayBilling_platform.os
                0x00005448                _JNIEnv::RegisterNatives(_jclass*, JNINativeMethod const*, int)
 .text._ZN7_JavaVM6GetEnvEPPvi
                0x00005490       0x40 debug\s3eAndroidGooglePlayBilling_platform.os
                0x00005490                _JavaVM::GetEnv(void**, int)
 .text._ZL15s3eEdkJNIGetEnvv
                0x000054d0       0x44 debug\s3eAndroidGooglePlayBilling_platform.os
 .text._ZL27s3eEdkAndroidFindClass_realPKc
                0x00005514       0xa4 debug\s3eAndroidGooglePlayBilling_platform.os
 .text._ZL22s3eEdkAndroidFindClassPKc
                0x000055b8       0x38 debug\s3eAndroidGooglePlayBilling_platform.os
 .text._Z40s3eAndroidGooglePlayBillingInit_platformv
                0x000055f0      0x51c debug\s3eAndroidGooglePlayBilling_platform.os
                0x000055f0                s3eAndroidGooglePlayBillingInit_platform()
 .text._ZN18s3eAndroidJNIFrameC1EP7_JNIEnvi
                0x00005b0c       0x3c debug\s3eAndroidGooglePlayBilling_platform.os
                0x00005b0c                s3eAndroidJNIFrame::s3eAndroidJNIFrame(_JNIEnv*, int)
 .text._ZN18s3eAndroidJNIFrameD1Ev
                0x00005b48       0x30 debug\s3eAndroidGooglePlayBilling_platform.os
                0x00005b48                s3eAndroidJNIFrame::~s3eAndroidJNIFrame()
 .text._ZN18s3eAndroidJNIFrameptEv
                0x00005b78       0x1c debug\s3eAndroidGooglePlayBilling_platform.os
                0x00005b78                s3eAndroidJNIFrame::operator->()
 .text._ZL15makeStringArrayPPKci
                0x00005b94       0xd0 debug\s3eAndroidGooglePlayBilling_platform.os
 .text._Z45s3eAndroidGooglePlayBillingTerminate_platformv
                0x00005c64        0x4 debug\s3eAndroidGooglePlayBilling_platform.os
                0x00005c64                s3eAndroidGooglePlayBillingTerminate_platform()
 .text._Z41s3eAndroidGooglePlayBillingStart_platformPKc
                0x00005c68       0x68 debug\s3eAndroidGooglePlayBilling_platform.os
                0x00005c68                s3eAndroidGooglePlayBillingStart_platform(char const*)
 .text._Z40s3eAndroidGooglePlayBillingStop_platformv
                0x00005cd0       0x4c debug\s3eAndroidGooglePlayBilling_platform.os
                0x00005cd0                s3eAndroidGooglePlayBillingStop_platform()
 .text._Z47s3eAndroidGooglePlayBillingIsSupported_platformv
                0x00005d1c       0x54 debug\s3eAndroidGooglePlayBilling_platform.os
                0x00005d1c                s3eAndroidGooglePlayBillingIsSupported_platform()
 .text._Z51s3eAndroidGooglePlayBillingRequestPurchase_platformPKcbS0_
                0x00005d70       0x98 debug\s3eAndroidGooglePlayBilling_platform.os
                0x00005d70                s3eAndroidGooglePlayBillingRequestPurchase_platform(char const*, bool, char const*)
 .text._Z61s3eAndroidGooglePlayBillingRequestProductInformation_platformPPKciS1_i
                0x00005e08       0xc8 debug\s3eAndroidGooglePlayBilling_platform.os
                0x00005e08                s3eAndroidGooglePlayBillingRequestProductInformation_platform(char const**, int, char const**, int)
 .text._Z55s3eAndroidGooglePlayBillingRestoreTransactions_platformv
                0x00005ed0       0x4c debug\s3eAndroidGooglePlayBilling_platform.os
                0x00005ed0                s3eAndroidGooglePlayBillingRestoreTransactions_platform()
 .text._Z47s3eAndroidGooglePlayBillingConsumeItem_platformPKc
                0x00005f1c       0x68 debug\s3eAndroidGooglePlayBilling_platform.os
                0x00005f1c                s3eAndroidGooglePlayBillingConsumeItem_platform(char const*)
 .text._ZL18JStringFieldToCharP8_jobjectP9_jfieldID
                0x00005f84       0xc4 debug\s3eAndroidGooglePlayBilling_platform.os
 .text._ZL13JStringToCharP7_JNIEnvP8_jstring
                0x00006048       0xa0 debug\s3eAndroidGooglePlayBilling_platform.os
 .text._Z15ConvertPurchaseP7_JNIEnvP8_jobjectP35s3eAndroidGooglePlayBillingPurchase
                0x000060e8      0x2d0 debug\s3eAndroidGooglePlayBilling_platform.os
                0x000060e8                ConvertPurchase(_JNIEnv*, _jobject*, s3eAndroidGooglePlayBillingPurchase*)
 .text._Z14DeletePurchaseP35s3eAndroidGooglePlayBillingPurchase
                0x000063b8       0xf4 debug\s3eAndroidGooglePlayBilling_platform.os
                0x000063b8                DeletePurchase(s3eAndroidGooglePlayBillingPurchase*)
 .text._ZL25s3eAGC_DeallocatePurchasejiPvS_iS_
                0x000064ac       0x80 debug\s3eAndroidGooglePlayBilling_platform.os
 .text._Z46s3e_ANDROIDGOOGLEPLAYBILLING_PURCHASE_CALLBACKP7_JNIEnvP8_jobjectiP8_jstringS2_
                0x0000652c       0xe0 debug\s3eAndroidGooglePlayBilling_platform.os
                0x0000652c                s3e_ANDROIDGOOGLEPLAYBILLING_PURCHASE_CALLBACK(_JNIEnv*, _jobject*, int, _jstring*, _jobject*)
 .text._Z10ConvertSkuP7_JNIEnvP8_jobjectP35s3eAndroidGooglePlayBillingItemInfo
                0x0000660c      0x1a4 debug\s3eAndroidGooglePlayBilling_platform.os
                0x0000660c                ConvertSku(_JNIEnv*, _jobject*, s3eAndroidGooglePlayBillingItemInfo*)
 .text._Z14DeleteItemDataP35s3eAndroidGooglePlayBillingItemInfo
                0x000067b0       0xb4 debug\s3eAndroidGooglePlayBilling_platform.os
                0x000067b0                DeleteItemData(s3eAndroidGooglePlayBillingItemInfo*)
 .text._ZL25s3eAGC_DeallocateItemListjiPvS_iS_
                0x00006864       0xf4 debug\s3eAndroidGooglePlayBilling_platform.os
 .text._Z51s3e_ANDROIDGOOGLEPLAYBILLING_LIST_PRODUCTS_CALLBACKP7_JNIEnvP8_jobjectiP8_jstringP13_jobjectArray
                0x00006958      0x1c0 debug\s3eAndroidGooglePlayBilling_platform.os
                0x00006958                s3e_ANDROIDGOOGLEPLAYBILLING_LIST_PRODUCTS_CALLBACK(_JNIEnv*, _jobject*, int, _jstring*, _jobjectArray*)
 .text._ZL26s3eAGC_DeallocatePurchasesjiPvS_iS_
                0x00006b18       0xf4 debug\s3eAndroidGooglePlayBilling_platform.os
 .text._Z45s3e_ANDROIDGOOGLEPLAYBILLING_RESTORE_CALLBACKP7_JNIEnvP8_jobjectiP8_jstringP13_jobjectArray
                0x00006c0c      0x1c0 debug\s3eAndroidGooglePlayBilling_platform.os
                0x00006c0c                s3e_ANDROIDGOOGLEPLAYBILLING_RESTORE_CALLBACK(_JNIEnv*, _jobject*, int, _jstring*, _jobjectArray*)
 .text._ZL24s3eAGC_DeallocateConsumejiPvS_iS_
                0x00006dcc       0x60 debug\s3eAndroidGooglePlayBilling_platform.os
 .text._Z45s3e_ANDROIDGOOGLEPLAYBILLING_CONSUME_CALLBACKP7_JNIEnvP8_jobjectiP8_jstring
                0x00006e2c       0x94 debug\s3eAndroidGooglePlayBilling_platform.os
                0x00006e2c                s3e_ANDROIDGOOGLEPLAYBILLING_CONSUME_CALLBACK(_JNIEnv*, _jobject*, int, _jstring*)
 .text._Z31s3eAndroidGooglePlayBillingInitv
                0x00006ec0       0x14 debug\s3eAndroidGooglePlayBilling.os
                0x00006ec0                s3eAndroidGooglePlayBillingInit()
 .text._Z36s3eAndroidGooglePlayBillingTerminatev
                0x00006ed4        0xc debug\s3eAndroidGooglePlayBilling.os
                0x00006ed4                s3eAndroidGooglePlayBillingTerminate()
 .text.s3eAndroidGooglePlayBillingStart
                0x00006ee0       0x1c debug\s3eAndroidGooglePlayBilling.os
                0x00006ee0                s3eAndroidGooglePlayBillingStart
 .text.s3eAndroidGooglePlayBillingStop
                0x00006efc        0xc debug\s3eAndroidGooglePlayBilling.os
                0x00006efc                s3eAndroidGooglePlayBillingStop
 .text.s3eAndroidGooglePlayBillingIsSupported
                0x00006f08       0x14 debug\s3eAndroidGooglePlayBilling.os
                0x00006f08                s3eAndroidGooglePlayBillingIsSupported
 .text.s3eAndroidGooglePlayBillingRequestPurchase
                0x00006f1c       0x34 debug\s3eAndroidGooglePlayBilling.os
                0x00006f1c                s3eAndroidGooglePlayBillingRequestPurchase
 .text.s3eAndroidGooglePlayBillingRequestProductInformation
                0x00006f50       0x34 debug\s3eAndroidGooglePlayBilling.os
                0x00006f50                s3eAndroidGooglePlayBillingRequestProductInformation
 .text.s3eAndroidGooglePlayBillingRestoreTransactions
                0x00006f84        0xc debug\s3eAndroidGooglePlayBilling.os
                0x00006f84                s3eAndroidGooglePlayBillingRestoreTransactions
 .text.s3eAndroidGooglePlayBillingConsumeItem
                0x00006f90       0x1c debug\s3eAndroidGooglePlayBilling.os
                0x00006f90                s3eAndroidGooglePlayBillingConsumeItem
 .text._ZL37s3eAndroidGooglePlayBillingStart_wrapPKc
                0x00006fac       0x98 debug\s3eAndroidGooglePlayBilling_register.os
 .text._ZL47s3eAndroidGooglePlayBillingRequestPurchase_wrapPKcbS0_
                0x00007044       0xb4 debug\s3eAndroidGooglePlayBilling_register.os
 .text._ZL57s3eAndroidGooglePlayBillingRequestProductInformation_wrapPPKciS1_i
                0x000070f8       0xb8 debug\s3eAndroidGooglePlayBilling_register.os
 .text._ZL51s3eAndroidGooglePlayBillingRestoreTransactions_wrapv
                0x000071b0       0x88 debug\s3eAndroidGooglePlayBilling_register.os
 .text._ZL43s3eAndroidGooglePlayBillingConsumeItem_wrapPKc
                0x00007238       0x98 debug\s3eAndroidGooglePlayBilling_register.os
 .text.s3eAndroidGooglePlayBillingRegister
                0x000072d0       0x50 debug\s3eAndroidGooglePlayBilling_register.os
                0x000072d0                s3eAndroidGooglePlayBillingRegister
 .text.s3eAndroidGooglePlayBillingUnRegister
                0x00007320       0x44 debug\s3eAndroidGooglePlayBilling_register.os
                0x00007320                s3eAndroidGooglePlayBillingUnRegister
 .text._Z38s3eAndroidGooglePlayBillingRegisterExtv
                0x00007364      0x168 debug\s3eAndroidGooglePlayBilling_register.os
                0x00007364                s3eAndroidGooglePlayBillingRegisterExt()
 .text.RegisterExt
                0x000074cc        0xc debug\s3eAndroidGooglePlayBilling_register.os
                0x000074cc                RegisterExt
 .text.IwDebugTraceSetTraceChannel
                0x000074d8       0x1c C:\marmalade\6.3.1\s3e\edk\lib\android\libedk.a(IwDebug.o)
                0x000074d8                IwDebugTraceSetTraceChannel
 .text._GLOBAL__I_Z__sdk_modules_iwcore_source_IwDebug.cpp
                0x000074f4       0xa4 C:\marmalade\6.3.1\s3e\edk\lib\android\libedk.a(IwDebug.o)
 .text.IwDebugTraceIsChannelOn
                0x00007598      0x2b8 C:\marmalade\6.3.1\s3e\edk\lib\android\libedk.a(IwDebug.o)
                0x00007598                IwDebugTraceIsChannelOn
 .text.IwDebugTraceLinePrintf
                0x00007850      0x10c C:\marmalade\6.3.1\s3e\edk\lib\android\libedk.a(IwDebug.o)
                0x00007850                IwDebugTraceLinePrintf
 .text.s3eEdkThreadRunOnOS
                0x0000795c       0x30 C:\marmalade\6.3.1\s3e\edk\lib\android\libedk.a(edk_helpers.o)
                0x0000795c                s3eEdkThreadRunOnOS
 .text._ZdlPv   0x0000798c        0xc C:\android-ndk-r8e\sources\cxx-stl\gnu-libstdc++\4.4.3\libs\armeabi\libgnustl_static.a(del_op.o)
                0x0000798c                operator delete(void*)
 .text._ZdaPv   0x00007998        0x4 C:\android-ndk-r8e\sources\cxx-stl\gnu-libstdc++\4.4.3\libs\armeabi\libgnustl_static.a(del_opv.o)
                0x00007998                operator delete[](void*)
 .text._Znwj    0x0000799c       0xb4 C:\android-ndk-r8e\sources\cxx-stl\gnu-libstdc++\4.4.3\libs\armeabi\libgnustl_static.a(new_op.o)
                0x0000799c                operator new(unsigned int)
 .text._Znaj    0x00007a50       0x1c C:\android-ndk-r8e\sources\cxx-stl\gnu-libstdc++\4.4.3\libs\armeabi\libgnustl_static.a(new_opv.o)
                0x00007a50                operator new[](unsigned int)
 .text._ZNK9__gnu_cxx24__concurrence_lock_error4whatEv
                0x00007a6c       0x10 C:\android-ndk-r8e\sources\cxx-stl\gnu-libstdc++\4.4.3\libs\armeabi\libgnustl_static.a(eh_alloc.o)
                0x00007a6c                __gnu_cxx::__concurrence_lock_error::what() const
 .text._ZNK9__gnu_cxx26__concurrence_unlock_error4whatEv
                0x00007a7c       0x10 C:\android-ndk-r8e\sources\cxx-stl\gnu-libstdc++\4.4.3\libs\armeabi\libgnustl_static.a(eh_alloc.o)
                0x00007a7c                __gnu_cxx::__concurrence_unlock_error::what() const
 .text._GLOBAL__I_eh_alloc.cc
                0x00007a8c       0x28 C:\android-ndk-r8e\sources\cxx-stl\gnu-libstdc++\4.4.3\libs\armeabi\libgnustl_static.a(eh_alloc.o)
 .text._ZN9__gnu_cxx24__concurrence_lock_errorD1Ev
                0x00007ab4       0x28 C:\android-ndk-r8e\sources\cxx-stl\gnu-libstdc++\4.4.3\libs\armeabi\libgnustl_static.a(eh_alloc.o)
                0x00007ab4                __gnu_cxx::__concurrence_lock_error::~__concurrence_lock_error()
 .text._ZN9__gnu_cxx26__concurrence_unlock_errorD1Ev
                0x00007adc       0x28 C:\android-ndk-r8e\sources\cxx-stl\gnu-libstdc++\4.4.3\libs\armeabi\libgnustl_static.a(eh_alloc.o)
                0x00007adc                __gnu_cxx::__concurrence_unlock_error::~__concurrence_unlock_error()
 .text._ZN9__gnu_cxx13__scoped_lockD1Ev
                0x00007b04       0x68 C:\android-ndk-r8e\sources\cxx-stl\gnu-libstdc++\4.4.3\libs\armeabi\libgnustl_static.a(eh_alloc.o)
                0x00007b04                __gnu_cxx::__scoped_lock::~__scoped_lock()
 .text._ZN9__gnu_cxx26__concurrence_unlock_errorD0Ev
                0x00007b6c       0x30 C:\android-ndk-r8e\sources\cxx-stl\gnu-libstdc++\4.4.3\libs\armeabi\libgnustl_static.a(eh_alloc.o)
                0x00007b6c                __gnu_cxx::__concurrence_unlock_error::~__concurrence_unlock_error()
 .text._ZN9__gnu_cxx24__concurrence_lock_errorD0Ev
                0x00007b9c       0x30 C:\android-ndk-r8e\sources\cxx-stl\gnu-libstdc++\4.4.3\libs\armeabi\libgnustl_static.a(eh_alloc.o)
                0x00007b9c                __gnu_cxx::__concurrence_lock_error::~__concurrence_lock_error()
 .text.__cxa_free_dependent_exception
                0x00007bcc      0x124 C:\android-ndk-r8e\sources\cxx-stl\gnu-libstdc++\4.4.3\libs\armeabi\libgnustl_static.a(eh_alloc.o)
                0x00007bcc                __cxa_free_dependent_exception
 .text.__cxa_free_exception
                0x00007cf0      0x11c C:\android-ndk-r8e\sources\cxx-stl\gnu-libstdc++\4.4.3\libs\armeabi\libgnustl_static.a(eh_alloc.o)
                0x00007cf0                __cxa_free_exception
 .text.__cxa_allocate_dependent_exception
                0x00007e0c      0x18c C:\android-ndk-r8e\sources\cxx-stl\gnu-libstdc++\4.4.3\libs\armeabi\libgnustl_static.a(eh_alloc.o)
                0x00007e0c                __cxa_allocate_dependent_exception
 .text.__cxa_allocate_exception
                0x00007f98      0x18c C:\android-ndk-r8e\sources\cxx-stl\gnu-libstdc++\4.4.3\libs\armeabi\libgnustl_static.a(eh_alloc.o)
                0x00007f98                __cxa_allocate_exception
 .text          0x00008124       0x10 C:\android-ndk-r8e\sources\cxx-stl\gnu-libstdc++\4.4.3\libs\armeabi\libgnustl_static.a(eh_arm.o)
                0x00008124                __cxa_end_cleanup
 .text.__cxa_type_match
                0x00008134      0x1ac C:\android-ndk-r8e\sources\cxx-stl\gnu-libstdc++\4.4.3\libs\armeabi\libgnustl_static.a(eh_arm.o)
                0x00008134                __cxa_type_match
 .text.__cxa_begin_cleanup
                0x000082e0       0xb4 C:\android-ndk-r8e\sources\cxx-stl\gnu-libstdc++\4.4.3\libs\armeabi\libgnustl_static.a(eh_arm.o)
                0x000082e0                __cxa_begin_cleanup
 .text.__gnu_end_cleanup
                0x00008394       0xb4 C:\android-ndk-r8e\sources\cxx-stl\gnu-libstdc++\4.4.3\libs\armeabi\libgnustl_static.a(eh_arm.o)
                0x00008394                __gnu_end_cleanup
 .text.__cxa_bad_typeid
                0x00008448       0x48 C:\android-ndk-r8e\sources\cxx-stl\gnu-libstdc++\4.4.3\libs\armeabi\libgnustl_static.a(eh_aux_runtime.o)
                0x00008448                __cxa_bad_typeid
 .text.__cxa_bad_cast
                0x00008490       0x48 C:\android-ndk-r8e\sources\cxx-stl\gnu-libstdc++\4.4.3\libs\armeabi\libgnustl_static.a(eh_aux_runtime.o)
                0x00008490                __cxa_bad_cast
 .text.__cxa_call_terminate
                0x000084d8       0x7c C:\android-ndk-r8e\sources\cxx-stl\gnu-libstdc++\4.4.3\libs\armeabi\libgnustl_static.a(eh_call.o)
                0x000084d8                __cxa_call_terminate
 .text.__cxa_call_unexpected
                0x00008554      0x1d0 C:\android-ndk-r8e\sources\cxx-stl\gnu-libstdc++\4.4.3\libs\armeabi\libgnustl_static.a(eh_call.o)
                0x00008554                __cxa_call_unexpected
 .text.__cxa_get_exception_ptr
                0x00008724        0x8 C:\android-ndk-r8e\sources\cxx-stl\gnu-libstdc++\4.4.3\libs\armeabi\libgnustl_static.a(eh_catch.o)
                0x00008724                __cxa_get_exception_ptr
 .text._ZSt18uncaught_exceptionv
                0x0000872c       0x18 C:\android-ndk-r8e\sources\cxx-stl\gnu-libstdc++\4.4.3\libs\armeabi\libgnustl_static.a(eh_catch.o)
                0x0000872c                std::uncaught_exception()
 .text.__cxa_end_catch
                0x00008744       0xdc C:\android-ndk-r8e\sources\cxx-stl\gnu-libstdc++\4.4.3\libs\armeabi\libgnustl_static.a(eh_catch.o)
                0x00008744                __cxa_end_catch
 .text.__cxa_begin_catch
                0x00008820       0xdc C:\android-ndk-r8e\sources\cxx-stl\gnu-libstdc++\4.4.3\libs\armeabi\libgnustl_static.a(eh_catch.o)
                0x00008820                __cxa_begin_catch
 .text._ZNSt9exceptionD2Ev
                0x000088fc        0x4 C:\android-ndk-r8e\sources\cxx-stl\gnu-libstdc++\4.4.3\libs\armeabi\libgnustl_static.a(eh_exception.o)
                0x000088fc                std::exception::~exception()
 .text._ZNSt9exceptionD1Ev
                0x00008900        0x4 C:\android-ndk-r8e\sources\cxx-stl\gnu-libstdc++\4.4.3\libs\armeabi\libgnustl_static.a(eh_exception.o)
                0x00008900                std::exception::~exception()
 .text._ZNSt13bad_exceptionD2Ev
                0x00008904       0x34 C:\android-ndk-r8e\sources\cxx-stl\gnu-libstdc++\4.4.3\libs\armeabi\libgnustl_static.a(eh_exception.o)
                0x00008904                std::bad_exception::~bad_exception()
 .text._ZNSt13bad_exceptionD1Ev
                0x00008938       0x34 C:\android-ndk-r8e\sources\cxx-stl\gnu-libstdc++\4.4.3\libs\armeabi\libgnustl_static.a(eh_exception.o)
                0x00008938                std::bad_exception::~bad_exception()
 .text._ZN10__cxxabiv115__forced_unwindD2Ev
                0x0000896c        0x4 C:\android-ndk-r8e\sources\cxx-stl\gnu-libstdc++\4.4.3\libs\armeabi\libgnustl_static.a(eh_exception.o)
                0x0000896c                __cxxabiv1::__forced_unwind::~__forced_unwind()
 .text._ZN10__cxxabiv115__forced_unwindD1Ev
                0x00008970        0x4 C:\android-ndk-r8e\sources\cxx-stl\gnu-libstdc++\4.4.3\libs\armeabi\libgnustl_static.a(eh_exception.o)
                0x00008970                __cxxabiv1::__forced_unwind::~__forced_unwind()
 .text._ZN10__cxxabiv119__foreign_exceptionD2Ev
                0x00008974        0x4 C:\android-ndk-r8e\sources\cxx-stl\gnu-libstdc++\4.4.3\libs\armeabi\libgnustl_static.a(eh_exception.o)
                0x00008974                __cxxabiv1::__foreign_exception::~__foreign_exception()
 .text._ZN10__cxxabiv119__foreign_exceptionD1Ev
                0x00008978        0x4 C:\android-ndk-r8e\sources\cxx-stl\gnu-libstdc++\4.4.3\libs\armeabi\libgnustl_static.a(eh_exception.o)
                0x00008978                __cxxabiv1::__foreign_exception::~__foreign_exception()
 .text._ZNKSt9exception4whatEv
                0x0000897c       0x10 C:\android-ndk-r8e\sources\cxx-stl\gnu-libstdc++\4.4.3\libs\armeabi\libgnustl_static.a(eh_exception.o)
                0x0000897c                std::exception::what() const
 .text._ZNKSt13bad_exception4whatEv
                0x0000898c       0x10 C:\android-ndk-r8e\sources\cxx-stl\gnu-libstdc++\4.4.3\libs\armeabi\libgnustl_static.a(eh_exception.o)
                0x0000898c                std::bad_exception::what() const
 .text._ZN10__cxxabiv119__foreign_exceptionD0Ev
                0x0000899c       0x1c C:\android-ndk-r8e\sources\cxx-stl\gnu-libstdc++\4.4.3\libs\armeabi\libgnustl_static.a(eh_exception.o)
                0x0000899c                __cxxabiv1::__foreign_exception::~__foreign_exception()
 .text._ZN10__cxxabiv115__forced_unwindD0Ev
                0x000089b8       0x1c C:\android-ndk-r8e\sources\cxx-stl\gnu-libstdc++\4.4.3\libs\armeabi\libgnustl_static.a(eh_exception.o)
                0x000089b8                __cxxabiv1::__forced_unwind::~__forced_unwind()
 .text._ZNSt9exceptionD0Ev
                0x000089d4       0x1c C:\android-ndk-r8e\sources\cxx-stl\gnu-libstdc++\4.4.3\libs\armeabi\libgnustl_static.a(eh_exception.o)
                0x000089d4                std::exception::~exception()
 .text._ZNSt13bad_exceptionD0Ev
                0x000089f0       0x1c C:\android-ndk-r8e\sources\cxx-stl\gnu-libstdc++\4.4.3\libs\armeabi\libgnustl_static.a(eh_exception.o)
                0x000089f0                std::bad_exception::~bad_exception()
 .text._GLOBAL__I_eh_globals.cc
                0x00008a0c       0x5c C:\android-ndk-r8e\sources\cxx-stl\gnu-libstdc++\4.4.3\libs\armeabi\libgnustl_static.a(eh_globals.o)
 .text._ZL15eh_globals_dtorPv
                0x00008a68       0x38 C:\android-ndk-r8e\sources\cxx-stl\gnu-libstdc++\4.4.3\libs\armeabi\libgnustl_static.a(eh_globals.o)
 .text._ZN17__eh_globals_initD1Ev
                0x00008aa0       0x34 C:\android-ndk-r8e\sources\cxx-stl\gnu-libstdc++\4.4.3\libs\armeabi\libgnustl_static.a(eh_globals.o)
                0x00008aa0                __eh_globals_init::~__eh_globals_init()
 .text.__cxa_get_globals_fast
                0x00008ad4       0x48 C:\android-ndk-r8e\sources\cxx-stl\gnu-libstdc++\4.4.3\libs\armeabi\libgnustl_static.a(eh_globals.o)
                0x00008ad4                __cxa_get_globals_fast
 .text.__cxa_get_globals
                0x00008b1c       0x90 C:\android-ndk-r8e\sources\cxx-stl\gnu-libstdc++\4.4.3\libs\armeabi\libgnustl_static.a(eh_globals.o)
                0x00008b1c                __cxa_get_globals
 .text._ZL12read_sleb128PKhPl
                0x00008bac       0x44 C:\android-ndk-r8e\sources\cxx-stl\gnu-libstdc++\4.4.3\libs\armeabi\libgnustl_static.a(eh_personality.o)
 .text._ZL21base_of_encoded_valuehP15_Unwind_Context
                0x00008bf0       0x78 C:\android-ndk-r8e\sources\cxx-stl\gnu-libstdc++\4.4.3\libs\armeabi\libgnustl_static.a(eh_personality.o)
 .text._ZL17parse_lsda_headerP15_Unwind_ContextPKhP16lsda_header_info
                0x00008c68      0x214 C:\android-ndk-r8e\sources\cxx-stl\gnu-libstdc++\4.4.3\libs\armeabi\libgnustl_static.a(eh_personality.o)
 .text.__gxx_personality_v0
                0x00008e7c      0x9d4 C:\android-ndk-r8e\sources\cxx-stl\gnu-libstdc++\4.4.3\libs\armeabi\libgnustl_static.a(eh_personality.o)
                0x00008e7c                __gxx_personality_v0
 .text._ZSt13set_terminatePFvvE
                0x00009850       0x2c C:\android-ndk-r8e\sources\cxx-stl\gnu-libstdc++\4.4.3\libs\armeabi\libgnustl_static.a(eh_terminate.o)
                0x00009850                std::set_terminate(void (*)())
 .text._ZSt14set_unexpectedPFvvE
                0x0000987c       0x2c C:\android-ndk-r8e\sources\cxx-stl\gnu-libstdc++\4.4.3\libs\armeabi\libgnustl_static.a(eh_terminate.o)
                0x0000987c                std::set_unexpected(void (*)())
 .text._ZN10__cxxabiv111__terminateEPFvvE
                0x000098a8       0x28 C:\android-ndk-r8e\sources\cxx-stl\gnu-libstdc++\4.4.3\libs\armeabi\libgnustl_static.a(eh_terminate.o)
                0x000098a8                __cxxabiv1::__terminate(void (*)())
 .text._ZSt9terminatev
                0x000098d0       0x1c C:\android-ndk-r8e\sources\cxx-stl\gnu-libstdc++\4.4.3\libs\armeabi\libgnustl_static.a(eh_terminate.o)
                0x000098d0                std::terminate()
 .text._ZN10__cxxabiv112__unexpectedEPFvvE
                0x000098ec       0x10 C:\android-ndk-r8e\sources\cxx-stl\gnu-libstdc++\4.4.3\libs\armeabi\libgnustl_static.a(eh_terminate.o)
                0x000098ec                __cxxabiv1::__unexpected(void (*)())
 .text._ZSt10unexpectedv
                0x000098fc       0x1c C:\android-ndk-r8e\sources\cxx-stl\gnu-libstdc++\4.4.3\libs\armeabi\libgnustl_static.a(eh_terminate.o)
                0x000098fc                std::unexpected()
 .text.__cxa_rethrow
                0x00009918       0xb8 C:\android-ndk-r8e\sources\cxx-stl\gnu-libstdc++\4.4.3\libs\armeabi\libgnustl_static.a(eh_throw.o)
                0x00009918                __cxa_rethrow
 .text.__cxa_throw
                0x000099d0       0xa4 C:\android-ndk-r8e\sources\cxx-stl\gnu-libstdc++\4.4.3\libs\armeabi\libgnustl_static.a(eh_throw.o)
                0x000099d0                __cxa_throw
 .text._ZL23__gxx_exception_cleanup19_Unwind_Reason_CodeP21_Unwind_Control_Block
                0x00009a74       0x44 C:\android-ndk-r8e\sources\cxx-stl\gnu-libstdc++\4.4.3\libs\armeabi\libgnustl_static.a(eh_throw.o)
 .text._ZN10__cxxabiv123__fundamental_type_infoD1Ev
                0x00009ab8       0x34 C:\android-ndk-r8e\sources\cxx-stl\gnu-libstdc++\4.4.3\libs\armeabi\libgnustl_static.a(fundamental_type_info.o)
                0x00009ab8                __cxxabiv1::__fundamental_type_info::~__fundamental_type_info()
 .text._ZN10__cxxabiv123__fundamental_type_infoD0Ev
                0x00009aec       0x1c C:\android-ndk-r8e\sources\cxx-stl\gnu-libstdc++\4.4.3\libs\armeabi\libgnustl_static.a(fundamental_type_info.o)
                0x00009aec                __cxxabiv1::__fundamental_type_info::~__fundamental_type_info()
 .text._ZN10__cxxabiv123__fundamental_type_infoD2Ev
                0x00009b08       0x34 C:\android-ndk-r8e\sources\cxx-stl\gnu-libstdc++\4.4.3\libs\armeabi\libgnustl_static.a(fundamental_type_info.o)
                0x00009b08                __cxxabiv1::__fundamental_type_info::~__fundamental_type_info()
 .text._ZSt15set_new_handlerPFvvE
                0x00009b3c       0x1c C:\android-ndk-r8e\sources\cxx-stl\gnu-libstdc++\4.4.3\libs\armeabi\libgnustl_static.a(new_handler.o)
                0x00009b3c                std::set_new_handler(void (*)())
 .text._ZNKSt9bad_alloc4whatEv
                0x00009b58       0x10 C:\android-ndk-r8e\sources\cxx-stl\gnu-libstdc++\4.4.3\libs\armeabi\libgnustl_static.a(new_handler.o)
                0x00009b58                std::bad_alloc::what() const
 .text._ZNSt9bad_allocD1Ev
                0x00009b68       0x34 C:\android-ndk-r8e\sources\cxx-stl\gnu-libstdc++\4.4.3\libs\armeabi\libgnustl_static.a(new_handler.o)
                0x00009b68                std::bad_alloc::~bad_alloc()
 .text._ZNSt9bad_allocD0Ev
                0x00009b9c       0x1c C:\android-ndk-r8e\sources\cxx-stl\gnu-libstdc++\4.4.3\libs\armeabi\libgnustl_static.a(new_handler.o)
                0x00009b9c                std::bad_alloc::~bad_alloc()
 .text._ZNSt9bad_allocD2Ev
                0x00009bb8       0x34 C:\android-ndk-r8e\sources\cxx-stl\gnu-libstdc++\4.4.3\libs\armeabi\libgnustl_static.a(new_handler.o)
                0x00009bb8                std::bad_alloc::~bad_alloc()
 .text._ZNK10__cxxabiv119__pointer_type_info14__is_pointer_pEv
                0x00009bec        0x8 C:\android-ndk-r8e\sources\cxx-stl\gnu-libstdc++\4.4.3\libs\armeabi\libgnustl_static.a(pointer_type_info.o)
                0x00009bec                __cxxabiv1::__pointer_type_info::__is_pointer_p() const
 .text._ZNK10__cxxabiv119__pointer_type_info15__pointer_catchEPKNS_17__pbase_type_infoEPPvj
                0x00009bf4       0x88 C:\android-ndk-r8e\sources\cxx-stl\gnu-libstdc++\4.4.3\libs\armeabi\libgnustl_static.a(pointer_type_info.o)
                0x00009bf4                __cxxabiv1::__pointer_type_info::__pointer_catch(__cxxabiv1::__pbase_type_info const*, void**, unsigned int) const
 .text._ZN10__cxxabiv119__pointer_type_infoD1Ev
                0x00009c7c       0x34 C:\android-ndk-r8e\sources\cxx-stl\gnu-libstdc++\4.4.3\libs\armeabi\libgnustl_static.a(pointer_type_info.o)
                0x00009c7c                __cxxabiv1::__pointer_type_info::~__pointer_type_info()
 .text._ZN10__cxxabiv119__pointer_type_infoD0Ev
                0x00009cb0       0x1c C:\android-ndk-r8e\sources\cxx-stl\gnu-libstdc++\4.4.3\libs\armeabi\libgnustl_static.a(pointer_type_info.o)
                0x00009cb0                __cxxabiv1::__pointer_type_info::~__pointer_type_info()
 .text._ZN10__cxxabiv119__pointer_type_infoD2Ev
                0x00009ccc       0x34 C:\android-ndk-r8e\sources\cxx-stl\gnu-libstdc++\4.4.3\libs\armeabi\libgnustl_static.a(pointer_type_info.o)
                0x00009ccc                __cxxabiv1::__pointer_type_info::~__pointer_type_info()
 .text.__cxa_pure_virtual
                0x00009d00       0x20 C:\android-ndk-r8e\sources\cxx-stl\gnu-libstdc++\4.4.3\libs\armeabi\libgnustl_static.a(pure.o)
                0x00009d00                __cxa_pure_virtual
 .text._ZNK10__cxxabiv120__si_class_type_info11__do_upcastEPKNS_17__class_type_infoEPKvRNS1_15__upcast_resultE
                0x00009d20       0x48 C:\android-ndk-r8e\sources\cxx-stl\gnu-libstdc++\4.4.3\libs\armeabi\libgnustl_static.a(si_class_type_info.o)
                0x00009d20                __cxxabiv1::__si_class_type_info::__do_upcast(__cxxabiv1::__class_type_info const*, void const*, __cxxabiv1::__class_type_info::__upcast_result&) const
 .text._ZNK10__cxxabiv120__si_class_type_info12__do_dyncastEiNS_17__class_type_info10__sub_kindEPKS1_PKvS4_S6_RNS1_16__dyncast_resultE
                0x00009d68       0xd0 C:\android-ndk-r8e\sources\cxx-stl\gnu-libstdc++\4.4.3\libs\armeabi\libgnustl_static.a(si_class_type_info.o)
                0x00009d68                __cxxabiv1::__si_class_type_info::__do_dyncast(int, __cxxabiv1::__class_type_info::__sub_kind, __cxxabiv1::__class_type_info const*, void const*, __cxxabiv1::__class_type_info const*, void const*, __cxxabiv1::__class_type_info::__dyncast_result&) const
 .text._ZNK10__cxxabiv120__si_class_type_info20__do_find_public_srcEiPKvPKNS_17__class_type_infoES2_
                0x00009e38       0x68 C:\android-ndk-r8e\sources\cxx-stl\gnu-libstdc++\4.4.3\libs\armeabi\libgnustl_static.a(si_class_type_info.o)
                0x00009e38                __cxxabiv1::__si_class_type_info::__do_find_public_src(int, void const*, __cxxabiv1::__class_type_info const*, void const*) const
 .text._ZN10__cxxabiv120__si_class_type_infoD1Ev
                0x00009ea0       0x34 C:\android-ndk-r8e\sources\cxx-stl\gnu-libstdc++\4.4.3\libs\armeabi\libgnustl_static.a(si_class_type_info.o)
                0x00009ea0                __cxxabiv1::__si_class_type_info::~__si_class_type_info()
 .text._ZN10__cxxabiv120__si_class_type_infoD0Ev
                0x00009ed4       0x1c C:\android-ndk-r8e\sources\cxx-stl\gnu-libstdc++\4.4.3\libs\armeabi\libgnustl_static.a(si_class_type_info.o)
                0x00009ed4                __cxxabiv1::__si_class_type_info::~__si_class_type_info()
 .text._ZN10__cxxabiv120__si_class_type_infoD2Ev
                0x00009ef0       0x34 C:\android-ndk-r8e\sources\cxx-stl\gnu-libstdc++\4.4.3\libs\armeabi\libgnustl_static.a(si_class_type_info.o)
                0x00009ef0                __cxxabiv1::__si_class_type_info::~__si_class_type_info()
 .text._ZNSt9type_infoD2Ev
                0x00009f24        0x4 C:\android-ndk-r8e\sources\cxx-stl\gnu-libstdc++\4.4.3\libs\armeabi\libgnustl_static.a(tinfo.o)
                0x00009f24                std::type_info::~type_info()
 .text._ZNKSt9type_info14__is_pointer_pEv
                0x00009f28        0x8 C:\android-ndk-r8e\sources\cxx-stl\gnu-libstdc++\4.4.3\libs\armeabi\libgnustl_static.a(tinfo.o)
                0x00009f28                std::type_info::__is_pointer_p() const
 .text._ZNKSt9type_info15__is_function_pEv
                0x00009f30        0x8 C:\android-ndk-r8e\sources\cxx-stl\gnu-libstdc++\4.4.3\libs\armeabi\libgnustl_static.a(tinfo.o)
                0x00009f30                std::type_info::__is_function_p() const
 .text._ZNKSt9type_info11__do_upcastEPKN10__cxxabiv117__class_type_infoEPPv
                0x00009f38        0x8 C:\android-ndk-r8e\sources\cxx-stl\gnu-libstdc++\4.4.3\libs\armeabi\libgnustl_static.a(tinfo.o)
                0x00009f38                std::type_info::__do_upcast(__cxxabiv1::__class_type_info const*, void**) const
 .text._ZNKSt9type_infoeqERKS_
                0x00009f40       0x54 C:\android-ndk-r8e\sources\cxx-stl\gnu-libstdc++\4.4.3\libs\armeabi\libgnustl_static.a(tinfo.o)
                0x00009f40                std::type_info::operator==(std::type_info const&) const
 .text._ZNKSt9type_info10__do_catchEPKS_PPvj
                0x00009f94        0x4 C:\android-ndk-r8e\sources\cxx-stl\gnu-libstdc++\4.4.3\libs\armeabi\libgnustl_static.a(tinfo.o)
                0x00009f94                std::type_info::__do_catch(std::type_info const*, void**, unsigned int) const
 .text.__aeabi_atexit
                0x00009f98       0x10 C:\android-ndk-r8e\sources\cxx-stl\gnu-libstdc++\4.4.3\libs\armeabi\libgnustl_static.a(atexit_arm.o)
                0x00009f98                __aeabi_atexit
 .text._ZNKSt8bad_cast4whatEv
                0x00009fa8       0x10 C:\android-ndk-r8e\sources\cxx-stl\gnu-libstdc++\4.4.3\libs\armeabi\libgnustl_static.a(bad_cast.o)
                0x00009fa8                std::bad_cast::what() const
 .text._ZNSt8bad_castD1Ev
                0x00009fb8       0x34 C:\android-ndk-r8e\sources\cxx-stl\gnu-libstdc++\4.4.3\libs\armeabi\libgnustl_static.a(bad_cast.o)
                0x00009fb8                std::bad_cast::~bad_cast()
 .text._ZNSt8bad_castD0Ev
                0x00009fec       0x1c C:\android-ndk-r8e\sources\cxx-stl\gnu-libstdc++\4.4.3\libs\armeabi\libgnustl_static.a(bad_cast.o)
                0x00009fec                std::bad_cast::~bad_cast()
 .text._ZNSt8bad_castD2Ev
                0x0000a008       0x34 C:\android-ndk-r8e\sources\cxx-stl\gnu-libstdc++\4.4.3\libs\armeabi\libgnustl_static.a(bad_cast.o)
                0x0000a008                std::bad_cast::~bad_cast()
 .text._ZNKSt10bad_typeid4whatEv
                0x0000a03c       0x10 C:\android-ndk-r8e\sources\cxx-stl\gnu-libstdc++\4.4.3\libs\armeabi\libgnustl_static.a(bad_typeid.o)
                0x0000a03c                std::bad_typeid::what() const
 .text._ZNSt10bad_typeidD1Ev
                0x0000a04c       0x34 C:\android-ndk-r8e\sources\cxx-stl\gnu-libstdc++\4.4.3\libs\armeabi\libgnustl_static.a(bad_typeid.o)
                0x0000a04c                std::bad_typeid::~bad_typeid()
 .text._ZNSt10bad_typeidD0Ev
                0x0000a080       0x1c C:\android-ndk-r8e\sources\cxx-stl\gnu-libstdc++\4.4.3\libs\armeabi\libgnustl_static.a(bad_typeid.o)
                0x0000a080                std::bad_typeid::~bad_typeid()
 .text._ZNSt10bad_typeidD2Ev
                0x0000a09c       0x34 C:\android-ndk-r8e\sources\cxx-stl\gnu-libstdc++\4.4.3\libs\armeabi\libgnustl_static.a(bad_typeid.o)
                0x0000a09c                std::bad_typeid::~bad_typeid()
 .text._ZNK10__cxxabiv117__class_type_info11__do_upcastEPKS0_PPv
                0x0000a0d0       0x5c C:\android-ndk-r8e\sources\cxx-stl\gnu-libstdc++\4.4.3\libs\armeabi\libgnustl_static.a(class_type_info.o)
                0x0000a0d0                __cxxabiv1::__class_type_info::__do_upcast(__cxxabiv1::__class_type_info const*, void**) const
 .text._ZNK10__cxxabiv117__class_type_info20__do_find_public_srcEiPKvPKS0_S2_
                0x0000a12c       0x14 C:\android-ndk-r8e\sources\cxx-stl\gnu-libstdc++\4.4.3\libs\armeabi\libgnustl_static.a(class_type_info.o)
                0x0000a12c                __cxxabiv1::__class_type_info::__do_find_public_src(int, void const*, __cxxabiv1::__class_type_info const*, void const*) const
 .text._ZNK10__cxxabiv117__class_type_info11__do_upcastEPKS0_PKvRNS0_15__upcast_resultE
                0x0000a140       0x34 C:\android-ndk-r8e\sources\cxx-stl\gnu-libstdc++\4.4.3\libs\armeabi\libgnustl_static.a(class_type_info.o)
                0x0000a140                __cxxabiv1::__class_type_info::__do_upcast(__cxxabiv1::__class_type_info const*, void const*, __cxxabiv1::__class_type_info::__upcast_result&) const
 .text._ZNK10__cxxabiv117__class_type_info12__do_dyncastEiNS0_10__sub_kindEPKS0_PKvS3_S5_RNS0_16__dyncast_resultE
                0x0000a174       0x6c C:\android-ndk-r8e\sources\cxx-stl\gnu-libstdc++\4.4.3\libs\armeabi\libgnustl_static.a(class_type_info.o)
                0x0000a174                __cxxabiv1::__class_type_info::__do_dyncast(int, __cxxabiv1::__class_type_info::__sub_kind, __cxxabiv1::__class_type_info const*, void const*, __cxxabiv1::__class_type_info const*, void const*, __cxxabiv1::__class_type_info::__dyncast_result&) const
 .text._ZNK10__cxxabiv117__class_type_info10__do_catchEPKSt9type_infoPPvj
                0x0000a1e0       0x48 C:\android-ndk-r8e\sources\cxx-stl\gnu-libstdc++\4.4.3\libs\armeabi\libgnustl_static.a(class_type_info.o)
                0x0000a1e0                __cxxabiv1::__class_type_info::__do_catch(std::type_info const*, void**, unsigned int) const
 .text._ZN10__cxxabiv117__class_type_infoD1Ev
                0x0000a228       0x34 C:\android-ndk-r8e\sources\cxx-stl\gnu-libstdc++\4.4.3\libs\armeabi\libgnustl_static.a(class_type_info.o)
                0x0000a228                __cxxabiv1::__class_type_info::~__class_type_info()
 .text._ZN10__cxxabiv117__class_type_infoD0Ev
                0x0000a25c       0x1c C:\android-ndk-r8e\sources\cxx-stl\gnu-libstdc++\4.4.3\libs\armeabi\libgnustl_static.a(class_type_info.o)
                0x0000a25c                __cxxabiv1::__class_type_info::~__class_type_info()
 .text._ZN10__cxxabiv117__class_type_infoD2Ev
                0x0000a278       0x34 C:\android-ndk-r8e\sources\cxx-stl\gnu-libstdc++\4.4.3\libs\armeabi\libgnustl_static.a(class_type_info.o)
                0x0000a278                __cxxabiv1::__class_type_info::~__class_type_info()
 .text._ZNK10__cxxabiv117__pbase_type_info15__pointer_catchEPKS0_PPvj
                0x0000a2ac       0x24 C:\android-ndk-r8e\sources\cxx-stl\gnu-libstdc++\4.4.3\libs\armeabi\libgnustl_static.a(pbase_type_info.o)
                0x0000a2ac                __cxxabiv1::__pbase_type_info::__pointer_catch(__cxxabiv1::__pbase_type_info const*, void**, unsigned int) const
 .text._ZNK10__cxxabiv117__pbase_type_info10__do_catchEPKSt9type_infoPPvj
                0x0000a2d0       0x94 C:\android-ndk-r8e\sources\cxx-stl\gnu-libstdc++\4.4.3\libs\armeabi\libgnustl_static.a(pbase_type_info.o)
                0x0000a2d0                __cxxabiv1::__pbase_type_info::__do_catch(std::type_info const*, void**, unsigned int) const
 .text._ZN10__cxxabiv117__pbase_type_infoD1Ev
                0x0000a364       0x34 C:\android-ndk-r8e\sources\cxx-stl\gnu-libstdc++\4.4.3\libs\armeabi\libgnustl_static.a(pbase_type_info.o)
                0x0000a364                __cxxabiv1::__pbase_type_info::~__pbase_type_info()
 .text._ZN10__cxxabiv117__pbase_type_infoD0Ev
                0x0000a398       0x1c C:\android-ndk-r8e\sources\cxx-stl\gnu-libstdc++\4.4.3\libs\armeabi\libgnustl_static.a(pbase_type_info.o)
                0x0000a398                __cxxabiv1::__pbase_type_info::~__pbase_type_info()
 .text._ZN10__cxxabiv117__pbase_type_infoD2Ev
                0x0000a3b4       0x34 C:\android-ndk-r8e\sources\cxx-stl\gnu-libstdc++\4.4.3\libs\armeabi\libgnustl_static.a(pbase_type_info.o)
                0x0000a3b4                __cxxabiv1::__pbase_type_info::~__pbase_type_info()
 .text._ZN9__gnu_cxx27__verbose_terminate_handlerEv
                0x0000a3e8      0x1c4 C:\android-ndk-r8e\sources\cxx-stl\gnu-libstdc++\4.4.3\libs\armeabi\libgnustl_static.a(vterminate.o)
                0x0000a3e8                __gnu_cxx::__verbose_terminate_handler()
 .text          0x0000a5ac     0x4974 C:\android-ndk-r8e\sources\cxx-stl\gnu-libstdc++\4.4.3\libs\armeabi\libgnustl_static.a(cp-demangle.o)
                0x0000e2f8                __cxa_demangle
                0x0000e2c4                __gcclibcxx_demangle_callback
 .text.__cxa_current_exception_type
                0x0000ef20       0x2c C:\android-ndk-r8e\sources\cxx-stl\gnu-libstdc++\4.4.3\libs\armeabi\libgnustl_static.a(eh_type.o)
                0x0000ef20                __cxa_current_exception_type
 .text          0x0000ef4c       0x1c c:/android-ndk-r8e/toolchains/arm-linux-androideabi-4.4.3/prebuilt/windows/bin/../lib/gcc/arm-linux-androideabi/4.4.3\libgcc.a(_aeabi_ldivmod.o)
                0x0000ef4c                __aeabi_ldivmod
 .text          0x0000ef68       0x88 c:/android-ndk-r8e/toolchains/arm-linux-androideabi-4.4.3/prebuilt/windows/bin/../lib/gcc/arm-linux-androideabi/4.4.3\libgcc.a(bpabi.o)
                0x0000ef68                __gnu_uldivmod_helper
                0x0000efac                __gnu_ldivmod_helper
 .text          0x0000eff0      0xec4 c:/android-ndk-r8e/toolchains/arm-linux-androideabi-4.4.3/prebuilt/windows/bin/../lib/gcc/arm-linux-androideabi/4.4.3\libgcc.a(unwind-arm.o)
                0x0000fa18                __gnu_Unwind_RaiseException
                0x0000f570                __aeabi_unwind_cpp_pr0
                0x0000f0a0                _Unwind_GetCFA
                0x0000f03c                _Unwind_VRS_Set
                0x0000f7b4                __gnu_Unwind_Backtrace
                0x0000fb48                _Unwind_VRS_Pop
                0x0000f560                __aeabi_unwind_cpp_pr2
                0x0000f0ac                _Unwind_DeleteException
                0x0000f0a8                _Unwind_Complete
                0x0000fadc                __gnu_Unwind_Resume
                0x0000f9a4                __gnu_Unwind_ForcedUnwind
                0x0000fabc                __gnu_Unwind_Resume_or_Rethrow
                0x0000eff0                _Unwind_VRS_Get
                0x0000f568                __aeabi_unwind_cpp_pr1
 .text          0x0000feb4      0x1a8 c:/android-ndk-r8e/toolchains/arm-linux-androideabi-4.4.3/prebuilt/windows/bin/../lib/gcc/arm-linux-androideabi/4.4.3\libgcc.a(libunwind.o)
                0x00010014                ___Unwind_ForcedUnwind
                0x0000fed0                __gnu_Unwind_Save_VFP
                0x0000fff0                _Unwind_Resume_or_Rethrow
                0x0000fff0                ___Unwind_Resume_or_Rethrow
                0x00010038                _Unwind_Backtrace
                0x0000feb4                __restore_core_regs
                0x0000fef0                __gnu_Unwind_Save_VFP_D_16_to_31
                0x0000fee0                __gnu_Unwind_Save_VFP_D
                0x00010038                ___Unwind_Backtrace
                0x0000ffa8                ___Unwind_RaiseException
                0x0000ffcc                ___Unwind_Resume
                0x0000fef8                __gnu_Unwind_Restore_WMMXD
                0x0000fec8                __gnu_Unwind_Restore_VFP
                0x0000ffcc                _Unwind_Resume
                0x0000fed8                __gnu_Unwind_Restore_VFP_D
                0x0000fee8                __gnu_Unwind_Restore_VFP_D_16_to_31
                0x0000ffa8                _Unwind_RaiseException
                0x0000feb4                restore_core_regs
                0x0000ff94                __gnu_Unwind_Save_WMMXC
                0x0000ff80                __gnu_Unwind_Restore_WMMXC
                0x00010014                _Unwind_ForcedUnwind
                0x0000ff3c                __gnu_Unwind_Save_WMMXD
 .text          0x0001005c      0x484 c:/android-ndk-r8e/toolchains/arm-linux-androideabi-4.4.3/prebuilt/windows/bin/../lib/gcc/arm-linux-androideabi/4.4.3\libgcc.a(pr-support.o)
                0x000100fc                _Unwind_GetRegionStart
                0x00010128                __gnu_unwind_execute
                0x000100b4                _Unwind_GetTextRelBase
                0x000100c4                _Unwind_GetLanguageSpecificData
                0x000104a0                __gnu_unwind_frame
                0x000100bc                _Unwind_GetDataRelBase
 .text          0x000104e0      0x47c c:/android-ndk-r8e/toolchains/arm-linux-androideabi-4.4.3/prebuilt/windows/bin/../lib/gcc/arm-linux-androideabi/4.4.3\libgcc.a(_divdi3.o)
                0x000104e0                __divdi3
 .text          0x0001095c      0x40c c:/android-ndk-r8e/toolchains/arm-linux-androideabi-4.4.3/prebuilt/windows/bin/../lib/gcc/arm-linux-androideabi/4.4.3\libgcc.a(_udivdi3.o)
                0x0001095c                __udivdi3
 .text          0x00010d68       0xc4 c:/android-ndk-r8e/toolchains/arm-linux-androideabi-4.4.3/prebuilt/windows/bin/../lib/gcc/arm-linux-androideabi/4.4.3\libgcc.a(_udivsi3.o)
                0x00010d68                __udivsi3
                0x00010d68                __aeabi_uidiv
                0x00010e14                __aeabi_uidivmod
 .text          0x00010e2c       0x10 c:/android-ndk-r8e/toolchains/arm-linux-androideabi-4.4.3/prebuilt/windows/bin/../lib/gcc/arm-linux-androideabi/4.4.3\libgcc.a(_dvmd_lnx.o)
                0x00010e2c                __div0
 *(.gnu.warning)
 *(.glue_7t)
 .glue_7t       0x00000000        0x0 linker stubs
 *(.glue_7)
 .glue_7        0x00000000        0x0 linker stubs
 *(.vfp11_veneer)
 .vfp11_veneer  0x00000000        0x0 linker stubs
 *(.v4_bx)
 .v4_bx         0x00000000        0x0 linker stubs

.fini
 *(.fini)
                0x00010e3c                PROVIDE (__etext, .)
                0x00010e3c                PROVIDE (_etext, .)
                0x00010e3c                PROVIDE (etext, .)

.rodata         0x00010e3c     0x1490
 *(.rodata .rodata.* .gnu.linkonce.r.*)
 .rodata        0x00010e3c      0x6b0 debug\s3eAndroidGooglePlayBilling_platform.os
 .rodata        0x000114ec      0x238 debug\s3eAndroidGooglePlayBilling_register.os
 .rodata.str1.4
                0x00011724      0x118 C:\marmalade\6.3.1\s3e\edk\lib\android\libedk.a(IwDebug.o)
                                0x120 (size before relaxing)
 .rodata._ZTSN9__gnu_cxx24__concurrence_lock_errorE
                0x0001183c       0x28 C:\android-ndk-r8e\sources\cxx-stl\gnu-libstdc++\4.4.3\libs\armeabi\libgnustl_static.a(eh_alloc.o)
                0x0001183c                typeinfo name for __gnu_cxx::__concurrence_lock_error
 .rodata._ZTSN9__gnu_cxx26__concurrence_unlock_errorE
                0x00011864       0x2c C:\android-ndk-r8e\sources\cxx-stl\gnu-libstdc++\4.4.3\libs\armeabi\libgnustl_static.a(eh_alloc.o)
                0x00011864                typeinfo name for __gnu_cxx::__concurrence_unlock_error
 .rodata.str1.4
                0x00011890       0x4a C:\android-ndk-r8e\sources\cxx-stl\gnu-libstdc++\4.4.3\libs\armeabi\libgnustl_static.a(eh_alloc.o)
                                 0x4c (size before relaxing)
 *fill*         0x000118da        0x2 00
 .rodata._ZTSN10__cxxabiv115__forced_unwindE
                0x000118dc       0x20 C:\android-ndk-r8e\sources\cxx-stl\gnu-libstdc++\4.4.3\libs\armeabi\libgnustl_static.a(eh_exception.o)
                0x000118dc                typeinfo name for __cxxabiv1::__forced_unwind
 .rodata._ZTSN10__cxxabiv119__foreign_exceptionE
                0x000118fc       0x24 C:\android-ndk-r8e\sources\cxx-stl\gnu-libstdc++\4.4.3\libs\armeabi\libgnustl_static.a(eh_exception.o)
                0x000118fc                typeinfo name for __cxxabiv1::__foreign_exception
 .rodata.str1.4
                0x00011920       0x23 C:\android-ndk-r8e\sources\cxx-stl\gnu-libstdc++\4.4.3\libs\armeabi\libgnustl_static.a(eh_exception.o)
                                 0x24 (size before relaxing)
 *fill*         0x00011943        0x1 00
 .rodata._ZTSSt9exception
                0x00011944       0x10 C:\android-ndk-r8e\sources\cxx-stl\gnu-libstdc++\4.4.3\libs\armeabi\libgnustl_static.a(eh_exception.o)
                0x00011944                typeinfo name for std::exception
 .rodata._ZTSSt13bad_exception
                0x00011954       0x14 C:\android-ndk-r8e\sources\cxx-stl\gnu-libstdc++\4.4.3\libs\armeabi\libgnustl_static.a(eh_exception.o)
                0x00011954                typeinfo name for std::bad_exception
 .rodata._ZTSPKe
                0x00011968        0x4 C:\android-ndk-r8e\sources\cxx-stl\gnu-libstdc++\4.4.3\libs\armeabi\libgnustl_static.a(fundamental_type_info.o)
                0x00011968                typeinfo name for long double const*
 .rodata._ZTSPe
                0x0001196c        0x4 C:\android-ndk-r8e\sources\cxx-stl\gnu-libstdc++\4.4.3\libs\armeabi\libgnustl_static.a(fundamental_type_info.o)
                0x0001196c                typeinfo name for long double*
 .rodata._ZTSe  0x00011970        0x4 C:\android-ndk-r8e\sources\cxx-stl\gnu-libstdc++\4.4.3\libs\armeabi\libgnustl_static.a(fundamental_type_info.o)
                0x00011970                typeinfo name for long double
 .rodata._ZTSPKd
                0x00011974        0x4 C:\android-ndk-r8e\sources\cxx-stl\gnu-libstdc++\4.4.3\libs\armeabi\libgnustl_static.a(fundamental_type_info.o)
                0x00011974                typeinfo name for double const*
 .rodata._ZTSPd
                0x00011978        0x4 C:\android-ndk-r8e\sources\cxx-stl\gnu-libstdc++\4.4.3\libs\armeabi\libgnustl_static.a(fundamental_type_info.o)
                0x00011978                typeinfo name for double*
 .rodata._ZTSd  0x0001197c        0x4 C:\android-ndk-r8e\sources\cxx-stl\gnu-libstdc++\4.4.3\libs\armeabi\libgnustl_static.a(fundamental_type_info.o)
                0x0001197c                typeinfo name for double
 .rodata._ZTSPKf
                0x00011980        0x4 C:\android-ndk-r8e\sources\cxx-stl\gnu-libstdc++\4.4.3\libs\armeabi\libgnustl_static.a(fundamental_type_info.o)
                0x00011980                typeinfo name for float const*
 .rodata._ZTSPf
                0x00011984        0x4 C:\android-ndk-r8e\sources\cxx-stl\gnu-libstdc++\4.4.3\libs\armeabi\libgnustl_static.a(fundamental_type_info.o)
                0x00011984                typeinfo name for float*
 .rodata._ZTSf  0x00011988        0x4 C:\android-ndk-r8e\sources\cxx-stl\gnu-libstdc++\4.4.3\libs\armeabi\libgnustl_static.a(fundamental_type_info.o)
                0x00011988                typeinfo name for float
 .rodata._ZTSPKy
                0x0001198c        0x4 C:\android-ndk-r8e\sources\cxx-stl\gnu-libstdc++\4.4.3\libs\armeabi\libgnustl_static.a(fundamental_type_info.o)
                0x0001198c                typeinfo name for unsigned long long const*
 .rodata._ZTSPy
                0x00011990        0x4 C:\android-ndk-r8e\sources\cxx-stl\gnu-libstdc++\4.4.3\libs\armeabi\libgnustl_static.a(fundamental_type_info.o)
                0x00011990                typeinfo name for unsigned long long*
 .rodata._ZTSy  0x00011994        0x4 C:\android-ndk-r8e\sources\cxx-stl\gnu-libstdc++\4.4.3\libs\armeabi\libgnustl_static.a(fundamental_type_info.o)
                0x00011994                typeinfo name for unsigned long long
 .rodata._ZTSPKx
                0x00011998        0x4 C:\android-ndk-r8e\sources\cxx-stl\gnu-libstdc++\4.4.3\libs\armeabi\libgnustl_static.a(fundamental_type_info.o)
                0x00011998                typeinfo name for long long const*
 .rodata._ZTSPx
                0x0001199c        0x4 C:\android-ndk-r8e\sources\cxx-stl\gnu-libstdc++\4.4.3\libs\armeabi\libgnustl_static.a(fundamental_type_info.o)
                0x0001199c                typeinfo name for long long*
 .rodata._ZTSx  0x000119a0        0x4 C:\android-ndk-r8e\sources\cxx-stl\gnu-libstdc++\4.4.3\libs\armeabi\libgnustl_static.a(fundamental_type_info.o)
                0x000119a0                typeinfo name for long long
 .rodata._ZTSPKm
                0x000119a4        0x4 C:\android-ndk-r8e\sources\cxx-stl\gnu-libstdc++\4.4.3\libs\armeabi\libgnustl_static.a(fundamental_type_info.o)
                0x000119a4                typeinfo name for unsigned long const*
 .rodata._ZTSPm
                0x000119a8        0x4 C:\android-ndk-r8e\sources\cxx-stl\gnu-libstdc++\4.4.3\libs\armeabi\libgnustl_static.a(fundamental_type_info.o)
                0x000119a8                typeinfo name for unsigned long*
 .rodata._ZTSm  0x000119ac        0x4 C:\android-ndk-r8e\sources\cxx-stl\gnu-libstdc++\4.4.3\libs\armeabi\libgnustl_static.a(fundamental_type_info.o)
                0x000119ac                typeinfo name for unsigned long
 .rodata._ZTSPKl
                0x000119b0        0x4 C:\android-ndk-r8e\sources\cxx-stl\gnu-libstdc++\4.4.3\libs\armeabi\libgnustl_static.a(fundamental_type_info.o)
                0x000119b0                typeinfo name for long const*
 .rodata._ZTSPl
                0x000119b4        0x4 C:\android-ndk-r8e\sources\cxx-stl\gnu-libstdc++\4.4.3\libs\armeabi\libgnustl_static.a(fundamental_type_info.o)
                0x000119b4                typeinfo name for long*
 .rodata._ZTSl  0x000119b8        0x4 C:\android-ndk-r8e\sources\cxx-stl\gnu-libstdc++\4.4.3\libs\armeabi\libgnustl_static.a(fundamental_type_info.o)
                0x000119b8                typeinfo name for long
 .rodata._ZTSPKj
                0x000119bc        0x4 C:\android-ndk-r8e\sources\cxx-stl\gnu-libstdc++\4.4.3\libs\armeabi\libgnustl_static.a(fundamental_type_info.o)
                0x000119bc                typeinfo name for unsigned int const*
 .rodata._ZTSPj
                0x000119c0        0x4 C:\android-ndk-r8e\sources\cxx-stl\gnu-libstdc++\4.4.3\libs\armeabi\libgnustl_static.a(fundamental_type_info.o)
                0x000119c0                typeinfo name for unsigned int*
 .rodata._ZTSj  0x000119c4        0x4 C:\android-ndk-r8e\sources\cxx-stl\gnu-libstdc++\4.4.3\libs\armeabi\libgnustl_static.a(fundamental_type_info.o)
                0x000119c4                typeinfo name for unsigned int
 .rodata._ZTSPKi
                0x000119c8        0x4 C:\android-ndk-r8e\sources\cxx-stl\gnu-libstdc++\4.4.3\libs\armeabi\libgnustl_static.a(fundamental_type_info.o)
                0x000119c8                typeinfo name for int const*
 .rodata._ZTSPi
                0x000119cc        0x4 C:\android-ndk-r8e\sources\cxx-stl\gnu-libstdc++\4.4.3\libs\armeabi\libgnustl_static.a(fundamental_type_info.o)
                0x000119cc                typeinfo name for int*
 .rodata._ZTSi  0x000119d0        0x4 C:\android-ndk-r8e\sources\cxx-stl\gnu-libstdc++\4.4.3\libs\armeabi\libgnustl_static.a(fundamental_type_info.o)
                0x000119d0                typeinfo name for int
 .rodata._ZTSPKt
                0x000119d4        0x4 C:\android-ndk-r8e\sources\cxx-stl\gnu-libstdc++\4.4.3\libs\armeabi\libgnustl_static.a(fundamental_type_info.o)
                0x000119d4                typeinfo name for unsigned short const*
 .rodata._ZTSPt
                0x000119d8        0x4 C:\android-ndk-r8e\sources\cxx-stl\gnu-libstdc++\4.4.3\libs\armeabi\libgnustl_static.a(fundamental_type_info.o)
                0x000119d8                typeinfo name for unsigned short*
 .rodata._ZTSt  0x000119dc        0x4 C:\android-ndk-r8e\sources\cxx-stl\gnu-libstdc++\4.4.3\libs\armeabi\libgnustl_static.a(fundamental_type_info.o)
                0x000119dc                typeinfo name for unsigned short
 .rodata._ZTSPKs
                0x000119e0        0x4 C:\android-ndk-r8e\sources\cxx-stl\gnu-libstdc++\4.4.3\libs\armeabi\libgnustl_static.a(fundamental_type_info.o)
                0x000119e0                typeinfo name for short const*
 .rodata._ZTSPs
                0x000119e4        0x4 C:\android-ndk-r8e\sources\cxx-stl\gnu-libstdc++\4.4.3\libs\armeabi\libgnustl_static.a(fundamental_type_info.o)
                0x000119e4                typeinfo name for short*
 .rodata._ZTSs  0x000119e8        0x4 C:\android-ndk-r8e\sources\cxx-stl\gnu-libstdc++\4.4.3\libs\armeabi\libgnustl_static.a(fundamental_type_info.o)
                0x000119e8                typeinfo name for short
 .rodata._ZTSPKh
                0x000119ec        0x4 C:\android-ndk-r8e\sources\cxx-stl\gnu-libstdc++\4.4.3\libs\armeabi\libgnustl_static.a(fundamental_type_info.o)
                0x000119ec                typeinfo name for unsigned char const*
 .rodata._ZTSPh
                0x000119f0        0x4 C:\android-ndk-r8e\sources\cxx-stl\gnu-libstdc++\4.4.3\libs\armeabi\libgnustl_static.a(fundamental_type_info.o)
                0x000119f0                typeinfo name for unsigned char*
 .rodata._ZTSh  0x000119f4        0x4 C:\android-ndk-r8e\sources\cxx-stl\gnu-libstdc++\4.4.3\libs\armeabi\libgnustl_static.a(fundamental_type_info.o)
                0x000119f4                typeinfo name for unsigned char
 .rodata._ZTSPKa
                0x000119f8        0x4 C:\android-ndk-r8e\sources\cxx-stl\gnu-libstdc++\4.4.3\libs\armeabi\libgnustl_static.a(fundamental_type_info.o)
                0x000119f8                typeinfo name for signed char const*
 .rodata._ZTSPa
                0x000119fc        0x4 C:\android-ndk-r8e\sources\cxx-stl\gnu-libstdc++\4.4.3\libs\armeabi\libgnustl_static.a(fundamental_type_info.o)
                0x000119fc                typeinfo name for signed char*
 .rodata._ZTSa  0x00011a00        0x4 C:\android-ndk-r8e\sources\cxx-stl\gnu-libstdc++\4.4.3\libs\armeabi\libgnustl_static.a(fundamental_type_info.o)
                0x00011a00                typeinfo name for signed char
 .rodata._ZTSPKc
                0x00011a04        0x4 C:\android-ndk-r8e\sources\cxx-stl\gnu-libstdc++\4.4.3\libs\armeabi\libgnustl_static.a(fundamental_type_info.o)
                0x00011a04                typeinfo name for char const*
 .rodata._ZTSPc
                0x00011a08        0x4 C:\android-ndk-r8e\sources\cxx-stl\gnu-libstdc++\4.4.3\libs\armeabi\libgnustl_static.a(fundamental_type_info.o)
                0x00011a08                typeinfo name for char*
 .rodata._ZTSc  0x00011a0c        0x4 C:\android-ndk-r8e\sources\cxx-stl\gnu-libstdc++\4.4.3\libs\armeabi\libgnustl_static.a(fundamental_type_info.o)
                0x00011a0c                typeinfo name for char
 .rodata._ZTSPKDi
                0x00011a10        0x8 C:\android-ndk-r8e\sources\cxx-stl\gnu-libstdc++\4.4.3\libs\armeabi\libgnustl_static.a(fundamental_type_info.o)
                0x00011a10                _ZTSPKDi
 .rodata._ZTSPDi
                0x00011a18        0x4 C:\android-ndk-r8e\sources\cxx-stl\gnu-libstdc++\4.4.3\libs\armeabi\libgnustl_static.a(fundamental_type_info.o)
                0x00011a18                _ZTSPDi
 .rodata._ZTSDi
                0x00011a1c        0x4 C:\android-ndk-r8e\sources\cxx-stl\gnu-libstdc++\4.4.3\libs\armeabi\libgnustl_static.a(fundamental_type_info.o)
                0x00011a1c                _ZTSDi
 .rodata._ZTSPKDs
                0x00011a20        0x8 C:\android-ndk-r8e\sources\cxx-stl\gnu-libstdc++\4.4.3\libs\armeabi\libgnustl_static.a(fundamental_type_info.o)
                0x00011a20                _ZTSPKDs
 .rodata._ZTSPDs
                0x00011a28        0x4 C:\android-ndk-r8e\sources\cxx-stl\gnu-libstdc++\4.4.3\libs\armeabi\libgnustl_static.a(fundamental_type_info.o)
                0x00011a28                _ZTSPDs
 .rodata._ZTSDs
                0x00011a2c        0x4 C:\android-ndk-r8e\sources\cxx-stl\gnu-libstdc++\4.4.3\libs\armeabi\libgnustl_static.a(fundamental_type_info.o)
                0x00011a2c                _ZTSDs
 .rodata._ZTSPKw
                0x00011a30        0x4 C:\android-ndk-r8e\sources\cxx-stl\gnu-libstdc++\4.4.3\libs\armeabi\libgnustl_static.a(fundamental_type_info.o)
                0x00011a30                typeinfo name for wchar_t const*
 .rodata._ZTSPw
                0x00011a34        0x4 C:\android-ndk-r8e\sources\cxx-stl\gnu-libstdc++\4.4.3\libs\armeabi\libgnustl_static.a(fundamental_type_info.o)
                0x00011a34                typeinfo name for wchar_t*
 .rodata._ZTSw  0x00011a38        0x4 C:\android-ndk-r8e\sources\cxx-stl\gnu-libstdc++\4.4.3\libs\armeabi\libgnustl_static.a(fundamental_type_info.o)
                0x00011a38                typeinfo name for wchar_t
 .rodata._ZTSPKb
                0x00011a3c        0x4 C:\android-ndk-r8e\sources\cxx-stl\gnu-libstdc++\4.4.3\libs\armeabi\libgnustl_static.a(fundamental_type_info.o)
                0x00011a3c                typeinfo name for bool const*
 .rodata._ZTSPb
                0x00011a40        0x4 C:\android-ndk-r8e\sources\cxx-stl\gnu-libstdc++\4.4.3\libs\armeabi\libgnustl_static.a(fundamental_type_info.o)
                0x00011a40                typeinfo name for bool*
 .rodata._ZTSb  0x00011a44        0x4 C:\android-ndk-r8e\sources\cxx-stl\gnu-libstdc++\4.4.3\libs\armeabi\libgnustl_static.a(fundamental_type_info.o)
                0x00011a44                typeinfo name for bool
 .rodata._ZTSPKv
                0x00011a48        0x4 C:\android-ndk-r8e\sources\cxx-stl\gnu-libstdc++\4.4.3\libs\armeabi\libgnustl_static.a(fundamental_type_info.o)
                0x00011a48                typeinfo name for void const*
 .rodata._ZTSPv
                0x00011a4c        0x4 C:\android-ndk-r8e\sources\cxx-stl\gnu-libstdc++\4.4.3\libs\armeabi\libgnustl_static.a(fundamental_type_info.o)
                0x00011a4c                typeinfo name for void*
 .rodata._ZTSv  0x00011a50        0x4 C:\android-ndk-r8e\sources\cxx-stl\gnu-libstdc++\4.4.3\libs\armeabi\libgnustl_static.a(fundamental_type_info.o)
                0x00011a50                typeinfo name for void
 .rodata._ZTSN10__cxxabiv123__fundamental_type_infoE
                0x00011a54       0x28 C:\android-ndk-r8e\sources\cxx-stl\gnu-libstdc++\4.4.3\libs\armeabi\libgnustl_static.a(fundamental_type_info.o)
                0x00011a54                typeinfo name for __cxxabiv1::__fundamental_type_info
 .rodata._ZTSSt9bad_alloc
                0x00011a7c       0x10 C:\android-ndk-r8e\sources\cxx-stl\gnu-libstdc++\4.4.3\libs\armeabi\libgnustl_static.a(new_handler.o)
                0x00011a7c                typeinfo name for std::bad_alloc
 .rodata.str1.4
                0x00011a8c        0xf C:\android-ndk-r8e\sources\cxx-stl\gnu-libstdc++\4.4.3\libs\armeabi\libgnustl_static.a(new_handler.o)
                                 0x10 (size before relaxing)
 *fill*         0x00011a9b        0x1 00
 .rodata._ZSt7nothrow
                0x00011a9c        0x4 C:\android-ndk-r8e\sources\cxx-stl\gnu-libstdc++\4.4.3\libs\armeabi\libgnustl_static.a(new_handler.o)
                0x00011a9c                std::nothrow
 .rodata._ZTSN10__cxxabiv119__pointer_type_infoE
                0x00011aa0       0x24 C:\android-ndk-r8e\sources\cxx-stl\gnu-libstdc++\4.4.3\libs\armeabi\libgnustl_static.a(pointer_type_info.o)
                0x00011aa0                typeinfo name for __cxxabiv1::__pointer_type_info
 .rodata.str1.4
                0x00011ac4       0x1c C:\android-ndk-r8e\sources\cxx-stl\gnu-libstdc++\4.4.3\libs\armeabi\libgnustl_static.a(pure.o)
 .rodata._ZTSN10__cxxabiv120__si_class_type_infoE
                0x00011ae0       0x28 C:\android-ndk-r8e\sources\cxx-stl\gnu-libstdc++\4.4.3\libs\armeabi\libgnustl_static.a(si_class_type_info.o)
                0x00011ae0                typeinfo name for __cxxabiv1::__si_class_type_info
 .rodata._ZTSSt9type_info
                0x00011b08       0x10 C:\android-ndk-r8e\sources\cxx-stl\gnu-libstdc++\4.4.3\libs\armeabi\libgnustl_static.a(tinfo.o)
                0x00011b08                typeinfo name for std::type_info
 .rodata._ZTSSt8bad_cast
                0x00011b18        0xc C:\android-ndk-r8e\sources\cxx-stl\gnu-libstdc++\4.4.3\libs\armeabi\libgnustl_static.a(bad_cast.o)
                0x00011b18                typeinfo name for std::bad_cast
 .rodata.str1.4
                0x00011b24        0xe C:\android-ndk-r8e\sources\cxx-stl\gnu-libstdc++\4.4.3\libs\armeabi\libgnustl_static.a(bad_cast.o)
                                 0x10 (size before relaxing)
 *fill*         0x00011b32        0x2 00
 .rodata.str1.4
                0x00011b34       0x10 C:\android-ndk-r8e\sources\cxx-stl\gnu-libstdc++\4.4.3\libs\armeabi\libgnustl_static.a(bad_typeid.o)
 .rodata._ZTSSt10bad_typeid
                0x00011b44       0x10 C:\android-ndk-r8e\sources\cxx-stl\gnu-libstdc++\4.4.3\libs\armeabi\libgnustl_static.a(bad_typeid.o)
                0x00011b44                typeinfo name for std::bad_typeid
 .rodata._ZTSN10__cxxabiv117__class_type_infoE
                0x00011b54       0x24 C:\android-ndk-r8e\sources\cxx-stl\gnu-libstdc++\4.4.3\libs\armeabi\libgnustl_static.a(class_type_info.o)
                0x00011b54                typeinfo name for __cxxabiv1::__class_type_info
 .rodata._ZTSN10__cxxabiv117__pbase_type_infoE
                0x00011b78       0x24 C:\android-ndk-r8e\sources\cxx-stl\gnu-libstdc++\4.4.3\libs\armeabi\libgnustl_static.a(pbase_type_info.o)
                0x00011b78                typeinfo name for __cxxabiv1::__pbase_type_info
 .rodata.str1.4
                0x00011b9c       0x92 C:\android-ndk-r8e\sources\cxx-stl\gnu-libstdc++\4.4.3\libs\armeabi\libgnustl_static.a(vterminate.o)
                                 0x94 (size before relaxing)
 *fill*         0x00011c2e        0x2 00
 .rodata.str1.4
                0x00011c30      0x69c C:\android-ndk-r8e\sources\cxx-stl\gnu-libstdc++\4.4.3\libs\armeabi\libgnustl_static.a(cp-demangle.o)
                                0x6d0 (size before relaxing)

.rodata1
 *(.rodata1)

.ARM.extab      0x000122cc      0x2d0
 *(.ARM.extab* .gnu.linkonce.armextab.*)
 .ARM.extab.text._Znwj
                0x000122cc       0x24 C:\android-ndk-r8e\sources\cxx-stl\gnu-libstdc++\4.4.3\libs\armeabi\libgnustl_static.a(new_op.o)
 .ARM.extab.text._Znaj
                0x000122f0       0x20 C:\android-ndk-r8e\sources\cxx-stl\gnu-libstdc++\4.4.3\libs\armeabi\libgnustl_static.a(new_opv.o)
 .ARM.extab.text._ZNK9__gnu_cxx24__concurrence_lock_error4whatEv
                0x00012310        0x0 C:\android-ndk-r8e\sources\cxx-stl\gnu-libstdc++\4.4.3\libs\armeabi\libgnustl_static.a(eh_alloc.o)
 .ARM.extab.text._ZNK9__gnu_cxx26__concurrence_unlock_error4whatEv
                0x00012310        0x0 C:\android-ndk-r8e\sources\cxx-stl\gnu-libstdc++\4.4.3\libs\armeabi\libgnustl_static.a(eh_alloc.o)
 .ARM.extab.text._ZN9__gnu_cxx24__concurrence_lock_errorD1Ev
                0x00012310        0x0 C:\android-ndk-r8e\sources\cxx-stl\gnu-libstdc++\4.4.3\libs\armeabi\libgnustl_static.a(eh_alloc.o)
 .ARM.extab.text._ZN9__gnu_cxx26__concurrence_unlock_errorD1Ev
                0x00012310        0x0 C:\android-ndk-r8e\sources\cxx-stl\gnu-libstdc++\4.4.3\libs\armeabi\libgnustl_static.a(eh_alloc.o)
 .ARM.extab.text._ZN9__gnu_cxx13__scoped_lockD1Ev
                0x00012310       0x1c C:\android-ndk-r8e\sources\cxx-stl\gnu-libstdc++\4.4.3\libs\armeabi\libgnustl_static.a(eh_alloc.o)
 .ARM.extab.text._ZN9__gnu_cxx26__concurrence_unlock_errorD0Ev
                0x0001232c        0x0 C:\android-ndk-r8e\sources\cxx-stl\gnu-libstdc++\4.4.3\libs\armeabi\libgnustl_static.a(eh_alloc.o)
 .ARM.extab.text._ZN9__gnu_cxx24__concurrence_lock_errorD0Ev
                0x0001232c        0x0 C:\android-ndk-r8e\sources\cxx-stl\gnu-libstdc++\4.4.3\libs\armeabi\libgnustl_static.a(eh_alloc.o)
 .ARM.extab.text.__cxa_free_dependent_exception
                0x0001232c       0x38 C:\android-ndk-r8e\sources\cxx-stl\gnu-libstdc++\4.4.3\libs\armeabi\libgnustl_static.a(eh_alloc.o)
 .ARM.extab.text.__cxa_free_exception
                0x00012364       0x38 C:\android-ndk-r8e\sources\cxx-stl\gnu-libstdc++\4.4.3\libs\armeabi\libgnustl_static.a(eh_alloc.o)
 .ARM.extab.text.__cxa_allocate_dependent_exception
                0x0001239c       0x34 C:\android-ndk-r8e\sources\cxx-stl\gnu-libstdc++\4.4.3\libs\armeabi\libgnustl_static.a(eh_alloc.o)
 .ARM.extab.text.__cxa_allocate_exception
                0x000123d0       0x40 C:\android-ndk-r8e\sources\cxx-stl\gnu-libstdc++\4.4.3\libs\armeabi\libgnustl_static.a(eh_alloc.o)
 .ARM.extab.text.__cxa_call_unexpected
                0x00012410       0x2c C:\android-ndk-r8e\sources\cxx-stl\gnu-libstdc++\4.4.3\libs\armeabi\libgnustl_static.a(eh_call.o)
 .ARM.extab.text.__cxa_begin_catch
                0x0001243c       0x20 C:\android-ndk-r8e\sources\cxx-stl\gnu-libstdc++\4.4.3\libs\armeabi\libgnustl_static.a(eh_catch.o)
 .ARM.extab.text._ZN17__eh_globals_initD1Ev
                0x0001245c        0x0 C:\android-ndk-r8e\sources\cxx-stl\gnu-libstdc++\4.4.3\libs\armeabi\libgnustl_static.a(eh_globals.o)
 .ARM.extab.text.__cxa_get_globals_fast
                0x0001245c       0x1c C:\android-ndk-r8e\sources\cxx-stl\gnu-libstdc++\4.4.3\libs\armeabi\libgnustl_static.a(eh_globals.o)
 .ARM.extab.text.__cxa_get_globals
                0x00012478       0x1c C:\android-ndk-r8e\sources\cxx-stl\gnu-libstdc++\4.4.3\libs\armeabi\libgnustl_static.a(eh_globals.o)
 .ARM.extab.text.__gxx_personality_v0
                0x00012494       0x30 C:\android-ndk-r8e\sources\cxx-stl\gnu-libstdc++\4.4.3\libs\armeabi\libgnustl_static.a(eh_personality.o)
 .ARM.extab.text._ZN10__cxxabiv111__terminateEPFvvE
                0x000124c4       0x24 C:\android-ndk-r8e\sources\cxx-stl\gnu-libstdc++\4.4.3\libs\armeabi\libgnustl_static.a(eh_terminate.o)
 .ARM.extab.text._ZSt9terminatev
                0x000124e8        0xc C:\android-ndk-r8e\sources\cxx-stl\gnu-libstdc++\4.4.3\libs\armeabi\libgnustl_static.a(eh_terminate.o)
 .ARM.extab.text._ZN10__cxxabiv112__unexpectedEPFvvE
                0x000124f4        0xc C:\android-ndk-r8e\sources\cxx-stl\gnu-libstdc++\4.4.3\libs\armeabi\libgnustl_static.a(eh_terminate.o)
 .ARM.extab.text._ZSt10unexpectedv
                0x00012500        0xc C:\android-ndk-r8e\sources\cxx-stl\gnu-libstdc++\4.4.3\libs\armeabi\libgnustl_static.a(eh_terminate.o)
 .ARM.extab.text.__cxa_rethrow
                0x0001250c        0xc C:\android-ndk-r8e\sources\cxx-stl\gnu-libstdc++\4.4.3\libs\armeabi\libgnustl_static.a(eh_throw.o)
 .ARM.extab.text.__cxa_throw
                0x00012518        0xc C:\android-ndk-r8e\sources\cxx-stl\gnu-libstdc++\4.4.3\libs\armeabi\libgnustl_static.a(eh_throw.o)
 .ARM.extab.text._ZL23__gxx_exception_cleanup19_Unwind_Reason_CodeP21_Unwind_Control_Block
                0x00012524        0xc C:\android-ndk-r8e\sources\cxx-stl\gnu-libstdc++\4.4.3\libs\armeabi\libgnustl_static.a(eh_throw.o)
 .ARM.extab.text._ZNK10__cxxabiv117__pbase_type_info15__pointer_catchEPKS0_PPvj
                0x00012530        0x0 C:\android-ndk-r8e\sources\cxx-stl\gnu-libstdc++\4.4.3\libs\armeabi\libgnustl_static.a(pbase_type_info.o)
 .ARM.extab.text._ZN9__gnu_cxx27__verbose_terminate_handlerEv
                0x00012530       0x3c C:\android-ndk-r8e\sources\cxx-stl\gnu-libstdc++\4.4.3\libs\armeabi\libgnustl_static.a(vterminate.o)
 .ARM.extab     0x0001256c        0xc C:\android-ndk-r8e\sources\cxx-stl\gnu-libstdc++\4.4.3\libs\armeabi\libgnustl_static.a(cp-demangle.o)
 .ARM.extab     0x00012578       0x24 c:/android-ndk-r8e/toolchains/arm-linux-androideabi-4.4.3/prebuilt/windows/bin/../lib/gcc/arm-linux-androideabi/4.4.3\libgcc.a(unwind-arm.o)
                0x0001259c                __exidx_start = .

.ARM.exidx      0x0001259c      0x598
 *(.ARM.exidx* .gnu.linkonce.armexidx.*)
 .ARM.exidx.text._ZdlPv
                0x0001259c        0x8 C:\android-ndk-r8e\sources\cxx-stl\gnu-libstdc++\4.4.3\libs\armeabi\libgnustl_static.a(del_op.o)
 .ARM.exidx.text._ZdaPv
                0x000125a4        0x8 C:\android-ndk-r8e\sources\cxx-stl\gnu-libstdc++\4.4.3\libs\armeabi\libgnustl_static.a(del_opv.o)
 .ARM.exidx.text._Znwj
                0x000125ac        0x8 C:\android-ndk-r8e\sources\cxx-stl\gnu-libstdc++\4.4.3\libs\armeabi\libgnustl_static.a(new_op.o)
 .ARM.exidx.text._Znaj
                0x000125b4        0x8 C:\android-ndk-r8e\sources\cxx-stl\gnu-libstdc++\4.4.3\libs\armeabi\libgnustl_static.a(new_opv.o)